D/2GIS    ( 1606): <D> 2016.05.17 10:40:13 {1658} src/qt-dgisplatformextensions/qtandroidextensions/QtOffscreenViews/QApplicationActivityObserver.cpp:63(QApplicationActivityObserver::instance)$ instance Successfully installed event filter.
D/2GIS    ( 1606): <D> 2016.05.17 10:40:13 {1658} src/qt-dgisplatformextensions/qtandroidextensions/QtAndroidLocation/QAndroidGmsLocationProvider.cpp:224(QAndroidGmsLocationProvider::preloadJavaClasses)$ Pre-loading Java classes for Google Play Services positioning...
D/2GIS    ( 1606): <I> 2016.05.17 10:40:13 {1658} src/qmlsdk/Projects/QtAppCoreUtil/src/SystemFileUtils.cpp:81(SystemFileUtils::isDirectoryWritable)$ Checking directory writablility: "/storage/emulated/0/Android/data/ru.dublgis.dgismobile/files/userdata"
D/2GIS    ( 1606): <I> 2016.05.17 10:40:13 {1658} src/qmlsdk/Projects/QtAppCoreUtil/src/SystemFileUtils.cpp:137(SystemFileUtils::isDirectoryWritable)$ ....The directory is writable.
D/2GIS    ( 1606): <D> 2016.05.17 10:40:13 {1658} src/qmlsdk/Projects/QtAppCoreUtil/src/SystemFileUtils.cpp:227(SystemFileUtils::androidInternalStorageDirectory)$ Base storage directory: "/data/data/ru.dublgis.dgismobile/files"
D/2GIS    ( 1606): <I> 2016.05.17 10:40:13 {1658} UniLog: src/qmlsdk/Projects/QtAppCoreUtil/src/LockFile.cpp:130(unknown)$ Lockfile: locked successfully.
I/GAv4    ( 1606): Google Analytics 8.4.87 is starting up. To enable debug logging on a device run:
I/GAv4    ( 1606):   adb shell setprop log.tag.GAv4 DEBUG
I/GAv4    ( 1606):   adb logcat -s GAv4
E/cutils  (  225): Failed to mkdirat(/storage/extSdCard/Android): Read-only file system
W/ContextImpl( 1606): Failed to ensure directory: /storage/extSdCard/Android/data/ru.dublgis.dgismobile/files
D/2GIS    ( 1606): <I> 2016.05.17 10:40:13 {1658} src/qmlsdk/Projects/QtAppCoreUtil/src/SystemFileUtils.cpp:81(SystemFileUtils::isDirectoryWritable)$ Checking directory writablility: "/storage/emulated/0/Android/data/ru.dublgis.dgismobile/files"
D/Grym/KeepaliveService( 1606): onStartCommand
W/Vold    (  225): Returning OperationFailed - no handler for errno 30
D/2GIS    ( 1606): <I> 2016.05.17 10:40:13 {1658} src/qmlsdk/Projects/QtAppCoreUtil/src/SystemFileUtils.cpp:137(SystemFileUtils::isDirectoryWritable)$ ....The directory is writable.
D/2GIS    ( 1606): <I> 2016.05.17 10:40:13 {1658} UniLog: src/qmlsdk/Projects/QtAppCoreUtil/src/SystemFileUtils.cpp:175(unknown)$ [DownloadsDir] Found existing data in: /storage/emulated/0/Android/data/ru.dublgis.dgismobile/files for suffix "downloads"
D/2GIS    ( 1606): <I> 2016.05.17 10:40:13 {1658} UniLog: src/qmlsdk/Projects/QtGears/src/PrimaryLocalizationLoader.cpp:104(unknown)$ Setting locale from config: ru_RU
D/2GIS    ( 1606): <I> 2016.05.17 10:40:13 {1658} UniLog: src/qmlsdk/Projects/QtAppCoreUtil/src/Localization.cpp:307(unknown)$ Loading QM file: assets:/Resources/Localization/ru.qm
D/2GIS    ( 1606): <I> 2016.05.17 10:40:13 {1658} UniLog: src/qmlsdk/Projects/QtAppCoreUtil/src/Localization.cpp:167(unknown)$ Setting locale to: ru_RU, the real locale will be: ru_RU
D/2GIS    ( 1606): <I> 2016.05.17 10:40:13 {1658} UniLog: src/qmlsdk/Projects/QtGears/src/PrimaryLocalizationLoader.cpp:140(unknown)$ Setting locale: the resulting locale is: ru_RU
I/Grym/ShrdPrefHelper( 1606): constructor
D/2GIS    ( 1606): <I> 2016.05.17 10:40:13 {1658} UniLog: src/qmlsdk/Projects/QtAppCoreUtil/src/SystemFileUtils.cpp:175(unknown)$ [DownloadsDir] Found existing data in: /storage/emulated/0/Android/data/ru.dublgis.dgismobile/files for suffix "downloads"
I/Grym/ShrdPrefHelper( 1606): constructor
D/Grym/V4options( 1606): Creating V4options...
E/cutils  (  225): Failed to mkdirat(/storage/extSdCard/Android): Read-only file system
W/ContextImpl( 1606): Failed to ensure directory: /storage/extSdCard/Android/data/ru.dublgis.dgismobile/files
D/Grym/V4options( 1606): Options file not found.
I/Grym/ShrdPrefHelper( 1606): constructor
I/Grym/ShrdPrefHelper( 1606): WriteString /storage/emulated/0/Android/data/ru.dublgis.dgismobile/files by key SelectedLocationKey
I/Grym/GoogleTagManager( 1606): initialize: creating TagManager instance...
D/2GIS    ( 1606): <I> 2016.05.17 10:40:13 {1658} UniLog: src/v4android/Src/main.cpp:528(unknown)$ Setting up options
D/2GIS    ( 1606): <I> 2016.05.17 10:40:13 {1658} UniLog: src/v4android/Src/DeviceVendors.cpp:119(unknown)$ Using previously saved tag: ""
W/Vold    (  225): Returning OperationFailed - no handler for errno 30
D/2GIS    ( 1606): <I> 2016.05.17 10:40:13 {1658} UniLog: src/v4androidcommon/Src/Directories.cpp:139(unknown)$ vfsPreinstalledFilesDir: /storage/emulated/0/Android/data/ru.dublgis.dgismobile/files/preinstalled.2gis not found, let's look in 2gisMobile...
D/2GIS    ( 1606): <I> 2016.05.17 10:40:13 {1658} UniLog: src/v4androidcommon/Src/Directories.cpp:149(unknown)$ vfsPreinstalledFilesDir not found, expected in: /storage/emulated/0/2gisMobile/preinstalled.2gis
D/2GIS    ( 1606): <D> 2016.05.17 10:40:13 {1658} UniLog: src/v4android/Src/main.cpp:566(unknown)$ No default pre-installed data path set.
D/2GIS    ( 1606): <I> 2016.05.17 10:40:13 {1658} UniLog: src/qmlsdk/Projects/QtAppCoreUtil/src/SystemFileUtils.cpp:175(unknown)$ [DownloadsDir] Found existing data in: /storage/emulated/0/Android/data/ru.dublgis.dgismobile/files for suffix "downloads"
D/2GIS    ( 1606): <I> 2016.05.17 10:40:13 {1658} UniLog: src/v4androidcommon/Src/Directories.cpp:177(unknown)$ Downloads directory for suffix "": /storage/emulated/0/Android/data/ru.dublgis.dgismobile/files/downloads
D/2GIS    ( 1606): <I> 2016.05.17 10:40:13 {1658} src/qmlsdk/Projects/QtAppCoreUtil/src/SystemFileUtils.cpp:81(SystemFileUtils::isDirectoryWritable)$ Checking directory writablility: "/storage/emulated/0/Android/data/ru.dublgis.dgismobile/files/userdata"
D/2GIS    ( 1606): <I> 2016.05.17 10:40:13 {1658} src/qmlsdk/Projects/QtAppCoreUtil/src/SystemFileUtils.cpp:137(SystemFileUtils::isDirectoryWritable)$ ....The directory is writable.
E/cutils  (  225): Failed to mkdirat(/storage/extSdCard/Android): Read-only file system
W/ContextImpl( 1606): Failed to ensure directory: /storage/extSdCard/Android/data/ru.dublgis.dgismobile/cache
D/2GIS    ( 1606): <I> 2016.05.17 10:40:13 {1658} src/qmlsdk/Projects/QtAppCoreUtil/src/SystemFileUtils.cpp:81(SystemFileUtils::isDirectoryWritable)$ Checking directory writablility: "/storage/emulated/0/Android/data/ru.dublgis.dgismobile/cache"
D/2GIS    ( 1606): <I> 2016.05.17 10:40:13 {1658} src/qmlsdk/Projects/QtAppCoreUtil/src/SystemFileUtils.cpp:137(SystemFileUtils::isDirectoryWritable)$ ....The directory is writable.
W/Vold    (  225): Returning OperationFailed - no handler for errno 30
D/2GIS    ( 1606): <D> 2016.05.17 10:40:13 {1658} src/qt-dgisplatformextensions/qtandroidextensions/QtAndroidHelpers/QAndroidConfiguration.cpp:75(QAndroidConfiguration::QAndroidConfiguration)$ QAndroidConfiguration: screen layout is 2 => 2 ( "normal" ) , a tablet size: false
D/2GIS    ( 1606): <I> 2016.05.17 10:40:13 {1658} UniLog: src/qmlsdk/Projects/QtAppGuiUtil/src/DisplayParameters.cpp:120(unknown)$ EnableMultipanelLayout: 0
D/Grym/GlDetectorActivity( 1606): EGL GrymGlDetectorActivity.LoadRenderer: "Adreno (TM) 305"
D/2GIS    ( 1606): <I> 2016.05.17 10:40:13 {1658} UniLog: src/v4android/Src/main.cpp:48(unknown)$ Loaded GL renderer string: "Adreno (TM) 305"
D/2GIS    ( 1606): <I> 2016.05.17 10:40:13 {1658} UniLog: src/v4android/Src/main.cpp:680(unknown)$ Finished to set up options
D/2GIS    ( 1606): <I> 2016.05.17 10:40:13 {1658} UniLog: src/qmlsdk/Projects/QmlMap/src/QmlMapParams.cpp:16(unknown)$ [EGL] Creating map params for hardware DPI = 305.758
D/2GIS    ( 1606): <I> 2016.05.17 10:40:13 {1658} UniLog: src/qmlsdk/Projects/QmlRouting/src/QmlRouting.cpp:135(unknown)$ Navigation module is disabled
D/2GIS    ( 1606): <I> 2016.05.17 10:40:13 {1658} UniLog: src/qmlsdk/Projects/QtAppCoreUtil/src/LogUtil.cpp:133(unknown)$ 
D/2GIS    ( 1606): 
D/2GIS    ( 1606): ====================== DISK USAGE FOR /storage/emulated/0/Android/data/ru.dublgis.dgismobile/files/downloads ==========================
D/2GIS    ( 1606): [downloads]
D/2GIS    ( 1606):     [adw]
D/2GIS    ( 1606):         adw_data.1.1463459948                                             99122
D/2GIS    ( 1606):         adw_data.100500.1463459949                                           34
D/2GIS    ( 1606):         Total: ...........................................................99156
D/2GIS    ( 1606):     [archives]
D/2GIS    ( 1606):         Total: ...............................................................0
D/2GIS    ( 1606):     [deltas]
D/2GIS    ( 1606):         Total: ...............................................................0
D/2GIS    ( 1606):     [files]
D/2GIS    ( 1606):         Common_resources-2016.02.79.2gis                                  22112
D/2GIS    ( 1606):         Common_resources_map-2016.02.79.2gis                              70609
D/2GIS    ( 1606):         Common_resources_routing-2016.02.79.2gis                          54428
D/2GIS    ( 1606):         Novosibirsk_ru_RU_data_mobile-2016.05.2016.05.05.1330.2gis     44531142
D/2GIS    ( 1606): <I> 2016.05.17 10:40:13 {1658} UniLog: src/qmlsdk/Projects/QtAppCoreUtil/src/LogUtil.cpp:157(unknown)$ Directory size for /storage/emulated/0/Android/data/ru.dublgis.dgismobile/cache: 0, Volume size: 12231 Mb, free: 7539 Mb, available: 7539 Mb, FS "sdcardfs", R/W, ready
D/2GIS    ( 1606): <I> 2016.05.17 10:40:13 {1658} UniLog: src/qmlsdk/Projects/QmlUpdate/src/QmlUpdate.cpp:45(unknown)$ runWorkaroundVNA3083: removing foreground download information...
D/2GIS    ( 1606): <I> 2016.05.17 10:40:13 {1658} UniLog: src/qmlsdk/Projects/QtGears/src/SettingsParams.cpp:71(unknown)$ Using standard configuration file: assets:/Resources/Settings/ApplicationSettings.json
I/dalvikvm( 1606): Could not find method android.app.Notification$Builder.setColor, referenced from method ru.dublgis.dgismobile.UpdateNotification.<init>
W/dalvikvm( 1606): VFY: unable to resolve virtual method 320: Landroid/app/Notification$Builder;.setColor (I)Landroid/app/Notification$Builder;
D/dalvikvm( 1606): VFY: replacing opcode 0x6e at 0x00f2
D/2GIS    ( 1606): <I> 2016.05.17 10:40:13 {1658} UniLog: src/v4android/Src/AppUpdateNotifications.cpp:37(unknown)$ Keepalive mode is not enabled in the options.
D/2GIS    ( 1606): <D> 2016.05.17 10:40:13 {1658} src/qmlsdk/Projects/QtAppCoreUtil/src/PerformanceLog.cpp:13({anonymous}::doLog)$ "[Performance] Main::BeforeQmlAppExec: 394 ms"
D/2GIS    ( 1606): <I> 2016.05.17 10:40:13 {1658} UniLog: src/v4android/Src/main.cpp:806(unknown)$ main: running qmlApp.exec()...
D/2GIS    ( 1606): <I> 2016.05.17 10:40:13 {1658} UniLog: src/qmlsdk/Projects/QmlCore/src/QmlApp.cpp:203(unknown)$ QmlApp::exec...
D/2GIS    ( 1606): <I> 2016.05.17 10:40:13 {1658} UniLog: src/qmlsdk/Projects/QmlCore/src/QmlApp.cpp:115(unknown)$ Additional SSL certficates directory not found: assets:/Resources/SSL
D/2GIS    ( 1606): <I> 2016.05.17 10:40:13 {1658} UniLog: src/qmlsdk/Projects/QtGears/src/QtGearsModule.cpp:120(unknown)$ createInstalledFilesDir:
D/2GIS    ( 1606): ... VFS in app bundle: assets:/Resources/BundleVFS
D/2GIS    ( 1606): ... Pre-installed VFS: 
D/2GIS    ( 1606): <I> 2016.05.17 10:40:13 {1658} UniLog: src/qmlsdk/Projects/QtGears/src/QtGearsModule.cpp:32(unknown)$ Mounting as QFile set: assets:/Resources/BundleVFS, mount_path: /
D/2GIS    ( 1606): <I> 2016.05.17 10:40:13 {1658} UniLog: src/qmlsdk/Projects/QtGears/src/QtGearsModule.cpp:162(unknown)$ Initial VFS mounted successfully.
W/2GIS    ( 1606): <W> 2016.05.17 10:40:13 {1658} UniLog: src/v4sdk/v4core/Projects/VfsManager/src/VfsManager.cpp:43(unknown)$ Function "UniFS::IDirPtr VfsManager::VfsManager::Impl::Root()" is deprecated. You should not use this entire module. Use UniFS::CreateCompositeDir instead.
D/2GIS    ( 1606): <I> 2016.05.17 10:40:13 {1658} UniLog: src/qmlsdk/Projects/QtGears/src/QtGearsModule.cpp:214(unknown)$ Selected downloads dir: /storage/emulated/0/Android/data/ru.dublgis.dgismobile/files/downloads
E/GoogleTagManager( 1606): Invalid macro: _gtm.loadEventEnabled
I/Grym/GoogleTagManager( 1606): initialize: done without exceptions.
D/2GIS    ( 1606): <I> 2016.05.17 10:40:13 {1658} UniLog: src/v4sdk/v4core/Projects/RegionManager/src/ActualFileList_State.cpp:254(unknown)$ 
D/2GIS    ( 1606): Known files:
D/2GIS    ( 1606): Novosibirsk_ru_RU_routing_mobile-2016.05.2016.05.05.1330.2gis [downloaded]
D/2GIS    ( 1606): Common_resources-2016.02.79.2gis [downloaded]
D/2GIS    ( 1606): Common_resources_map-2016.02.79.2gis [downloaded]
D/2GIS    ( 1606): Novosibirsk_ru_RU_filter_mobile-2016.05.2016.05.05.1325.2gis [downloaded]
D/2GIS    ( 1606): Novosibirsk_ru_RU_materials3.0_mobile-2016.05.2016.05.10.1649.2gis [downloaded]
D/2GIS    ( 1606): Common_resources_routing-2016.02.79.2gis [downloaded]
D/2GIS    ( 1606): Universe_data-2016.03.81.2gis [downloaded]
D/2GIS    ( 1606): Novosibirsk_ru_RU_data_mobile-2016.05.2016.05.05.1330.2gis [downloaded]
D/2GIS    ( 1606): Novosibirsk_ru_RU_map1.15_mobile-2016.05.2016.05.05.1345.2gis [downloaded]
D/2GIS    ( 1606): Novosibirsk_ru_RU_us2.10_mobile-2016.05.2016.05.05.1330.2gis [downloaded]
D/2GIS    ( 1606): Common_resources-2016.04.86.2gis [preinstalled]
D/2GIS    ( 1606): Universe_data-2016.04.86.2gis [preinstalled]
D/2GIS    ( 1606): v4configs-2016.05.10.11.56.14.2gis [preinstalled]
D/2GIS    ( 1606): 
D/2GIS    ( 1606): Known region mark files:
D/2GIS    ( 1606): Novosibirsk_ru_RU [downloaded]
D/2GIS    ( 1606): Universe [preinstalled]
D/2GIS    ( 1606): 
D/2GIS    ( 1606): Known states:
D/2GIS    ( 1606): 4.0.2
D/2GIS    ( 1606): <D> 2016.05.17 10:40:13 {1658} UniLog: src/v4sdk/v4core/Projects/RegionManager/src/RegionManager.cpp:324(unknown)$ Mounting dir for region Universe from state 4.0.22_2016-05-11T11-55-00Z
E/GoogleTagManager( 1606): Invalid macro: _gtm.loadEventEnabled
I/Grym/GoogleTagManager( 1606): onResult...
I/Grym/GoogleTagManager( 1606): onResult: Containter loaded successfully. isDefault = false
I/Grym/GoogleTagManager( 1606): registerCallbacksForContainer
I/Grym/GoogleTagManager( 1606): onResult: done.
I/Grym/GoogleTagManager( 1606): pushLaunchEvent...
W/2GIS    ( 1606): <W> 2016.05.17 10:40:13 {1658} UniLog: src/v4sdk/v4core/Projects/RegionManager/src/RegionManager.cpp:236(unknown)$ File v4configs-2016.05.10.11.56.14.2gis in directory composite dir, root path: "/", real path: "/files" [<vfs directory><filesystem directory "/storage/emulated/0/Android/data/ru.dublgis.dgismobile/files/downloads"> was opened without mapping
D/2GIS    ( 1606): <D> 2016.05.17 10:40:13 {1658} UniLog: src/v4sdk/v4core/Projects/RegionManager/src/RegionManager.cpp:280(unknown)$ Create MountBundle for app resources from state 4.0.22_2016-05-11T11-55-00Z
D/2GIS    ( 1606): <D> 2016.05.17 10:40:13 {1658} UniLog: src/v4sdk/v4core/Projects/RegionManager/src/RegionManager.cpp:324(unknown)$ Mounting dir for region Novosibirsk_ru_RU from state 4.0.22_2016-05-11T11-55-00Z
W/2GIS    ( 1606): <W> 2016.05.17 10:40:13 {1658} UniLog: src/v4sdk/v4core/Projects/RegionManager/src/RegionManager.cpp:236(unknown)$ File v4configs-2016.05.10.11.56.14.2gis in directory composite dir, root path: "/", real path: "/files" [<vfs directory><filesystem directory "/storage/emulated/0/Android/data/ru.dublgis.dgismobile/files/downloads"> was opened without mapping
D/2GIS    ( 1606): <D> 2016.05.17 10:40:13 {1658} UniLog: src/v4sdk/v4core/Projects/RegionManager/src/RegionManager.cpp:280(unknown)$ Create MountBundle for app resources from state 4.0.22_2016-05-11T11-55-00Z
I/GAv4    ( 1606): GoogleAnalytics.setLogger() is deprecated. To enable debug logging, please run:
I/GAv4    ( 1606): adb shell setprop log.tag.GAv4 DEBUG
I/Grym/GoogleTagManager( 1606): pushLaunchEvent: done.
D/2GIS    ( 1606): <D> 2016.05.17 10:40:13 {1658} src/qmlsdk/Projects/QtAppCoreUtil/src/PerformanceLog.cpp:13({anonymous}::doLog)$ "[Performance] preloadLastRegion: 124 ms"
D/2GIS    ( 1606): <I> 2016.05.17 10:40:13 {1679} UniLog: src/qmlsdk/Projects/QmlCore/src/RegionPreloader.cpp:108(unknown)$ PreloadRegion: "Novosibirsk_ru_RU"
D/2GIS    ( 1606): <D> 2016.05.17 10:40:13 {1658} src/qmlsdk/Projects/QtAppCoreUtil/src/PerformanceLog.cpp:13({anonymous}::doLog)$ "[Performance] QmlAppExec::BeforeStartURLLoad: 152 ms"
D/2GIS    ( 1606): <I> 2016.05.17 10:40:13 {1679} UniLog: src/v4sdk/v4core/Projects/RegionManager/src/RegionManager.cpp:1021(unknown)$ Trying to get region Novosibirsk_ru_RU
D/2GIS    ( 1606): <I> 2016.05.17 10:40:13 {1668} UniLog: src/qmlsdk/Projects/QmlCore/src/QmlNetwork/UniFSNetwork.cpp:72(unknown)$ Creating NetworkAccessManager for null parent.
D/2GIS    ( 1606): <D> 2016.05.17 10:40:13 {1679} UniLog: src/v4sdk/v4core/Projects/RegionManager/src/RegionManager.cpp:324(unknown)$ Mounting dir for region Novosibirsk_ru_RU from state 4.0.22_2016-05-11T11-55-00Z
W/2GIS    ( 1606): <W> 2016.05.17 10:40:13 {1679} UniLog: src/v4sdk/v4core/Projects/RegionManager/src/RegionManager.cpp:236(unknown)$ File v4configs-2016.05.10.11.56.14.2gis in directory composite dir, root path: "/", real path: "/files" [<vfs directory><filesystem directory "/storage/emulated/0/Android/data/ru.dublgis.dgismobile/files/downloads"> was opened without mapping
D/2GIS    ( 1606): <D> 2016.05.17 10:40:13 {1679} UniLog: src/v4sdk/v4core/Projects/RegionManager/src/RegionManager.cpp:280(unknown)$ Create MountBundle for app resources from state 4.0.22_2016-05-11T11-55-00Z
D/2GIS    ( 1606): <I> 2016.05.17 10:40:13 {1679} UniLog: src/qmlsdk/Projects/QmlCore/src/RegionPreloader.cpp:129(unknown)$ PreloadRegion: successfully pre-loaded "Novosibirsk_ru_RU"
D/2GIS    ( 1606): <D> 2016.05.17 10:40:13 {1679} src/qmlsdk/Projects/QtAppCoreUtil/src/PerformanceLog.cpp:13({anonymous}::doLog)$ "[Performance] PreloadRegion: 31 ms"
D/SignalClusterView_dual( 1033): wifi: VISIBLE sig=2130838158 act=2130838115
D/SignalClusterView_dual( 1033): mMobileDataState=0 mMobileDataState2=0
D/SignalClusterView_dual( 1033): apply() mSeparateMobileGroup=8
D/STATUSBAR-NetworkController_dual( 1033): refreshSignalCluster - setNWBoosterIndicators(false)
D/SignalClusterView_dual( 1033): wifi: VISIBLE sig=2130838158 act=2130838112
D/SignalClusterView_dual( 1033): mMobileDataState=0 mMobileDataState2=0
D/SignalClusterView_dual( 1033): apply() mSeparateMobileGroup=8
D/SignalClusterView_dual( 1033): wifi: VISIBLE sig=2130838158 act=2130838112
D/SignalClusterView_dual( 1033): mMobileDataState=0 mMobileDataState2=0
D/SignalClusterView_dual( 1033): apply() mSeparateMobileGroup=8
D/SignalClusterView_dual( 1033): wifi: VISIBLE sig=2130838158 act=2130838112
D/SignalClusterView_dual( 1033): mMobileDataState=0 mMobileDataState2=0
D/SignalClusterView_dual( 1033): apply() mSeparateMobileGroup=8
D/SignalClusterView_dual( 1033): wifi: VISIBLE sig=2130838158 act=2130838112
D/SignalClusterView_dual( 1033): mMobileDataState=0 mMobileDataState2=0
D/SignalClusterView_dual( 1033): apply() mSeparateMobileGroup=8
D/StatusBar.NetworkController_dual( 1033): mMobileLabelViews start
D/StatusBar.NetworkController_dual( 1033): mMobileLabelViews set mobileLabel[SIM_0] =Только экстренные вызовы.
D/StatusBar.NetworkController_dual( 1033): mMobileLabelViews GONE
D/StatusBar.NetworkController_dual( 1033): mMobileLabelViews2 set mobileLabel[SIM_1] =Нет сети
D/StatusBar.NetworkController_dual( 1033): mMobileLabelViews2 GONE
D/StatusBar.NetworkController_dual( 1033): mSingleMobileLabelViews set : simMode = 0
D/StatusBar.NetworkController_dual( 1033): mSingleMobileLabelViews set as slot1`s
D/STATUSBAR-IconMerger( 1033): checkOverflow(240), More:true, Req:true Child:10
D/CustomFrequencyManagerService(  741): releaseDVFSLockLocked : Getting Lock type frm List : DVFS_MIN_LIMIT  frequency : 1190400  uid : 1000  pid : 741  tag : ACTIVITY_RESUME_BOOSTER@10
D/dalvikvm( 1606): GC_FOR_ALLOC freed 5380K, 41% free 10575K/17668K, paused 36ms, total 36ms
D/2GIS    ( 1606): <I> 2016.05.17 10:40:14 {1658} UniLog: src/qmlsdk/Projects/QmlMap/src/MapOpenGLConfiguration.cpp:169(unknown)$ [EGL] Disabling any smoothing for this GPU: "Adreno (TM) 305"
D/2GIS    ( 1606): <I> 2016.05.17 10:40:14 {1658} UniLog: src/qmlsdk/Projects/QmlMap/src/MapOpenGLConfiguration.cpp:232(unknown)$ [EGL] Not using DPI mutliplier for diagonal 4.80317
D/2GIS    ( 1606): <I> 2016.05.17 10:40:14 {1658} UniLog: src/qmlsdk/Projects/QmlMap/src/MapOpenGLConfiguration.cpp:120(unknown)$ easyMapMode = 0
I/Grym/ScrnLayoutHandler( 1606): ScreenLayoutHandler constructor
D/2GIS    ( 1606): <D> 2016.05.17 10:40:14 {1658} src/qt-dgisplatformextensions/qtandroidextensions/QtAndroidLocation/QAndroidGmsLocationProvider.cpp:388(QAndroidGmsLocationProvider::isAvailable)$ Checking for Google Play Services positioning availability...
D/2GIS    ( 1606): <D> 2016.05.17 10:40:14 {1658} src/qt-dgisplatformextensions/qtandroidextensions/QtAndroidLocation/QAndroidGmsLocationProvider.cpp:396(QAndroidGmsLocationProvider::isAvailable)$ ....GP positioning availability result: 1
D/2GIS    ( 1606): <I> 2016.05.17 10:40:14 {1658} UniLog: src/qmlsdk/Projects/QmlLocation/src/PositionInfoSource/PositionInfoSourceFactory.cpp:56(unknown)$ Create GeoPositionInfoSourceAndroidGPS
D/2GIS    ( 1606): <D> 2016.05.17 10:40:14 {1658} src/qt-dgisplatformextensions/qtandroidextensions/QtAndroidLocation/QLocationManagerProvidersListener.cpp:145(QLocationManagerProvidersListener::preloadJavaClasses)$ Pre-loading Java classes for QLocationManagerProvidersListener
D/2GIS    ( 1606): <D> 2016.05.17 10:40:14 {1658} src/qt-dgisplatformextensions/qtandroidextensions/QtAndroidLocation/QAndroidGmsLocationProvider.cpp:184(QAndroidGmsLocationProvider::onStatusChanged)$ onStatusChanged : status =  0
I/Grym/GmsLocProvider( 1606): Building GoogleApiClient
D/2GIS    ( 1606): <D> 2016.05.17 10:40:14 {1658} src/qt-dgisplatformextensions/qtandroidextensions/QtAndroidLocation/QLocationManagerProvidersListener.cpp:120(QLocationManagerProvidersListener::isActiveProvidersEnabled)$ isActiveProvidersEnabled : ret =  true
D/2GIS    ( 1606): <I> 2016.05.17 10:40:14 {1658} UniLog: src/qmlsdk/Projects/QmlLocation/src/PositionInfoSource/CompositGeoPositionInfoSource.cpp:86(unknown)$ switchActiveSource to source with priority 4
D/2GIS    ( 1606): <D> 2016.05.17 10:40:14 {1658} UniLog: src/qmlsdk/Projects/QmlNetwork/src/ActiveNetworkManager.cpp:119(unknown)$ connectionType: WLAN, returning unlimited network.
D/LocationManagerService(  741): getLastLocation: Request[ACCURACY_FINE gps requested=0 fastest=0 num=1]
D/LocationManagerService(  741): getLastLocation: Request[POWER_LOW network requested=0 fastest=0 num=1]
I/Grym/GmsLocProvider( 1606): Connected to GoogleApiClient
I/Grym/Action( 1606): constructor
D/2GIS    ( 1606): <I> 2016.05.17 10:40:14 {1658} UniLog: src/qmlsdk/Projects/QmlLocation/src/PositionInfoSource/QGlpPositionInfoSource.cpp:268(unknown)$ startUpdates
V/GoogleSignatureVerifier(31022): ru.dublgis.dgismobile signature not valid.  Found: 
V/GoogleSignatureVerifier(31022): MIIDDTCCAfWgAwIBAgIEL1aOyjANBgkqhkiG9w0BAQsFADA3MQswCQYDVQQGEwJVUzEQMA4GA1UE
V/GoogleSignatureVerifier(31022): ChMHQW5kcm9pZDEWMBQGA1UEAxMNQW5kcm9pZCBEZWJ1ZzAeFw0xNTAzMjcwNTMwNTlaFw00NTAz
V/GoogleSignatureVerifier(31022): MTkwNTMwNTlaMDcxCzAJBgNVBAYTAlVTMRAwDgYDVQQKEwdBbmRyb2lkMRYwFAYDVQQDEw1BbmRy
V/GoogleSignatureVerifier(31022): b2lkIERlYnVnMIIBIjANBgkqhkiG9w0BAQEFAAOCAQ8AMIIBCgKCAQEAk0TspcI2S1Z0tva679hi
V/GoogleSignatureVerifier(31022): V0b2Do+VX+i0PUuqke5qcuQXELZlAzfYl6aP6PKSbrQmrj5zl2ixdnToPiCMZz/goYUW227jlokV
V/GoogleSignatureVerifier(31022): LmEm1cFQ6JvkDGcNWTssxiFe71t19XHOhZ7G9MZ+W+vNuyQB5AA3Bu62Z8vGLFL9xneGm1x3Mmhl
V/GoogleSignatureVerifier(31022): Prf3EoqbJGgt/2MMn1rmrY/JVSNnkauj9Y2f+r/5T7MWs+iUV7HPw7tc+lzlOgm6PTbldCh4AWyx
V/GoogleSignatureVerifier(31022): N+Yy3sBHUZsW6/VKDBYT4xVNrCjbOWhWVskFMjr5lawrzNj2KNQIK6Gg5cRatvBF8W7cRJNTt/rd
V/GoogleSignatureVerifier(31022): i5Lp31TxwbSPJg6qvwIDAQABoyEwHzAdBgNVHQ4EFgQUNxRpi2oXB1o1feFGuw0DObHoyIgwDQYJ
V/GoogleSignatureVerifier(31022): KoZIhvcNAQELBQADggEBAFB5nlBW46WK8n2JPBTxkbXFpvSSJ2ctiNOfOmME30J9jv0X8aBexAon
V/GoogleSignatureVerifier(31022): X4cZGh2b3pWcpoMny1HEBK3oxF4LFadIXProv/Fp/dXmLriZ8VXC72t49t8UfUWe6EseoycKbT6Z
V/GoogleSignatureVerifier(31022): f49oQW9evdYKLY8lCfP4gSxN9K20U4Cv9QtNoKO6qd31OfCJVC027XqyI/fMmtfG1CWB1ejEI7k0
V/GoogleSignatureVerifier(31022): FRFe53dyia0qbm90QWrwr6qbUbxoPIpsrVG1Y5z20qjikQPwYGhhaDFB55O4yBwNVFtteslpG2Lp
V/GoogleSignatureVerifier(31022): j4d9pLJc/usk1TMsl6ClU5kYMx/2gB8SdG3KPvxztOH7A991DJIIhuUrAIc=
V/GoogleSignatureVerifier(31022): ru.dublgis.dgismobile signature not valid.  Found: 
V/GoogleSignatureVerifier(31022): MIIDDTCCAfWgAwIBAgIEL1aOyjANBgkqhkiG9w0BAQsFADA3MQswCQYDVQQGEwJVUzEQMA4GA1UE
V/GoogleSignatureVerifier(31022): ChMHQW5kcm9pZDEWMBQGA1UEAxMNQW5kcm9pZCBEZWJ1ZzAeFw0xNTAzMjcwNTMwNTlaFw00NTAz
V/GoogleSignatureVerifier(31022): MTkwNTMwNTlaMDcxCzAJBgNVBAYTAlVTMRAwDgYDVQQKEwdBbmRyb2lkMRYwFAYDVQQDEw1BbmRy
V/GoogleSignatureVerifier(31022): b2lkIERlYnVnMIIBIjANBgkqhkiG9w0BAQEFAAOCAQ8AMIIBCgKCAQEAk0TspcI2S1Z0tva679hi
V/GoogleSignatureVerifier(31022): V0b2Do+VX+i0PUuqke5qcuQXELZlAzfYl6aP6PKSbrQmrj5zl2ixdnToPiCMZz/goYUW227jlokV
V/GoogleSignatureVerifier(31022): LmEm1cFQ6JvkDGcNWTssxiFe71t19XHOhZ7G9MZ+W+vNuyQB5AA3Bu62Z8vGLFL9xneGm1x3Mmhl
V/GoogleSignatureVerifier(31022): Prf3EoqbJGgt/2MMn1rmrY/JVSNnkauj9Y2f+r/5T7MWs+iUV7HPw7tc+lzlOgm6PTbldCh4AWyx
V/GoogleSignatureVerifier(31022): N+Yy3sBHUZsW6/VKDBYT4xVNrCjbOWhWVskFMjr5lawrzNj2KNQIK6Gg5cRatvBF8W7cRJNTt/rd
V/GoogleSignatureVerifier(31022): i5Lp31TxwbSPJg6qvwIDAQABoyEwHzAdBgNVHQ4EFgQUNxRpi2oXB1o1feFGuw0DObHoyIgwDQYJ
V/GoogleSignatureVerifier(31022): KoZIhvcNAQELBQADggEBAFB5nlBW46WK8n2JPBTxkbXFpvSSJ2ctiNOfOmME30J9jv0X8aBexAon
V/GoogleSignatureVerifier(31022): X4cZGh2b3pWcpoMny1HEBK3oxF4LFadIXProv/Fp/dXmLriZ8VXC72t49t8UfUWe6EseoycKbT6Z
V/GoogleSignatureVerifier(31022): f49oQW9evdYKLY8lCfP4gSxN9K20U4Cv9QtNoKO6qd31OfCJVC027XqyI/fMmtfG1CWB1ejEI7k0
V/GoogleSignatureVerifier(31022): FRFe53dyia0qbm90QWrwr6qbUbxoPIpsrVG1Y5z20qjikQPwYGhhaDFB55O4yBwNVFtteslpG2Lp
V/GoogleSignatureVerifier(31022): j4d9pLJc/usk1TMsl6ClU5kYMx/2gB8SdG3KPvxztOH7A991DJIIhuUrAIc=
D/2GIS    ( 1606): <D> 2016.05.17 10:40:14 {1658} src/qt-dgisplatformextensions/qtandroidextensions/QtAndroidLocation/QLocationManagerProvidersListener.cpp:120(QLocationManagerProvidersListener::isActiveProvidersEnabled)$ isActiveProvidersEnabled : ret =  true
W/GCoreFlp(31022): No location to return for getLastLocation()
D/2GIS    ( 1606): <D> 2016.05.17 10:40:14 {1658} src/qt-dgisplatformextensions/qtandroidextensions/QtAndroidLocation/QLocationManagerProvidersListener.cpp:120(QLocationManagerProvidersListener::isActiveProvidersEnabled)$ isActiveProvidersEnabled : ret =  true
D/Grym/CellListener( 1606): CellListener start
D/2GIS    ( 1606): <D> 2016.05.17 10:40:14 {1606} src/qt-dgisplatformextensions/qtandroidextensions/QtAndroidLocation/QAndroidGmsLocationProvider.cpp:184(QAndroidGmsLocationProvider::onStatusChanged)$ onStatusChanged : status =  1
D/Grym/WifiListener( 1606): WifiListener start 
D/dalvikvm(  741): GC_EXPLICIT freed 1747K, 33% free 39023K/58048K, paused 5ms+16ms, total 187ms
D/Grym/CellListener( 1606): cell listener thread will loop
D/QtPositioning( 1606): Regular updates using GPS 1000
D/QtPositioning( 1606): Looper Thread startup time in ms: 0
D/LocationManagerService(  741): request 44d407c8 gps Request[ACCURACY_FINE gps requested=+1s0ms fastest=+1s0ms] from ru.dublgis.dgismobile(10289)
D/LocationManagerService(  741): provider request: gps ProviderRequest[ON interval=+1s0ms]
D/QtPositioning( 1606): Regular updates using network 1000
D/GpsLocationProvider(  741): setRequest ProviderRequest[ON interval=+1s0ms]
D/GpsLocationProvider(  741): startNavigating, singleShot is false
D/LocationManagerService(  741): request 44d407c8 network Request[POWER_LOW network requested=+1s0ms fastest=+1s0ms] from ru.dublgis.dgismobile(10289)
D/GpsLocationProvider_ex(  741): Data state false
D/QtPositioning( 1606): Disabled provider: network
D/LocationManagerService(  741): getProviders()=[passive, gps]
D/LocationManagerService(  741): getProviders()=[passive, gps]
D/2GIS    ( 1606): <D> 2016.05.17 10:40:14 {1658} src/qt-dgisplatformextensions/qtandroidextensions/QtAndroidLocation/QAndroidGmsLocationProvider.cpp:260(QAndroidGmsLocationProvider::startUpdates)$ startUpdates
D/2GIS    ( 1606): <D> 2016.05.17 10:40:14 {1658} src/qt-dgisplatformextensions/qtandroidextensions/QtAndroidLocation/QAndroidGmsLocationProvider.cpp:302(QAndroidGmsLocationProvider::stopUpdates)$ stopUpdates ( 0 )
D/Grym/GmsLocProvider( 1606): stopLocationUpdates(0)
I/Grym/GmsLocProvider( 1606): startLocationUpdates
D/GpsLocationProvider(  741): setting position_mode to standalone
E/LocSvc_eng(  741): I/===> int loc_eng_set_position_mode(loc_eng_data_s_type&, LocPosMode&) line 2151 
E/        (  741): D/qca1530: detected=false
E/        (  741): D/cat /sys/devices/soc0/hw_platform: MTP
E/        (  741): D/cat /sys/devices/soc0/soc_id: 221
E/        (  741): W/open failed: /dev/mdm: No such file or directory
E/        (  741): D/HAL: loc_get_target returned -1
E/LocSvc_utils_cfg(  741): W/loc_read_sec_gps_conf: no secgps conf file, using defaults
E/LocSvc_eng(  741): I/===> int loc_eng_start(loc_eng_data_s_type&) line 1975 
E/LocSvc_ApiV02(  741): D/virtual loc_api_adapter_err LocApiV02::startFix(const LocPosMode&):347]: SIM card absent. force set position_mode to standalone
E/LocSvc_api_v02(  741): I/---> locClientSendReq line 2332 QMI_LOC_SET_OPERATION_MODE_REQ_V02
E/LocSvc_eng(  741): D/gps_set_battery_flag, connect=1
E/LocSvc_eng(  741): W/gps_set_battery_flag() : file open error
V/GoogleSignatureVerifier(31022): ru.dublgis.dgismobile signature not valid.  Found: 
V/GoogleSignatureVerifier(31022): MIIDDTCCAfWgAwIBAgIEL1aOyjANBgkqhkiG9w0BAQsFADA3MQswCQYDVQQGEwJVUzEQMA4GA1UE
V/GoogleSignatureVerifier(31022): ChMHQW5kcm9pZDEWMBQGA1UEAxMNQW5kcm9pZCBEZWJ1ZzAeFw0xNTAzMjcwNTMwNTlaFw00NTAz
V/GoogleSignatureVerifier(31022): MTkwNTMwNTlaMDcxCzAJBgNVBAYTAlVTMRAwDgYDVQQKEwdBbmRyb2lkMRYwFAYDVQQDEw1BbmRy
V/GoogleSignatureVerifier(31022): b2lkIERlYnVnMIIBIjANBgkqhkiG9w0BAQEFAAOCAQ8AMIIBCgKCAQEAk0TspcI2S1Z0tva679hi
V/GoogleSignatureVerifier(31022): V0b2Do+VX+i0PUuqke5qcuQXELZlAzfYl6aP6PKSbrQmrj5zl2ixdnToPiCMZz/goYUW227jlokV
V/GoogleSignatureVerifier(31022): LmEm1cFQ6JvkDGcNWTssxiFe71t19XHOhZ7G9MZ+W+vNuyQB5AA3Bu62Z8vGLFL9xneGm1x3Mmhl
V/GoogleSignatureVerifier(31022): Prf3EoqbJGgt/2MMn1rmrY/JVSNnkauj9Y2f+r/5T7MWs+iUV7HPw7tc+lzlOgm6PTbldCh4AWyx
V/GoogleSignatureVerifier(31022): N+Yy3sBHUZsW6/VKDBYT4xVNrCjbOWhWVskFMjr5lawrzNj2KNQIK6Gg5cRatvBF8W7cRJNTt/rd
V/GoogleSignatureVerifier(31022): i5Lp31TxwbSPJg6qvwIDAQABoyEwHzAdBgNVHQ4EFgQUNxRpi2oXB1o1feFGuw0DObHoyIgwDQYJ
V/GoogleSignatureVerifier(31022): KoZIhvcNAQELBQADggEBAFB5nlBW46WK8n2JPBTxkbXFpvSSJ2ctiNOfOmME30J9jv0X8aBexAon
V/GoogleSignatureVerifier(31022): X4cZGh2b3pWcpoMny1HEBK3oxF4LFadIXProv/Fp/dXmLriZ8VXC72t49t8UfUWe6EseoycKbT6Z
V/GoogleSignatureVerifier(31022): f49oQW9evdYKLY8lCfP4gSxN9K20U4Cv9QtNoKO6qd31OfCJVC027XqyI/fMmtfG1CWB1ejEI7k0
V/GoogleSignatureVerifier(31022): FRFe53dyia0qbm90QWrwr6qbUbxoPIpsrVG1Y5z20qjikQPwYGhhaDFB55O4yBwNVFtteslpG2Lp
V/GoogleSignatureVerifier(31022): j4d9pLJc/usk1TMsl6ClU5kYMx/2gB8SdG3KPvxztOH7A991DJIIhuUrAIc=
E/LocSvc_ApiV02(  741): I/<--- void globalRespCb(locClientHandleType, uint32_t, locClientRespIndUnionType, void*) line 123 QMI_LOC_SET_OPERATION_MODE_REQ_V02
E/LocSvc_ApiV02(  741): W/virtual loc_api_adapter_err LocApiV02::startFix(const LocPosMode&):434]:start_mode = Standalone, acc will set as eQMI_LOC_ACCURACY_HIGH_V02
E/LocSvc_api_v02(  741): I/---> locClientSendReq line 2332 QMI_LOC_START_REQ_V02
V/GoogleSignatureVerifier(31022): ru.dublgis.dgismobile signature not valid.  Found: 
V/GoogleSignatureVerifier(31022): MIIDDTCCAfWgAwIBAgIEL1aOyjANBgkqhkiG9w0BAQsFADA3MQswCQYDVQQGEwJVUzEQMA4GA1UE
V/GoogleSignatureVerifier(31022): ChMHQW5kcm9pZDEWMBQGA1UEAxMNQW5kcm9pZCBEZWJ1ZzAeFw0xNTAzMjcwNTMwNTlaFw00NTAz
V/GoogleSignatureVerifier(31022): MTkwNTMwNTlaMDcxCzAJBgNVBAYTAlVTMRAwDgYDVQQKEwdBbmRyb2lkMRYwFAYDVQQDEw1BbmRy
V/GoogleSignatureVerifier(31022): b2lkIERlYnVnMIIBIjANBgkqhkiG9w0BAQEFAAOCAQ8AMIIBCgKCAQEAk0TspcI2S1Z0tva679hi
V/GoogleSignatureVerifier(31022): V0b2Do+VX+i0PUuqke5qcuQXELZlAzfYl6aP6PKSbrQmrj5zl2ixdnToPiCMZz/goYUW227jlokV
V/GoogleSignatureVerifier(31022): LmEm1cFQ6JvkDGcNWTssxiFe71t19XHOhZ7G9MZ+W+vNuyQB5AA3Bu62Z8vGLFL9xneGm1x3Mmhl
V/GoogleSignatureVerifier(31022): Prf3EoqbJGgt/2MMn1rmrY/JVSNnkauj9Y2f+r/5T7MWs+iUV7HPw7tc+lzlOgm6PTbldCh4AWyx
V/GoogleSignatureVerifier(31022): N+Yy3sBHUZsW6/VKDBYT4xVNrCjbOWhWVskFMjr5lawrzNj2KNQIK6Gg5cRatvBF8W7cRJNTt/rd
V/GoogleSignatureVerifier(31022): i5Lp31TxwbSPJg6qvwIDAQABoyEwHzAdBgNVHQ4EFgQUNxRpi2oXB1o1feFGuw0DObHoyIgwDQYJ
V/GoogleSignatureVerifier(31022): KoZIhvcNAQELBQADggEBAFB5nlBW46WK8n2JPBTxkbXFpvSSJ2ctiNOfOmME30J9jv0X8aBexAon
V/GoogleSignatureVerifier(31022): X4cZGh2b3pWcpoMny1HEBK3oxF4LFadIXProv/Fp/dXmLriZ8VXC72t49t8UfUWe6EseoycKbT6Z
V/GoogleSignatureVerifier(31022): f49oQW9evdYKLY8lCfP4gSxN9K20U4Cv9QtNoKO6qd31OfCJVC027XqyI/fMmtfG1CWB1ejEI7k0
V/GoogleSignatureVerifier(31022): FRFe53dyia0qbm90QWrwr6qbUbxoPIpsrVG1Y5z20qjikQPwYGhhaDFB55O4yBwNVFtteslpG2Lp
V/GoogleSignatureVerifier(31022): j4d9pLJc/usk1TMsl6ClU5kYMx/2gB8SdG3KPvxztOH7A991DJIIhuUrAIc=
V/GpsLocationProvider(  741): reportStatus status: 1
V/GoogleSignatureVerifier(31022): ru.dublgis.dgismobile signature not valid.  Found: 
V/GoogleSignatureVerifier(31022): MIIDDTCCAfWgAwIBAgIEL1aOyjANBgkqhkiG9w0BAQsFADA3MQswCQYDVQQGEwJVUzEQMA4GA1UE
V/GoogleSignatureVerifier(31022): ChMHQW5kcm9pZDEWMBQGA1UEAxMNQW5kcm9pZCBEZWJ1ZzAeFw0xNTAzMjcwNTMwNTlaFw00NTAz
V/GoogleSignatureVerifier(31022): MTkwNTMwNTlaMDcxCzAJBgNVBAYTAlVTMRAwDgYDVQQKEwdBbmRyb2lkMRYwFAYDVQQDEw1BbmRy
V/GoogleSignatureVerifier(31022): b2lkIERlYnVnMIIBIjANBgkqhkiG9w0BAQEFAAOCAQ8AMIIBCgKCAQEAk0TspcI2S1Z0tva679hi
V/GoogleSignatureVerifier(31022): V0b2Do+VX+i0PUuqke5qcuQXELZlAzfYl6aP6PKSbrQmrj5zl2ixdnToPiCMZz/goYUW227jlokV
V/GoogleSignatureVerifier(31022): LmEm1cFQ6JvkDGcNWTssxiFe71t19XHOhZ7G9MZ+W+vNuyQB5AA3Bu62Z8vGLFL9xneGm1x3Mmhl
V/GoogleSignatureVerifier(31022): Prf3EoqbJGgt/2MMn1rmrY/JVSNnkauj9Y2f+r/5T7MWs+iUV7HPw7tc+lzlOgm6PTbldCh4AWyx
V/GoogleSignatureVerifier(31022): N+Yy3sBHUZsW6/VKDBYT4xVNrCjbOWhWVskFMjr5lawrzNj2KNQIK6Gg5cRatvBF8W7cRJNTt/rd
V/GoogleSignatureVerifier(31022): i5Lp31TxwbSPJg6qvwIDAQABoyEwHzAdBgNVHQ4EFgQUNxRpi2oXB1o1feFGuw0DObHoyIgwDQYJ
V/GoogleSignatureVerifier(31022): KoZIhvcNAQELBQADggEBAFB5nlBW46WK8n2JPBTxkbXFpvSSJ2ctiNOfOmME30J9jv0X8aBexAon
V/GoogleSignatureVerifier(31022): X4cZGh2b3pWcpoMny1HEBK3oxF4LFadIXProv/Fp/dXmLriZ8VXC72t49t8UfUWe6EseoycKbT6Z
V/GoogleSignatureVerifier(31022): f49oQW9evdYKLY8lCfP4gSxN9K20U4Cv9QtNoKO6qd31OfCJVC027XqyI/fMmtfG1CWB1ejEI7k0
V/GoogleSignatureVerifier(31022): FRFe53dyia0qbm90QWrwr6qbUbxoPIpsrVG1Y5z20qjikQPwYGhhaDFB55O4yBwNVFtteslpG2Lp
V/GoogleSignatureVerifier(31022): j4d9pLJc/usk1TMsl6ClU5kYMx/2gB8SdG3KPvxztOH7A991DJIIhuUrAIc=
V/GoogleSignatureVerifier(31022): ru.dublgis.dgismobile signature not valid.  Found: 
V/GoogleSignatureVerifier(31022): MIIDDTCCAfWgAwIBAgIEL1aOyjANBgkqhkiG9w0BAQsFADA3MQswCQYDVQQGEwJVUzEQMA4GA1UE
V/GoogleSignatureVerifier(31022): ChMHQW5kcm9pZDEWMBQGA1UEAxMNQW5kcm9pZCBEZWJ1ZzAeFw0xNTAzMjcwNTMwNTlaFw00NTAz
V/GoogleSignatureVerifier(31022): MTkwNTMwNTlaMDcxCzAJBgNVBAYTAlVTMRAwDgYDVQQKEwdBbmRyb2lkMRYwFAYDVQQDEw1BbmRy
V/GoogleSignatureVerifier(31022): b2lkIERlYnVnMIIBIjANBgkqhkiG9w0BAQEFAAOCAQ8AMIIBCgKCAQEAk0TspcI2S1Z0tva679hi
V/GoogleSignatureVerifier(31022): V0b2Do+VX+i0PUuqke5qcuQXELZlAzfYl6aP6PKSbrQmrj5zl2ixdnToPiCMZz/goYUW227jlokV
V/GoogleSignatureVerifier(31022): LmEm1cFQ6JvkDGcNWTssxiFe71t19XHOhZ7G9MZ+W+vNuyQB5AA3Bu62Z8vGLFL9xneGm1x3Mmhl
V/GoogleSignatureVerifier(31022): Prf3EoqbJGgt/2MMn1rmrY/JVSNnkauj9Y2f+r/5T7MWs+iUV7HPw7tc+lzlOgm6PTbldCh4AWyx
V/GoogleSignatureVerifier(31022): N+Yy3sBHUZsW6/VKDBYT4xVNrCjbOWhWVskFMjr5lawrzNj2KNQIK6Gg5cRatvBF8W7cRJNTt/rd
V/GoogleSignatureVerifier(31022): i5Lp31TxwbSPJg6qvwIDAQABoyEwHzAdBgNVHQ4EFgQUNxRpi2oXB1o1feFGuw0DObHoyIgwDQYJ
V/GoogleSignatureVerifier(31022): KoZIhvcNAQELBQADggEBAFB5nlBW46WK8n2JPBTxkbXFpvSSJ2ctiNOfOmME30J9jv0X8aBexAon
V/GoogleSignatureVerifier(31022): X4cZGh2b3pWcpoMny1HEBK3oxF4LFadIXProv/Fp/dXmLriZ8VXC72t49t8UfUWe6EseoycKbT6Z
V/GoogleSignatureVerifier(31022): f49oQW9evdYKLY8lCfP4gSxN9K20U4Cv9QtNoKO6qd31OfCJVC027XqyI/fMmtfG1CWB1ejEI7k0
V/GoogleSignatureVerifier(31022): FRFe53dyia0qbm90QWrwr6qbUbxoPIpsrVG1Y5z20qjikQPwYGhhaDFB55O4yBwNVFtteslpG2Lp
V/GoogleSignatureVerifier(31022): j4d9pLJc/usk1TMsl6ClU5kYMx/2gB8SdG3KPvxztOH7A991DJIIhuUrAIc=
D/2GIS    ( 1606): <D> 2016.05.17 10:40:14 {1658} src/qt-dgisplatformextensions/qtandroidextensions/QtAndroidLocation/QLocationManagerProvidersListener.cpp:120(QLocationManagerProvidersListener::isActiveProvidersEnabled)$ isActiveProvidersEnabled : ret =  true
D/LocationManagerService(  741): getLastLocation: Request[ACCURACY_FINE gps requested=0 fastest=0 num=1]
D/LocationManagerService(  741): getLastLocation: Request[POWER_LOW network requested=0 fastest=0 num=1]
D/2GIS    ( 1606): <D> 2016.05.17 10:40:14 {1658} src/qt-dgisplatformextensions/qtandroidextensions/QtAndroidLocation/QLocationManagerProvidersListener.cpp:120(QLocationManagerProvidersListener::isActiveProvidersEnabled)$ isActiveProvidersEnabled : ret =  true
W/GCoreFlp(31022): No location to return for getLastLocation()
D/STATUSBAR-StatusBarManagerService(  741): sendNotification(1) - 252119
D/SViewCoverView( 1587): BroadcastReceiver onReceive() : action : com.android.server.NotificationManagerService.NotificationArrived
D/2GIS    ( 1606): <D> 2016.05.17 10:40:14 {1606} src/qt-dgisplatformextensions/qtandroidextensions/QtAndroidLocation/QAndroidGmsLocationProvider.cpp:184(QAndroidGmsLocationProvider::onStatusChanged)$ onStatusChanged : status =  5
I/SensorManagerA(31022): getReportingMode :: sensor.mType = 1
D/SensorManager(31022): registerListener :: 0, MPU6500 Accelerometer Sensor, 20000, 0,  
I/SensorManagerA(31022): getReportingMode :: sensor.mType = 11
E/Sensors (  741): Magneitc enable: mEnabled 0, handle 2, en 1
D/ProgressBar( 1033): setProgressDrawable drawableHeight = 12
D/2GIS    ( 1606): <D> 2016.05.17 10:40:14 {1658} src/qt-dgisplatformextensions/qtandroidextensions/QtAndroidLocation/QAndroidGmsLocationProvider.cpp:324(QAndroidGmsLocationProvider::requestUpdate)$ requestUpdate
I/Grym/GmsLocProvider( 1606): startLocationUpdates
V/GoogleSignatureVerifier(31022): ru.dublgis.dgismobile signature not valid.  Found: 
V/GoogleSignatureVerifier(31022): MIIDDTCCAfWgAwIBAgIEL1aOyjANBgkqhkiG9w0BAQsFADA3MQswCQYDVQQGEwJVUzEQMA4GA1UE
V/GoogleSignatureVerifier(31022): ChMHQW5kcm9pZDEWMBQGA1UEAxMNQW5kcm9pZCBEZWJ1ZzAeFw0xNTAzMjcwNTMwNTlaFw00NTAz
V/GoogleSignatureVerifier(31022): MTkwNTMwNTlaMDcxCzAJBgNVBAYTAlVTMRAwDgYDVQQKEwdBbmRyb2lkMRYwFAYDVQQDEw1BbmRy
V/GoogleSignatureVerifier(31022): b2lkIERlYnVnMIIBIjANBgkqhkiG9w0BAQEFAAOCAQ8AMIIBCgKCAQEAk0TspcI2S1Z0tva679hi
V/GoogleSignatureVerifier(31022): V0b2Do+VX+i0PUuqke5qcuQXELZlAzfYl6aP6PKSbrQmrj5zl2ixdnToPiCMZz/goYUW227jlokV
V/GoogleSignatureVerifier(31022): LmEm1cFQ6JvkDGcNWTssxiFe71t19XHOhZ7G9MZ+W+vNuyQB5AA3Bu62Z8vGLFL9xneGm1x3Mmhl
V/GoogleSignatureVerifier(31022): Prf3EoqbJGgt/2MMn1rmrY/JVSNnkauj9Y2f+r/5T7MWs+iUV7HPw7tc+lzlOgm6PTbldCh4AWyx
V/GoogleSignatureVerifier(31022): N+Yy3sBHUZsW6/VKDBYT4xVNrCjbOWhWVskFMjr5lawrzNj2KNQIK6Gg5cRatvBF8W7cRJNTt/rd
V/GoogleSignatureVerifier(31022): i5Lp31TxwbSPJg6qvwIDAQABoyEwHzAdBgNVHQ4EFgQUNxRpi2oXB1o1feFGuw0DObHoyIgwDQYJ
V/GoogleSignatureVerifier(31022): KoZIhvcNAQELBQADggEBAFB5nlBW46WK8n2JPBTxkbXFpvSSJ2ctiNOfOmME30J9jv0X8aBexAon
V/GoogleSignatureVerifier(31022): X4cZGh2b3pWcpoMny1HEBK3oxF4LFadIXProv/Fp/dXmLriZ8VXC72t49t8UfUWe6EseoycKbT6Z
V/GoogleSignatureVerifier(31022): f49oQW9evdYKLY8lCfP4gSxN9K20U4Cv9QtNoKO6qd31OfCJVC027XqyI/fMmtfG1CWB1ejEI7k0
V/GoogleSignatureVerifier(31022): FRFe53dyia0qbm90QWrwr6qbUbxoPIpsrVG1Y5z20qjikQPwYGhhaDFB55O4yBwNVFtteslpG2Lp
V/GoogleSignatureVerifier(31022): j4d9pLJc/usk1TMsl6ClU5kYMx/2gB8SdG3KPvxztOH7A991DJIIhuUrAIc=
V/GoogleSignatureVerifier(31022): ru.dublgis.dgismobile signature not valid.  Found: 
V/GoogleSignatureVerifier(31022): MIIDDTCCAfWgAwIBAgIEL1aOyjANBgkqhkiG9w0BAQsFADA3MQswCQYDVQQGEwJVUzEQMA4GA1UE
V/GoogleSignatureVerifier(31022): ChMHQW5kcm9pZDEWMBQGA1UEAxMNQW5kcm9pZCBEZWJ1ZzAeFw0xNTAzMjcwNTMwNTlaFw00NTAz
V/GoogleSignatureVerifier(31022): MTkwNTMwNTlaMDcxCzAJBgNVBAYTAlVTMRAwDgYDVQQKEwdBbmRyb2lkMRYwFAYDVQQDEw1BbmRy
V/GoogleSignatureVerifier(31022): b2lkIERlYnVnMIIBIjANBgkqhkiG9w0BAQEFAAOCAQ8AMIIBCgKCAQEAk0TspcI2S1Z0tva679hi
V/GoogleSignatureVerifier(31022): V0b2Do+VX+i0PUuqke5qcuQXELZlAzfYl6aP6PKSbrQmrj5zl2ixdnToPiCMZz/goYUW227jlokV
V/GoogleSignatureVerifier(31022): LmEm1cFQ6JvkDGcNWTssxiFe71t19XHOhZ7G9MZ+W+vNuyQB5AA3Bu62Z8vGLFL9xneGm1x3Mmhl
V/GoogleSignatureVerifier(31022): Prf3EoqbJGgt/2MMn1rmrY/JVSNnkauj9Y2f+r/5T7MWs+iUV7HPw7tc+lzlOgm6PTbldCh4AWyx
V/GoogleSignatureVerifier(31022): N+Yy3sBHUZsW6/VKDBYT4xVNrCjbOWhWVskFMjr5lawrzNj2KNQIK6Gg5cRatvBF8W7cRJNTt/rd
V/GoogleSignatureVerifier(31022): i5Lp31TxwbSPJg6qvwIDAQABoyEwHzAdBgNVHQ4EFgQUNxRpi2oXB1o1feFGuw0DObHoyIgwDQYJ
V/GoogleSignatureVerifier(31022): KoZIhvcNAQELBQADggEBAFB5nlBW46WK8n2JPBTxkbXFpvSSJ2ctiNOfOmME30J9jv0X8aBexAon
V/GoogleSignatureVerifier(31022): X4cZGh2b3pWcpoMny1HEBK3oxF4LFadIXProv/Fp/dXmLriZ8VXC72t49t8UfUWe6EseoycKbT6Z
V/GoogleSignatureVerifier(31022): f49oQW9evdYKLY8lCfP4gSxN9K20U4Cv9QtNoKO6qd31OfCJVC027XqyI/fMmtfG1CWB1ejEI7k0
V/GoogleSignatureVerifier(31022): FRFe53dyia0qbm90QWrwr6qbUbxoPIpsrVG1Y5z20qjikQPwYGhhaDFB55O4yBwNVFtteslpG2Lp
V/GoogleSignatureVerifier(31022): j4d9pLJc/usk1TMsl6ClU5kYMx/2gB8SdG3KPvxztOH7A991DJIIhuUrAIc=
V/GoogleSignatureVerifier(31022): ru.dublgis.dgismobile signature not valid.  Found: 
V/GoogleSignatureVerifier(31022): MIIDDTCCAfWgAwIBAgIEL1aOyjANBgkqhkiG9w0BAQsFADA3MQswCQYDVQQGEwJVUzEQMA4GA1UE
V/GoogleSignatureVerifier(31022): ChMHQW5kcm9pZDEWMBQGA1UEAxMNQW5kcm9pZCBEZWJ1ZzAeFw0xNTAzMjcwNTMwNTlaFw00NTAz
V/GoogleSignatureVerifier(31022): MTkwNTMwNTlaMDcxCzAJBgNVBAYTAlVTMRAwDgYDVQQKEwdBbmRyb2lkMRYwFAYDVQQDEw1BbmRy
V/GoogleSignatureVerifier(31022): b2lkIERlYnVnMIIBIjANBgkqhkiG9w0BAQEFAAOCAQ8AMIIBCgKCAQEAk0TspcI2S1Z0tva679hi
V/GoogleSignatureVerifier(31022): V0b2Do+VX+i0PUuqke5qcuQXELZlAzfYl6aP6PKSbrQmrj5zl2ixdnToPiCMZz/goYUW227jlokV
V/GoogleSignatureVerifier(31022): LmEm1cFQ6JvkDGcNWTssxiFe71t19XHOhZ7G9MZ+W+vNuyQB5AA3Bu62Z8vGLFL9xneGm1x3Mmhl
V/GoogleSignatureVerifier(31022): Prf3EoqbJGgt/2MMn1rmrY/JVSNnkauj9Y2f+r/5T7MWs+iUV7HPw7tc+lzlOgm6PTbldCh4AWyx
V/GoogleSignatureVerifier(31022): N+Yy3sBHUZsW6/VKDBYT4xVNrCjbOWhWVskFMjr5lawrzNj2KNQIK6Gg5cRatvBF8W7cRJNTt/rd
V/GoogleSignatureVerifier(31022): i5Lp31TxwbSPJg6qvwIDAQABoyEwHzAdBgNVHQ4EFgQUNxRpi2oXB1o1feFGuw0DObHoyIgwDQYJ
V/GoogleSignatureVerifier(31022): KoZIhvcNAQELBQADggEBAFB5nlBW46WK8n2JPBTxkbXFpvSSJ2ctiNOfOmME30J9jv0X8aBexAon
V/GoogleSignatureVerifier(31022): X4cZGh2b3pWcpoMny1HEBK3oxF4LFadIXProv/Fp/dXmLriZ8VXC72t49t8UfUWe6EseoycKbT6Z
V/GoogleSignatureVerifier(31022): f49oQW9evdYKLY8lCfP4gSxN9K20U4Cv9QtNoKO6qd31OfCJVC027XqyI/fMmtfG1CWB1ejEI7k0
V/GoogleSignatureVerifier(31022): FRFe53dyia0qbm90QWrwr6qbUbxoPIpsrVG1Y5z20qjikQPwYGhhaDFB55O4yBwNVFtteslpG2Lp
V/GoogleSignatureVerifier(31022): j4d9pLJc/usk1TMsl6ClU5kYMx/2gB8SdG3KPvxztOH7A991DJIIhuUrAIc=
V/GoogleSignatureVerifier(31022): ru.dublgis.dgismobile signature not valid.  Found: 
V/GoogleSignatureVerifier(31022): MIIDDTCCAfWgAwIBAgIEL1aOyjANBgkqhkiG9w0BAQsFADA3MQswCQYDVQQGEwJVUzEQMA4GA1UE
V/GoogleSignatureVerifier(31022): ChMHQW5kcm9pZDEWMBQGA1UEAxMNQW5kcm9pZCBEZWJ1ZzAeFw0xNTAzMjcwNTMwNTlaFw00NTAz
V/GoogleSignatureVerifier(31022): MTkwNTMwNTlaMDcxCzAJBgNVBAYTAlVTMRAwDgYDVQQKEwdBbmRyb2lkMRYwFAYDVQQDEw1BbmRy
V/GoogleSignatureVerifier(31022): b2lkIERlYnVnMIIBIjANBgkqhkiG9w0BAQEFAAOCAQ8AMIIBCgKCAQEAk0TspcI2S1Z0tva679hi
V/GoogleSignatureVerifier(31022): V0b2Do+VX+i0PUuqke5qcuQXELZlAzfYl6aP6PKSbrQmrj5zl2ixdnToPiCMZz/goYUW227jlokV
V/GoogleSignatureVerifier(31022): LmEm1cFQ6JvkDGcNWTssxiFe71t19XHOhZ7G9MZ+W+vNuyQB5AA3Bu62Z8vGLFL9xneGm1x3Mmhl
V/GoogleSignatureVerifier(31022): Prf3EoqbJGgt/2MMn1rmrY/JVSNnkauj9Y2f+r/5T7MWs+iUV7HPw7tc+lzlOgm6PTbldCh4AWyx
V/GoogleSignatureVerifier(31022): N+Yy3sBHUZsW6/VKDBYT4xVNrCjbOWhWVskFMjr5lawrzNj2KNQIK6Gg5cRatvBF8W7cRJNTt/rd
V/GoogleSignatureVerifier(31022): i5Lp31TxwbSPJg6qvwIDAQABoyEwHzAdBgNVHQ4EFgQUNxRpi2oXB1o1feFGuw0DObHoyIgwDQYJ
V/GoogleSignatureVerifier(31022): KoZIhvcNAQELBQADggEBAFB5nlBW46WK8n2JPBTxkbXFpvSSJ2ctiNOfOmME30J9jv0X8aBexAon
V/GoogleSignatureVerifier(31022): X4cZGh2b3pWcpoMny1HEBK3oxF4LFadIXProv/Fp/dXmLriZ8VXC72t49t8UfUWe6EseoycKbT6Z
V/GoogleSignatureVerifier(31022): f49oQW9evdYKLY8lCfP4gSxN9K20U4Cv9QtNoKO6qd31OfCJVC027XqyI/fMmtfG1CWB1ejEI7k0
V/GoogleSignatureVerifier(31022): FRFe53dyia0qbm90QWrwr6qbUbxoPIpsrVG1Y5z20qjikQPwYGhhaDFB55O4yBwNVFtteslpG2Lp
V/GoogleSignatureVerifier(31022): j4d9pLJc/usk1TMsl6ClU5kYMx/2gB8SdG3KPvxztOH7A991DJIIhuUrAIc=
D/2GIS    ( 1606): <D> 2016.05.17 10:40:14 {1658} src/qt-dgisplatformextensions/qtandroidextensions/QtAndroidLocation/QAndroidGmsLocationProvider.cpp:324(QAndroidGmsLocationProvider::requestUpdate)$ requestUpdate
D/SensorManager(31022): registerListener :: 1601335158, Rotation Vector Sensor, 200000, 0,  
W/GCoreFlp(31022): No location to return for getLastLocation()
D/2GIS    ( 1606): <D> 2016.05.17 10:40:14 {1606} src/qt-dgisplatformextensions/qtandroidextensions/QtAndroidLocation/QAndroidGmsLocationProvider.cpp:184(QAndroidGmsLocationProvider::onStatusChanged)$ onStatusChanged : status =  5
D/PhoneStatusBar( 1033): tick(): knoxCustomManager = android.app.enterprise.knoxcustom.KnoxCustomManager@42886220
I/SensorManagerA(31022): getReportingMode :: sensor.mType = 1
D/SensorManager(31022): registerListener :: 0, MPU6500 Accelerometer Sensor, 20000, 0,  
D/STATUSBAR-IconMerger( 1033): checkOverflow(240), More:true, Req:true Child:11
W/2GIS    ( 1606): <W> 2016.05.17 10:40:14 {1658} UniLog: src/v4sdk/v4core/Projects/MapModule/src/MapControl.cpp:235(unknown)$ Can't get map clipper.
W/2GIS    ( 1606): <W> 2016.05.17 10:40:14 {1658} UniLog: src/v4sdk/v4core/Projects/RegionManager/src/RegionManager.cpp:236(unknown)$ File v4configs-2016.05.10.11.56.14.2gis in directory composite dir, root path: "/", real path: "/files" [<vfs directory><filesystem directory "/storage/emulated/0/Android/data/ru.dublgis.dgismobile/files/downloads"> was opened without mapping
D/2GIS    ( 1606): <D> 2016.05.17 10:40:14 {1658} UniLog: src/v4sdk/v4core/Projects/RegionManager/src/RegionManager.cpp:280(unknown)$ Create MountBundle for app resources from state 4.0.22_2016-05-11T11-55-00Z
D/2GIS    ( 1606): <I> 2016.05.17 10:40:14 {1658} UniLog: src/qmlsdk/Projects/QmlMap/src/QmlMapParams.cpp:78(unknown)$ [EGL] Use smoothing lines: 0
D/dalvikvm( 1606): GC_FOR_ALLOC freed 2393K, 43% free 10206K/17668K, paused 35ms, total 35ms
D/2GIS    ( 1606): <I> 2016.05.17 10:40:14 {1658} UniLog: src/qmlsdk/Projects/QmlMap/src/QmlMapParams.cpp:50(unknown)$ [EGL] GetDeviceDpi: real = 305.758, easy = 0, mult = 1, virtual = 305.758
D/2GIS    ( 1606): <I> 2016.05.17 10:40:14 {1658} UniLog: src/qmlsdk/Projects/QmlMap/src/QmlMapParams.cpp:50(unknown)$ [EGL] GetDeviceDpi: real = 305.758, easy = 0, mult = 1, virtual = 305.758
E/LocSvc_ApiV02(  741): I/<--- void globalEventCb(locClientHandleType, uint32_t, locClientEventIndUnionType, void*) line 98 QMI_LOC_EVENT_ENGINE_STATE_IND_V02
V/GpsLocationProvider(  741): reportStatus status: 3
V/GpsLocationProvider(  741): reportStatus status: 1
E/File    ( 1606): fail readDirectory() errno=2
D/dalvikvm( 1606): GC_FOR_ALLOC freed 1616K, 40% free 10638K/17668K, paused 35ms, total 35ms
W/Settings( 1606): Setting airplane_mode_on has moved from android.provider.Settings.System to android.provider.Settings.Global, returning read-only value.
E/SMD     (  239): DCD ON
D/SensorManager(31022): unregisterListener ::   
D/2GIS    ( 1606): <I> 2016.05.17 10:40:15 {1658} UniLog: src/qmlsdk/Projects/QmlCore/src/RegionPreloader.cpp:192(unknown)$ PreloadRegion: using pre-loaded "Novosibirsk_ru_RU"
D/2GIS    ( 1606): <I> 2016.05.17 10:40:15 {1658} UniLog: src/qmlsdk/Projects/QmlCore/src/RegionPreloader.cpp:34(unknown)$ PreloadRegion: clearing pre-loaded region "Novosibirsk_ru_RU" , was loaded: YES
D/2GIS    ( 1606): <D> 2016.05.17 10:40:15 {1658} src/qmlsdk/Projects/QtAppCoreUtil/src/PerformanceLog.cpp:13({anonymous}::doLog)$ "[Performance] GetRegion: 0 ms"
D/2GIS    ( 1606): [Performance] ParseRegionOpen 1 ms
D/2GIS    ( 1606): <I> 2016.05.17 10:40:15 {1658} UniLog: src/qmlsdk/Projects/QmlRegions/src/RegionItem.cpp:551(unknown)$ Using state file: 4.0.22_2016-05-11T11-55-00Z
D/2GIS    ( 1606): <I> 2016.05.17 10:40:15 {1658} UniLog: src/qmlsdk/Projects/QmlRegions/src/RegionItem.cpp:573(unknown)$ Using app resources state file: 4.0.22_2016-05-11T11-55-00Z
D/2GIS    ( 1606): <I> 2016.05.17 10:40:15 {1658} UniLog: src/qmlsdk/Projects/QtAppCoreUtil/src/Localization.cpp:60(unknown)$ Default language: ru
W/2GIS    ( 1606): <W> 2016.05.17 10:40:15 {1658} UniLog: src/qmlsdk/Projects/QtAppCoreUtil/src/Localization.cpp:251(unknown)$ Failed to load translation: ru
W/2GIS    ( 1606): <W> 2016.05.17 10:40:15 {1658} UniLog: src/qmlsdk/Projects/QtAppCoreUtil/src/Localization.cpp:266(unknown)$ Failed to load default translation: en
D/2GIS    ( 1606): <D> 2016.05.17 10:40:15 {1658} src/qmlsdk/Projects/QtAppCoreUtil/src/PerformanceLog.cpp:13({anonymous}::doLog)$ "[Performance] RegionTranslationLoading: 2 ms"
D/2GIS    ( 1606): <I> 2016.05.17 10:40:15 {1658} UniLog: src/qmlsdk/Projects/QmlMap/src/MapItem.cpp:273(unknown)$ addRegion 0x7e2b7558
D/2GIS    ( 1606): <D> 2016.05.17 10:40:15 {1658} unknown:0(unknown)$ addRegion: 2ms
D/2GIS    ( 1606): <I> 2016.05.17 10:40:15 {1658} UniLog: src/qmlsdk/Projects/QtAppCoreUtil/src/Localization.cpp:60(unknown)$ Default language: ru
D/2GIS    ( 1606): <I> 2016.05.17 10:40:15 {1658} UniLog: src/qmlsdk/Projects/QmlCore/src/QmlApp.cpp:249(unknown)$ QmlApp::exec: running QCoreApplication.exec()...
