D/CustomFrequencyManagerService(  741): releaseDVFSLockLocked : Getting Lock type frm List : DVFS_MIN_LIMIT  frequency : 1401600  uid : 1000  pid : 741  tag : WAKEUP_BOOSTER@29
D/SSRMv2:TSP:AirViewOnOff(  741): SettingsAirViewInfo:: 000000000
D/InputReader(  741): Input event: value=1
D/InputReader(  741): !@notifyKey(172), action=0
D/InputManager-JNI(  741): !@interceptKeyBeforeQueueing(172), action=0
D/InputManager-JNI(  741): !@handleInterceptActions(172), action=0
D/RecentTasksLoader( 1033): preloadRecentTasksList
D/STATUSBAR-RecentTasksLoader( 1033): loadTasksInBackground() mstate:CANCELLED
D/STATUSBAR-RecentTasksLoader( 1033): loadThumbnailsAndIconsInBackground()
D/STATUSBAR-RecentTasksLoader( 1033): loadTasksInBackground -doInBackground()
D/STATUSBAR-RecentTasksLoader( 1033): loadThumbnailsAndIconsInBackground-doInBackground()
D/STATUSBAR-RecentTasksLoader( 1033):     recentTasks.size():2
D/STATUSBAR-RecentTasksLoader( 1033): loadTasksInBackground-onProgressUpdate()
D/STATUSBAR-RecentTasksLoader( 1033):  error - mRecentsPanel == null
D/STATUSBAR-RecentTasksLoader( 1033): loadTasksInBackground-onProgressUpdate()
D/STATUSBAR-RecentTasksLoader( 1033):  error - mRecentsPanel == null
D/STATUSBAR-RecentTasksLoader( 1033): loadThumbnailsAndIconsInBackground-onProgressUpdate()
D/STATUSBAR-RecentTasksLoader( 1033):     !isCancelled()
D/STATUSBAR-RecentTasksLoader( 1033): loadThumbnailsAndIconsInBackground-onProgressUpdate()
D/STATUSBAR-RecentTasksLoader( 1033):     !isCancelled()
D/STATUSBAR-RecentTasksLoader( 1033): mState = State.LOADED
D/SignalClusterView_dual( 1033): wifi: VISIBLE sig=2130838158 act=2130838112
D/SignalClusterView_dual( 1033): mMobileDataState=0 mMobileDataState2=0
D/SignalClusterView_dual( 1033): apply() mSeparateMobileGroup=8
D/STATUSBAR-NetworkController_dual( 1033): refreshSignalCluster - setNWBoosterIndicators(false)
D/SignalClusterView_dual( 1033): wifi: VISIBLE sig=2130838158 act=2130838115
D/SignalClusterView_dual( 1033): mMobileDataState=0 mMobileDataState2=0
D/SignalClusterView_dual( 1033): apply() mSeparateMobileGroup=8
D/SignalClusterView_dual( 1033): wifi: VISIBLE sig=2130838158 act=2130838115
D/SignalClusterView_dual( 1033): mMobileDataState=0 mMobileDataState2=0
D/SignalClusterView_dual( 1033): apply() mSeparateMobileGroup=8
D/SignalClusterView_dual( 1033): wifi: VISIBLE sig=2130838158 act=2130838115
D/SignalClusterView_dual( 1033): mMobileDataState=0 mMobileDataState2=0
D/SignalClusterView_dual( 1033): apply() mSeparateMobileGroup=8
D/SignalClusterView_dual( 1033): wifi: VISIBLE sig=2130838158 act=2130838115
D/SignalClusterView_dual( 1033): mMobileDataState=0 mMobileDataState2=0
D/SignalClusterView_dual( 1033): apply() mSeparateMobileGroup=8
D/StatusBar.NetworkController_dual( 1033): mMobileLabelViews start
D/StatusBar.NetworkController_dual( 1033): mMobileLabelViews set mobileLabel[SIM_0] =Только экстренные вызовы.
D/StatusBar.NetworkController_dual( 1033): mMobileLabelViews GONE
D/StatusBar.NetworkController_dual( 1033): mMobileLabelViews2 set mobileLabel[SIM_1] =Нет сети
D/StatusBar.NetworkController_dual( 1033): mMobileLabelViews2 GONE
D/StatusBar.NetworkController_dual( 1033): mSingleMobileLabelViews set : simMode = 0
D/StatusBar.NetworkController_dual( 1033): mSingleMobileLabelViews set as slot1`s
D/STATUSBAR-IconMerger( 1033): checkOverflow(240), More:true, Req:true Child:10
D/lights  (  741): button : 0 +
D/lights  (  741): button : 0 -
D/InputDispatcher(  741): set entryflags to AKEY_EVENT_FLAG_LONG_PRESS
V/Vibrator(  741): vibrateImmVibe - PUID: 1000, PackageName: android, type: 9, magType: TouchMagnitude
D/VoIPInterfaceManager(  741): isVoIPRinging()...
D/VoIPInterfaceManager(  741): isVoIPRunningAndDeregi()...
D/VoIPInterfaceManager(  741): Not exist call session
V/VibratorService(  741): hasVibrator - useVibetonz: true
V/VibratorService(  741): vibrateImmVibeMagnitudeType - magnitudeType: TouchMagnitude
D/VibratorService(  741): ImmVibe vibratorOff()
V/VibratorService(  741): vibrateImmVibe - package: android, type: 9, magnitude: 8000
D/WallpaperManager( 1033): SEC_PRODUCT_FEATURE_COMMON_ENABLE_TEXTURE_COMPRESSION is true
D/STATUSBAR-AirplaneModeQuickSettingButton( 1033): onReceive : android.intent.action.CLOSE_SYSTEM_DIALOGS
V/ApplicationPolicy(  741): isApplicationStateBlocked userId 0 pkgname com.android.systemui
D/CustomFrequencyManagerService(  741): acquireDVFSLockLocked : type : DVFS_MIN_LIMIT  frequency : 1190400  uid : 1000  pid : 741  pkgName : ACTIVITY_RESUME_BOOSTER@6
W/ActivityManager(  741): mDVFSHelper.acquire()
D/Launcher.HomeView( 6005): onPause
D/PointerIcon(  741): setMouseIconStyle1 pointerType: 1001iconType:101 flag:0
D/PointerIcon(  741): setMouseCustomIcon IconType is same.101
D/Launcher.Workspace( 6005): exitWidgetResizeMode State: NORMAL, newDragStarted: false
D/StatusBarManagerService(  741): tr p:6005,o:f
D/PhoneStatusBar( 1033): setTransGradationMode=false, mTransparentMode=false, mSemiTransparentMode=false, mMultiWindowMode=false
D/PhoneStatusBar( 1033): checkBarMode(2)
V/WindowOrientationListener(  741): ScreenOrientationEventListenerImpl.getProposedRotationLocked, Rotation: -1
V/WindowOrientationListener(  741): ScreenOrientationEventListenerImpl.getProposedRotationLocked, Rotation: -1
V/WindowManager(  741): rotationForOrientationLw(orient=-1, last=0); user=0  sensorRotation=-1 mLidState=-1 mDockMode=0 mHdmiPlugged=false mAccelerometerDefault=false gripRotationLock=false
D/PowerManagerService(  741): setKeyboardVisibility: false
D/STATUSBAR-RecentsPanel( 1033): onCreate()
D/StatusBarManagerService(  741): tr p:1033,o:f
E/RecentsPanelView( 1033): TASK_MANAGER_PACKAGE not found
D/AbsListView( 1033): Get MotionRecognitionManager
D/MotionRecognitionService(  741):  ssp status : false
D/STATUSBAR-RecentsPanelView( 1033): onFinishInflate()
D/STATUSBAR-RecentsPanel( 1033): PrivateMode  initState(false)
D/RecentsPanelView( 1033): isEmergencyMode :false isUltraPowerSavingMode:false isEmergencyOrUPSM:false
D/WallpaperManager( 1033): SEC_PRODUCT_FEATURE_COMMON_ENABLE_TEXTURE_COMPRESSION is true
D/STATUSBAR-RecentsPanel( 1033): handleIntent(): com.android.systemui.recent.action.TOGGLE_RECENTS
D/STATUSBAR-RecentsPanelView( 1033): refreshRecentTasksList()
D/STATUSBAR-RecentsPanelView( 1033): onTasksLoaded()
D/RecentsPanelView( 1033): show: true
D/STATUSBAR-RecentsPanel( 1033): onStart()
D/STATUSBAR-RecentsPanelView( 1033): refreshRecentTasksList()
D/STATUSBAR-RecentTasksLoader( 1033): loadTasksInBackground() mstate:LOADED
D/STATUSBAR-RecentTasksLoader( 1033):     return (mState != State.CANCELLED)
D/STATUSBAR-RecentsPanelView( 1033): updateUiElements items:1 Showing:true
D/RecentsPanelView( 1033): show: true
D/RecentsPanelView( 1033): isEmergencyMode :false isUltraPowerSavingMode:false isEmergencyOrUPSM:false
D/PhoneStatusBar( 1033): setTransGradationMode=false, mTransparentMode=false, mSemiTransparentMode=false, mMultiWindowMode=false
D/PhoneStatusBar( 1033): checkBarMode(2)
D/STATUSBAR-RecentsPanel( 1033): onResume()
D/StatusBarManagerService(  741): semi p:1033,o:f
D/STATUSBAR-AirplaneModeQuickSettingButton( 1033): onReceive : android.intent.action.CLOSE_SYSTEM_DIALOGS
D/PhoneStatusBar( 1033): setSemiTransparentMode=false, mTransparentMode=false, mSemiTransparentMode=false, mMultiWindowMode=false
D/PhoneStatusBar( 1033): checkBarMode(2)
D/STATUSBAR-AirplaneModeQuickSettingButton( 1033): onReceive : android.intent.action.CLOSE_SYSTEM_DIALOGS
D/STATUSBAR-RecentsPanel( 1033): onReceive(Intent { act=android.intent.action.CLOSE_SYSTEM_DIALOGS flg=0x50000010 (has extras) })
D/RecentsPanel( 1033): reason : recentapps
I/SurfaceFlinger(  245): id=3834 createSurf (1x1),1 flag=4, SecentsActi
I/SpenGestureManager(  741): setFocusWindow21010
D/PointerIcon(  741): setMouseIconStyle1 pointerType: 1001iconType:101 flag:0
D/PointerIcon(  741): setMouseCustomIcon IconType is same.101
D/STATUSBAR-StatusBarManagerService(  741): manageDisableList what=0x0 pkg=WindowManager.LayoutParams
D/SurfaceWidgetView( 6005): destroyHardwareResources():1109302976
D/STATUSBAR-StatusBarManagerService(  741): manageDisableList what=0x0 pkg=WindowManager.LayoutParams
W/ContextImpl(  741): Calling a method in the system process without a qualified user: android.app.ContextImpl.sendBroadcast:1510 com.android.server.InputMethodManagerService$4.run:2772 java.lang.Thread.run:841 <bottom of call stack> <bottom of call stack> 
D/PhoneStatusBar( 1033): checkBarMode(0)
E/SMD     (  239): DCD ON
I/SurfaceFlinger(  245): id=3832 Removed Mauncher (8/16)
I/SurfaceFlinger(  245): id=3832 Removed Mauncher (-2/16)
D/Launcher.HomeView( 6005): onStop
D/SurfaceWidgetConnection( 6005): .SurfaceWidgetWeather#1 is being paused by launcher
D/SurfaceWidgetClient$ISurfaceWidgetStub( 6145): [237392/5] Surface widget pause on instance = 1
D/accuweather( 6145): [Accuweather J]>>> SWW:208 [0:0] [SWW] onPause : rI = 1
D/accuweather( 6145): [Accuweather J]>>> SWW:218 [0:0] [SWW] onPause : size = 0
D/SurfaceWidgetClient$ISurfaceWidgetStub( 6145): [237392/5] Surface widget visibility changed visibility = false on instance = 1
D/accuweather( 6145): [Accuweather J]>>> SWW:626 [0:0]  unRegisterTTReceiver !! 
D/Launcher( 6005): onTrimMemory. Level: 20
D/accuweather( 6145): [Accuweather J]>>> WCD:1428 [0:0] cARH()
D/CustomFrequencyManagerService(  741): releaseDVFSLockLocked : Getting Lock type frm List : DVFS_MIN_LIMIT  frequency : 1190400  uid : 1000  pid : 741  tag : ACTIVITY_RESUME_BOOSTER@6
W/ActivityManager(  741): mDVFSHelper.release()
D/CustomFrequencyManagerService(  741): acquireDVFSLockLocked : type : DVFS_MIN_LIMIT  frequency : 1190400  uid : 1000  pid : 741  pkgName : ACTIVITY_RESUME_BOOSTER@10
D/accuweather( 6145): [Accuweather J]>>> WCD:546 [0:0]  onPause 
D/accuweather( 6145): [Accuweather J]>>> WR:475 [0:0] onPause : 1
D/accuweather( 6145): [Accuweather J]>>> SWW:536 [0:0] =================== , pause :1
D/InputReader(  741): Input event: value=0
D/InputReader(  741): !@notifyKey(172), action=1
D/InputManager-JNI(  741): !@interceptKeyBeforeQueueing(172), action=1
D/InputManager-JNI(  741): !@handleInterceptActions(172), action=1
I/InputReader(  741): Touch event's action is 0x0 (deviceType=0) [pCnt=1, s=0.16188 ] when=724748973679000
I/InputDispatcher(  741): Delivering touch to (1033): action: 0x4, toolType: 1
I/InputDispatcher(  741): Delivering touch to (1033): action: 0x0, toolType: 1
I/InputDispatcher(  741): Delivering touch to (1033): action: 0x0, toolType: 1
I/InputReader(  741): Touch event's action is 0x1 (deviceType=0) [pCnt=1, s=] when=724749071162000
I/InputDispatcher(  741): Delivering touch to (1033): action: 0x1, toolType: 1
I/InputDispatcher(  741): Delivering touch to (1033): action: 0x1, toolType: 1
D/STATUSBAR-RecentsPanel( 1033): dismissAndGoBack()
D/RecentsPanelView( 1033): show: false
V/AlarmManager(  741): waitForAlarm result :4
V/AlarmManager(  741): trigger ELAPSED_REALTIME_WAKEUP or RTC_WAKEUP
D/STATUSBAR-RecentsPanel( 1033): onPause()
D/CustomFrequencyManagerService(  741): acquireDVFSLockLocked : type : DVFS_MIN_LIMIT  frequency : 1190400  uid : 1000  pid : 741  pkgName : ACTIVITY_RESUME_BOOSTER@6
W/ActivityManager(  741): mDVFSHelper.acquire()
V/WindowOrientationListener(  741): ScreenOrientationEventListenerImpl.getProposedRotationLocked, Rotation: -1
V/WindowOrientationListener(  741): ScreenOrientationEventListenerImpl.getProposedRotationLocked, Rotation: -1
V/WindowManager(  741): rotationForOrientationLw(orient=1, last=0); user=0  sensorRotation=-1 mLidState=-1 mDockMode=0 mHdmiPlugged=false mAccelerometerDefault=false gripRotationLock=false
D/SurfaceWidgetView( 6005): destroyHardwareResources():1109302976
D/PowerManagerService(  741): setKeyboardVisibility: false
D/Launcher( 6005): onRestart, Launcher: 1109715656
D/PointerIcon(  741): setMouseIconStyle1 pointerType: 1001iconType:101 flag:0
D/Launcher( 6005): onStart, Launcher: 1109715656
D/Launcher.HomeView( 6005): onStart
D/PointerIcon(  741): setMouseCustomIcon IconType is same.101
D/Launcher( 6005): onResume, Launcher: 1109715656
D/PhoneStatusBar( 1033): setSemiTransparentMode=false, mTransparentMode=false, mSemiTransparentMode=false, mMultiWindowMode=false
D/PhoneStatusBar( 1033): checkBarMode(0)
D/Launcher.HomeView( 6005): onResume
D/SurfaceWidgetConnection( 6005): .SurfaceWidgetWeather#1 is being resumed by launcher
D/SurfaceWidgetClient$ISurfaceWidgetStub( 6145): [237392/5] Surface widget resume on instance = 1
D/accuweather( 6145): [Accuweather J]>>> SWW:175 [0:0] [SWW] onResume : rI = 1
D/accuweather( 6145): [Accuweather J]>>> SWW:180 [0:0] [SWW] onResume : Orientation = 1/1
D/accuweather( 6145): [Accuweather J]>>> WR:456 [0:0] =============== updateTime = 1
D/PhoneStatusBar( 1033): setTransGradationMode=false, mTransparentMode=false, mSemiTransparentMode=false, mMultiWindowMode=false
D/PhoneStatusBar( 1033): checkBarMode(0)
D/accuweather( 6145): [Accuweather J]>>> SWW:194 [0:0] [SWW] onResume : size = 1
D/StatusBarManagerService(  741): semi p:6005,o:f
D/StatusBarManagerService(  741): tr p:6005,o:f
D/MenuAppsGridFragment( 6005): onResume
D/accuweather( 6145): [Accuweather J]>>> DBH:1945 [0:0] gADWI : count = 0
D/SurfaceWidgetClient$ISurfaceWidgetStub( 6145): [237392/5] Surface widget visibility changed visibility = true on instance = 1
D/SurfaceWidget.Renderer( 6145): [237392/5] SurfaceWidget drawing first frame
D/accuweather( 6145): [Accuweather J]>>> WR:623 [0:0] onGLDraw : BG texture = 5
D/accuweather( 6145): [Accuweather J]>>> WCD:420 [0:0]  onFirstUpdate :: fU = false
D/accuweather( 6145): [Accuweather J]>>> SWW:309 [0:0] hideMsg : mResumeInstnceList[0] = 1
D/accuweather( 6145): [Accuweather J]>>> WR:800 [0:0] hideMsg : -1, isShow = false
D/accuweather( 6145): [Accuweather J]>>> WR:806 [0:0] hideMsg : 0
D/accuweather( 6145): [Accuweather J]>>> WCD:510 [0:0]  onResume : fU = false, cnt =0
D/accuweather( 6145): [Accuweather J]>>> WCD:520 [0:0]  onResume :: mFAR = false, cC = false, isa = false
D/accuweather( 6145): [Accuweather J]>>> SWW:601 [0:0]  registerTTReceiver ! 
D/Mms/UIEventReceiver(31552): ui event
I/SurfaceFlinger(  245): id=3835 createSurf (720x1280),1 flag=4, Mauncher
I/SpenGestureManager(  741): setFocusWindow21005
D/accuweather( 6145): [Accuweather J]>>> WR:497 [0:0] onResume : 1, widgetMode : 1, orientation : 1
D/PointerIcon(  741): setMouseIconStyle1 pointerType: 1001iconType:101 flag:0
D/PointerIcon(  741): setMouseCustomIcon IconType is same.101
D/comsamsunglog( 6145): [Accuweather J]>>> ==============================================================================================
D/comsamsunglog( 6145): [Accuweather J]>>> widgetappapheroaccuweather [Version : 14052301] [ 1 ] 
D/comsamsunglog( 6145): [Accuweather J]>>> Header set to : ===> "accuweather" <===
D/comsamsunglog( 6145): [Accuweather J]>>> ==============================================================================================
D/STATUSBAR-StatusBarManagerService(  741): manageDisableList what=0x0 pkg=WindowManager.LayoutParams
D/accuweather( 6145): [Accuweather J]>>> SM:1116 [0:0] updateCurrentCityTime : [1]0/1
D/accuweather( 6145): [Accuweather J]>>> SM:1133 [0:0] updateCurrentCityTime , ConditionLayerWidth = 702, mConditionLayerHeight = 432
D/accuweather( 6145): [Accuweather J]>>> SM:2030 [0:0] drw 1nd Tm dt = вт, 17 мая
D/accuweather( 6145): [Accuweather J]>>> SM:3388 [0:0] onR : isAni = false
D/accuweather( 6145): [Accuweather J]>>> SWW:540 [0:0] =================== , resume :1
D/PhoneStatusBar( 1033): setTransGradationMode=false, mTransparentMode=false, mSemiTransparentMode=false, mMultiWindowMode=false
D/PhoneStatusBar( 1033): checkBarMode(0)
D/StatusBarManagerService(  741): tr p:6005,o:f
W/ContextImpl(  741): Calling a method in the system process without a qualified user: android.app.ContextImpl.sendBroadcast:1510 com.android.server.InputMethodManagerService$4.run:2772 java.lang.Thread.run:841 <bottom of call stack> <bottom of call stack> 
D/PhoneStatusBar( 1033): checkBarMode(2)
D/STATUSBAR-StatusBarManagerService(  741): manageDisableList what=0x0 pkg=WindowManager.LayoutParams
D/SensorService(  741): [SO] -0.212 0.263 9.888
D/CustomFrequencyManagerService(  741): releaseDVFSLockLocked : Getting Lock type frm List : DVFS_MIN_LIMIT  frequency : 1190400  uid : 1000  pid : 741  tag : ACTIVITY_RESUME_BOOSTER@10
D/CustomFrequencyManagerService(  741): FrequencyrequestList.getNextMaxCPUCoreRequest, index: 0
I/SurfaceFlinger(  245): id=3834 Removed SecentsActi (8/16)
I/SurfaceFlinger(  245): id=3834 Removed SecentsActi (-2/16)
D/CustomFrequencyManagerService(  741): releaseDVFSLockLocked : Getting Lock type frm List : DVFS_MIN_LIMIT  frequency : 1190400  uid : 1000  pid : 741  tag : ACTIVITY_RESUME_BOOSTER@6
W/ActivityManager(  741): mDVFSHelper.release()
D/AbsListView( 1033): onDetachedFromWindow
D/STATUSBAR-RecentsPanel( 1033): onStop()
D/STATUSBAR-RecentsPanelView( 1033): onUiHidden() - mShowing:false, mRecentTaskDescriptions != null:true
D/STATUSBAR-RecentsPanelView( 1033): clearRecentTasksList()
D/STATUSBAR-RecentTasksLoader( 1033): cancelLoadingThumbnailsAndIcons()
D/STATUSBAR-RecentTasksLoader( 1033): mTaskLoader.cancel()
D/STATUSBAR-RecentTasksLoader( 1033): mThumbnailLoader.cancel()
D/CustomFrequencyManagerService(  741): acquireDVFSLockLocked : type : DVFS_MIN_LIMIT  frequency : 1190400  uid : 1000  pid : 741  pkgName : ACTIVITY_RESUME_BOOSTER@10
D/STATUSBAR-RecentTasksLoader( 1033):  - mRecentsPanel.onTaskLoadingCancelled()
D/STATUSBAR-RecentsPanelView( 1033): onTaskLoadingCancelled()
D/STATUSBAR-RecentTasksLoader( 1033):  - mRecentsPanel.dismiss()
D/RecentsPanelView( 1033): show: false
D/STATUSBAR-RecentsPanelView( 1033): onTaskLoadingCancelled()
D/STATUSBAR-RecentsPanel( 1033): onDestroy()
D/CustomFrequencyManagerService(  741): releaseDVFSLockLocked : Getting Lock type frm List : DVFS_MIN_LIMIT  frequency : 1190400  uid : 1000  pid : 741  tag : ACTIVITY_RESUME_BOOSTER@10
E/SMD     (  239): DCD ON
V/AlarmManager(  741): waitForAlarm result :4
V/AlarmManager(  741): trigger ELAPSED_REALTIME_WAKEUP or RTC_WAKEUP
E/SMD     (  239): DCD ON
D/SSRMv2:SIOP(  741): SIOP:: AP = 310 (0), Delta = 10
E/SMD     (  239): DCD ON
D/SensorService(  741): [SO] -0.192 0.266 9.907
E/SMD     (  239): DCD ON
E/SMD     (  239): DCD ON
E/SMD     (  239): DCD ON
D/SSRMv2:SIOP(  741): SIOP:: AP = 300 (0), Delta = -10
E/SMD     (  239): DCD ON
D/SensorService(  741): [SO] -0.180 0.222 9.901
E/Watchdog(  741): !@Sync 24156
E/SMD     (  239): DCD ON
I/InputReader(  741): Touch event's action is 0x0 (deviceType=0) [pCnt=1, s=0.16189 ] when=724774148413000
I/InputDispatcher(  741): Delivering touch to (1033): action: 0x4, toolType: 1
I/InputDispatcher(  741): Delivering touch to (6005): action: 0x0, toolType: 1
I/InputDispatcher(  741): Delivering touch to (1033): action: 0x0, toolType: 1
D/CustomFrequencyManagerService(  741): acquireDVFSLockLocked : type : DVFS_MIN_LIMIT  frequency : 1094400  uid : 10007  pid : 6005  pkgName : com.sec.android.app.launcher@1
I/InputReader(  741): Touch event's action is 0x1 (deviceType=0) [pCnt=1, s=] when=724774212286000
I/InputDispatcher(  741): Delivering touch to (6005): action: 0x1, toolType: 1
I/InputDispatcher(  741): Delivering touch to (1033): action: 0x1, toolType: 1
D/SurfaceWidgetConnection( 6005): .SurfaceWidgetWeather#1 is being paused by launcher
D/SurfaceWidgetClient$ISurfaceWidgetStub( 6145): [237392/5] Surface widget pause on instance = 1
D/accuweather( 6145): [Accuweather J]>>> SWW:208 [0:0] [SWW] onPause : rI = 1
D/CustomFrequencyManagerService(  741): releaseDVFSLockLocked : Getting Lock type frm List : DVFS_MIN_LIMIT  frequency : 1094400  uid : 10007  pid : 6005  tag : com.sec.android.app.launcher@1
D/accuweather( 6145): [Accuweather J]>>> SWW:218 [0:0] [SWW] onPause : size = 0
D/accuweather( 6145): [Accuweather J]>>> SWW:626 [0:0]  unRegisterTTReceiver !! 
D/accuweather( 6145): [Accuweather J]>>> WCD:1428 [0:0] cARH()
D/accuweather( 6145): [Accuweather J]>>> WCD:546 [0:0]  onPause 
D/accuweather( 6145): [Accuweather J]>>> WR:475 [0:0] onPause : 1
D/accuweather( 6145): [Accuweather J]>>> SWW:536 [0:0] =================== , pause :1
D/Launcher.Workspace( 6005): exitWidgetResizeMode State: NORMAL, newDragStarted: false
D/TimaService(  741): TIMA: TimaService scheduler is intialized. 
D/TimaService(  741): TimaServiceHandler.handleMessage what =1
D/        (  741): TIMA: tima-pkm-check event req_len=7512,resp_len=4104!
D/        (  741): TIMA: tima-pkm-check event call to open backend shared_mem_len=7512!
D/        (  741): TAL: TIMA_backend_open--int8_t TIMA_backend_open(void**, appID, uint32_t, uint32_t)
D/        (  741): TIMA: QCOM_backend_open--int8_t QCOM_backend_open(void**, appID, uint32_t, uint32_t)
D/QSEECOMAPI: (  741): App is already loaded QSEE and app id = 4
D/        (  741): TIMA: tima-pkm--TZAPPS is already loaded!
D/        (  741): TAL: TIMA_PKM_measure_kernel--int8_t TIMA_PKM_measure_kernel(TIMA_handle_t, void*, uint32_t, void*, uint32_t, uint32_t)
D/        (  741): TIMA: QCOM_send_command--int8_t QCOM_send_command(TIMA_handle_t, void*, uint32_t, void*, uint32_t, uint32_t)
D/        (  741): rsp_len = 1008 rcvd_data_len = 1040, self_calculate_len=1040
D/TimaService(  741): TIMA: checkEvent, operation: 50000 subject: 10000
D/        (  741): TIMA: QCOM_send_command result--0
D/        (  741): TIMA_PKM_measure_kernel returns with resp..ret=512!
D/        (  741): TAL: TIMA_PKM_measure_kernel--int8_t TIMA_PKM_measure_kernel(TIMA_handle_t, void*, uint32_t, void*, uint32_t, uint32_t)
D/        (  741): TIMA: QCOM_send_command--int8_t QCOM_send_command(TIMA_handle_t, void*, uint32_t, void*, uint32_t, uint32_t)
D/        (  741): rsp_len = 1008 rcvd_data_len = 1040, self_calculate_len=1040
D/        (  741): TIMA: QCOM_send_command result--0
D/        (  741): TIMA_PKM_measure_kernel returns with resp..ret=512!
D/        (  741): TAL: TIMA_PKM_measure_kernel--int8_t TIMA_PKM_measure_kernel(TIMA_handle_t, void*, uint32_t, void*, uint32_t, uint32_t)
D/        (  741): TIMA: QCOM_send_command--int8_t QCOM_send_command(TIMA_handle_t, void*, uint32_t, void*, uint32_t, uint32_t)
D/        (  741): rsp_len = 1008 rcvd_data_len = 1040, self_calculate_len=1040
D/        (  741): TIMA: QCOM_send_command result--0
D/        (  741): TIMA_PKM_measure_kernel returns with resp..ret=512!
D/        (  741): TAL: TIMA_PKM_measure_kernel--int8_t TIMA_PKM_measure_kernel(TIMA_handle_t, void*, uint32_t, void*, uint32_t, uint32_t)
D/        (  741): TIMA: QCOM_send_command--int8_t QCOM_send_command(TIMA_handle_t, void*, uint32_t, void*, uint32_t, uint32_t)
D/        (  741): rsp_len = 1008 rcvd_data_len = 1040, self_calculate_len=1040
D/        (  741): TIMA: QCOM_send_command result--0
D/        (  741): TIMA_PKM_measure_kernel returns with resp..ret=512!
D/        (  741): TAL: TIMA_PKM_measure_kernel--int8_t TIMA_PKM_measure_kernel(TIMA_handle_t, void*, uint32_t, void*, uint32_t, uint32_t)
D/        (  741): TIMA: QCOM_send_command--int8_t QCOM_send_command(TIMA_handle_t, void*, uint32_t, void*, uint32_t, uint32_t)
D/        (  741): rsp_len = 1008 rcvd_data_len = 1040, self_calculate_len=1040
D/        (  741): TIMA: QCOM_send_command result--0
D/        (  741): TIMA_PKM_measure_kernel returns with resp..ret=512!
D/        (  741): TAL: TIMA_PKM_measure_kernel--int8_t TIMA_PKM_measure_kernel(TIMA_handle_t, void*, uint32_t, void*, uint32_t, uint32_t)
D/        (  741): TIMA: QCOM_send_command--int8_t QCOM_send_command(TIMA_handle_t, void*, uint32_t, void*, uint32_t, uint32_t)
D/        (  741): rsp_len = 1008 rcvd_data_len = 1040, self_calculate_len=1040
D/        (  741): TIMA: QCOM_send_command result--0
D/        (  741): TIMA_PKM_measure_kernel returns with resp..ret=512!
D/        (  741): TAL: TIMA_PKM_measure_kernel--int8_t TIMA_PKM_measure_kernel(TIMA_handle_t, void*, uint32_t, void*, uint32_t, uint32_t)
D/        (  741): TIMA: QCOM_send_command--int8_t QCOM_send_command(TIMA_handle_t, void*, uint32_t, void*, uint32_t, uint32_t)
D/        (  741): rsp_len = 1008 rcvd_data_len = 1040, self_calculate_len=1040
D/        (  741): TIMA: QCOM_send_command result--0
D/        (  741): TIMA_PKM_measure_kernel returns with resp..ret=512!
D/        (  741): TAL: TIMA_PKM_measure_kernel--int8_t TIMA_PKM_measure_kernel(TIMA_handle_t, void*, uint32_t, void*, uint32_t, uint32_t)
D/        (  741): TIMA: QCOM_send_command--int8_t QCOM_send_command(TIMA_handle_t, void*, uint32_t, void*, uint32_t, uint32_t)
D/        (  741): rsp_len = 1008 rcvd_data_len = 1040, self_calculate_len=1040
D/        (  741): TIMA: QCOM_send_command result--0
D/        (  741): TIMA_PKM_measure_kernel returns with resp..ret=512!
D/        (  741): TAL: TIMA_PKM_measure_kernel--int8_t TIMA_PKM_measure_kernel(TIMA_handle_t, void*, uint32_t, void*, uint32_t, uint32_t)
D/        (  741): TIMA: QCOM_send_command--int8_t QCOM_send_command(TIMA_handle_t, void*, uint32_t, void*, uint32_t, uint32_t)
D/        (  741): rsp_len = 1008 rcvd_data_len = 1040, self_calculate_len=1040
D/        (  741): TIMA: QCOM_send_command result--0
D/        (  741): TIMA_PKM_measure_kernel returns with resp..ret=512!
D/        (  741): TAL: TIMA_PKM_measure_kernel--int8_t TIMA_PKM_measure_kernel(TIMA_handle_t, void*, uint32_t, void*, uint32_t, uint32_t)
D/        (  741): TIMA: QCOM_send_command--int8_t QCOM_send_command(TIMA_handle_t, void*, uint32_t, void*, uint32_t, uint32_t)
D/        (  741): rsp_len = 1008 rcvd_data_len = 1040, self_calculate_len=1040
D/        (  741): TIMA: QCOM_send_command result--0
D/        (  741): TIMA_PKM_measure_kernel returns with resp..ret=512!
D/        (  741): TAL: TIMA_PKM_measure_kernel--int8_t TIMA_PKM_measure_kernel(TIMA_handle_t, void*, uint32_t, void*, uint32_t, uint32_t)
D/        (  741): TIMA: QCOM_send_command--int8_t QCOM_send_command(TIMA_handle_t, void*, uint32_t, void*, uint32_t, uint32_t)
D/        (  741): rsp_len = 1008 rcvd_data_len = 1040, self_calculate_len=1040
D/        (  741): TIMA: QCOM_send_command result--0
D/        (  741): TIMA_PKM_measure_kernel returns with resp..ret=512!
D/        (  741): TAL: TIMA_PKM_measure_kernel--int8_t TIMA_PKM_measure_kernel(TIMA_handle_t, void*, uint32_t, void*, uint32_t, uint32_t)
D/        (  741): TIMA: QCOM_send_command--int8_t QCOM_send_command(TIMA_handle_t, void*, uint32_t, void*, uint32_t, uint32_t)
D/        (  741): rsp_len = 1008 rcvd_data_len = 1040, self_calculate_len=1040
D/        (  741): TIMA: QCOM_send_command result--0
D/        (  741): TIMA_PKM_measure_kernel returns with resp..ret=512!
D/        (  741): TAL: TIMA_PKM_measure_kernel--int8_t TIMA_PKM_measure_kernel(TIMA_handle_t, void*, uint32_t, void*, uint32_t, uint32_t)
D/        (  741): TIMA: QCOM_send_command--int8_t QCOM_send_command(TIMA_handle_t, void*, uint32_t, void*, uint32_t, uint32_t)
D/        (  741): rsp_len = 1008 rcvd_data_len = 1040, self_calculate_len=1040
D/        (  741): TIMA: QCOM_send_command result--0
D/        (  741): TIMA_PKM_measure_kernel returns with resp..ret=512!
D/        (  741): TAL: TIMA_PKM_measure_kernel--int8_t TIMA_PKM_measure_kernel(TIMA_handle_t, void*, uint32_t, void*, uint32_t, uint32_t)
D/        (  741): TIMA: QCOM_send_command--int8_t QCOM_send_command(TIMA_handle_t, void*, uint32_t, void*, uint32_t, uint32_t)
D/        (  741): rsp_len = 1008 rcvd_data_len = 1040, self_calculate_len=1040
D/        (  741): TIMA: QCOM_send_command result--0
D/        (  741): TIMA_PKM_measure_kernel returns with resp..ret=512!
D/        (  741): TAL: TIMA_PKM_measure_kernel--int8_t TIMA_PKM_measure_kernel(TIMA_handle_t, void*, uint32_t, void*, uint32_t, uint32_t)
D/        (  741): TIMA: QCOM_send_command--int8_t QCOM_send_command(TIMA_handle_t, void*, uint32_t, void*, uint32_t, uint32_t)
D/        (  741): rsp_len = 1008 rcvd_data_len = 1040, self_calculate_len=1040
D/        (  741): TIMA: QCOM_send_command result--0
D/        (  741): TIMA_PKM_measure_kernel returns with resp..ret=512!
D/        (  741): TAL: TIMA_PKM_measure_kernel--int8_t TIMA_PKM_measure_kernel(TIMA_handle_t, void*, uint32_t, void*, uint32_t, uint32_t)
D/        (  741): TIMA: QCOM_send_command--int8_t QCOM_send_command(TIMA_handle_t, void*, uint32_t, void*, uint32_t, uint32_t)
D/        (  741): rsp_len = 1008 rcvd_data_len = 1040, self_calculate_len=1040
D/        (  741): TIMA: QCOM_send_command result--0
D/        (  741): TIMA_PKM_measure_kernel returns with resp..ret=512!
D/        (  741): TAL: TIMA_PKM_measure_kernel--int8_t TIMA_PKM_measure_kernel(TIMA_handle_t, void*, uint32_t, void*, uint32_t, uint32_t)
D/        (  741): TIMA: QCOM_send_command--int8_t QCOM_send_command(TIMA_handle_t, void*, uint32_t, void*, uint32_t, uint32_t)
D/        (  741): rsp_len = 1008 rcvd_data_len = 1040, self_calculate_len=1040
D/        (  741): TIMA: QCOM_send_command result--0
D/        (  741): TIMA_PKM_measure_kernel returns with resp..ret=512!
D/        (  741): TAL: TIMA_PKM_measure_kernel--int8_t TIMA_PKM_measure_kernel(TIMA_handle_t, void*, uint32_t, void*, uint32_t, uint32_t)
D/        (  741): TIMA: QCOM_send_command--int8_t QCOM_send_command(TIMA_handle_t, void*, uint32_t, void*, uint32_t, uint32_t)
D/        (  741): rsp_len = 1008 rcvd_data_len = 1040, self_calculate_len=1040
D/        (  741): TIMA: QCOM_send_command result--0
D/        (  741): TIMA_PKM_measure_kernel returns with resp..ret=512!
D/        (  741): TAL: TIMA_PKM_measure_kernel--int8_t TIMA_PKM_measure_kernel(TIMA_handle_t, void*, uint32_t, void*, uint32_t, uint32_t)
D/        (  741): TIMA: QCOM_send_command--int8_t QCOM_send_command(TIMA_handle_t, void*, uint32_t, void*, uint32_t, uint32_t)
D/        (  741): rsp_len = 1008 rcvd_data_len = 1040, self_calculate_len=1040
D/        (  741): TIMA: QCOM_send_command result--0
D/        (  741): TIMA_PKM_measure_kernel returns with resp..ret=512!
D/        (  741): TAL: TIMA_PKM_measure_kernel--int8_t TIMA_PKM_measure_kernel(TIMA_handle_t, void*, uint32_t, void*, uint32_t, uint32_t)
D/        (  741): TIMA: QCOM_send_command--int8_t QCOM_send_command(TIMA_handle_t, void*, uint32_t, void*, uint32_t, uint32_t)
D/        (  741): rsp_len = 1008 rcvd_data_len = 1040, self_calculate_len=1040
D/SurfaceWidgetClient$ISurfaceWidgetStub( 6145): [237392/5] Surface widget visibility changed visibility = false on instance = 1
D/        (  741): TIMA: QCOM_send_command result--0
D/        (  741): TIMA_PKM_measure_kernel returns with resp..ret=512!
D/        (  741): TAL: TIMA_PKM_measure_kernel--int8_t TIMA_PKM_measure_kernel(TIMA_handle_t, void*, uint32_t, void*, uint32_t, uint32_t)
D/        (  741): TIMA: QCOM_send_command--int8_t QCOM_send_command(TIMA_handle_t, void*, uint32_t, void*, uint32_t, uint32_t)
D/        (  741): rsp_len = 1008 rcvd_data_len = 1040, self_calculate_len=1040
D/        (  741): TIMA: QCOM_send_command result--0
D/        (  741): TIMA_PKM_measure_kernel returns with resp..ret=512!
D/        (  741): TAL: TIMA_PKM_measure_kernel--int8_t TIMA_PKM_measure_kernel(TIMA_handle_t, void*, uint32_t, void*, uint32_t, uint32_t)
D/        (  741): TIMA: QCOM_send_command--int8_t QCOM_send_command(TIMA_handle_t, void*, uint32_t, void*, uint32_t, uint32_t)
D/        (  741): rsp_len = 1008 rcvd_data_len = 1040, self_calculate_len=1040
D/        (  741): TIMA: QCOM_send_command result--0
D/        (  741): TIMA_PKM_measure_kernel returns with resp..ret=512!
D/        (  741): TAL: TIMA_PKM_measure_kernel--int8_t TIMA_PKM_measure_kernel(TIMA_handle_t, void*, uint32_t, void*, uint32_t, uint32_t)
D/        (  741): TIMA: QCOM_send_command--int8_t QCOM_send_command(TIMA_handle_t, void*, uint32_t, void*, uint32_t, uint32_t)
D/        (  741): rsp_len = 1008 rcvd_data_len = 1040, self_calculate_len=1040
D/        (  741): TIMA: QCOM_send_command result--0
D/        (  741): TIMA_PKM_measure_kernel returns with resp..ret=512!
D/        (  741): TAL: TIMA_PKM_measure_kernel--int8_t TIMA_PKM_measure_kernel(TIMA_handle_t, void*, uint32_t, void*, uint32_t, uint32_t)
D/        (  741): TIMA: QCOM_send_command--int8_t QCOM_send_command(TIMA_handle_t, void*, uint32_t, void*, uint32_t, uint32_t)
D/        (  741): rsp_len = 1008 rcvd_data_len = 1040, self_calculate_len=1040
D/        (  741): TIMA: QCOM_send_command result--0
D/        (  741): TIMA_PKM_measure_kernel returns with resp..ret=512!
D/        (  741): TAL: TIMA_PKM_measure_kernel--int8_t TIMA_PKM_measure_kernel(TIMA_handle_t, void*, uint32_t, void*, uint32_t, uint32_t)
D/        (  741): TIMA: QCOM_send_command--int8_t QCOM_send_command(TIMA_handle_t, void*, uint32_t, void*, uint32_t, uint32_t)
D/        (  741): rsp_len = 1008 rcvd_data_len = 1040, self_calculate_len=1040
D/        (  741): TIMA: QCOM_send_command result--0
D/        (  741): TIMA_PKM_measure_kernel returns with resp..ret=512!
D/        (  741): TAL: TIMA_PKM_measure_kernel--int8_t TIMA_PKM_measure_kernel(TIMA_handle_t, void*, uint32_t, void*, uint32_t, uint32_t)
D/        (  741): TIMA: QCOM_send_command--int8_t QCOM_send_command(TIMA_handle_t, void*, uint32_t, void*, uint32_t, uint32_t)
D/        (  741): rsp_len = 1008 rcvd_data_len = 1040, self_calculate_len=1040
D/        (  741): TIMA: QCOM_send_command result--0
D/        (  741): TIMA_PKM_measure_kernel returns with resp..ret=512!
D/        (  741): TAL: TIMA_PKM_measure_kernel--int8_t TIMA_PKM_measure_kernel(TIMA_handle_t, void*, uint32_t, void*, uint32_t, uint32_t)
D/        (  741): TIMA: QCOM_send_command--int8_t QCOM_send_command(TIMA_handle_t, void*, uint32_t, void*, uint32_t, uint32_t)
D/        (  741): rsp_len = 1008 rcvd_data_len = 1040, self_calculate_len=1040
D/        (  741): TIMA: QCOM_send_command result--0
D/        (  741): TIMA_PKM_measure_kernel returns with resp..ret=512!
D/        (  741): TAL: TIMA_PKM_measure_kernel--int8_t TIMA_PKM_measure_kernel(TIMA_handle_t, void*, uint32_t, void*, uint32_t, uint32_t)
D/        (  741): TIMA: QCOM_send_command--int8_t QCOM_send_command(TIMA_handle_t, void*, uint32_t, void*, uint32_t, uint32_t)
D/        (  741): rsp_len = 1008 rcvd_data_len = 1040, self_calculate_len=1040
D/        (  741): TIMA: QCOM_send_command result--0
D/        (  741): TIMA_PKM_measure_kernel returns with resp..ret=512!
D/        (  741): TAL: TIMA_PKM_measure_kernel--int8_t TIMA_PKM_measure_kernel(TIMA_handle_t, void*, uint32_t, void*, uint32_t, uint32_t)
D/        (  741): TIMA: QCOM_send_command--int8_t QCOM_send_command(TIMA_handle_t, void*, uint32_t, void*, uint32_t, uint32_t)
D/        (  741): rsp_len = 1008 rcvd_data_len = 1040, self_calculate_len=1040
D/        (  741): TIMA: QCOM_send_command result--0
D/        (  741): TIMA_PKM_measure_kernel returns with resp..ret=512!
D/        (  741): TAL: TIMA_PKM_measure_kernel--int8_t TIMA_PKM_measure_kernel(TIMA_handle_t, void*, uint32_t, void*, uint32_t, uint32_t)
D/        (  741): TIMA: QCOM_send_command--int8_t QCOM_send_command(TIMA_handle_t, void*, uint32_t, void*, uint32_t, uint32_t)
D/        (  741): rsp_len = 1008 rcvd_data_len = 1040, self_calculate_len=1040
D/        (  741): TIMA: QCOM_send_command result--0
D/        (  741): TIMA_PKM_measure_kernel returns with resp..ret=512!
D/        (  741): TAL: TIMA_PKM_measure_kernel--int8_t TIMA_PKM_measure_kernel(TIMA_handle_t, void*, uint32_t, void*, uint32_t, uint32_t)
D/        (  741): TIMA: QCOM_send_command--int8_t QCOM_send_command(TIMA_handle_t, void*, uint32_t, void*, uint32_t, uint32_t)
D/        (  741): rsp_len = 1008 rcvd_data_len = 1040, self_calculate_len=1040
D/        (  741): TIMA: QCOM_send_command result--0
D/        (  741): TIMA_PKM_measure_kernel returns with resp..ret=512!
D/        (  741): TAL: TIMA_PKM_measure_kernel--int8_t TIMA_PKM_measure_kernel(TIMA_handle_t, void*, uint32_t, void*, uint32_t, uint32_t)
D/        (  741): TIMA: QCOM_send_command--int8_t QCOM_send_command(TIMA_handle_t, void*, uint32_t, void*, uint32_t, uint32_t)
D/        (  741): rsp_len = 1008 rcvd_data_len = 1040, self_calculate_len=1040
D/        (  741): TIMA: QCOM_send_command result--0
D/        (  741): TIMA_PKM_measure_kernel returns with resp..ret=512!
D/        (  741): TAL: TIMA_PKM_measure_kernel--int8_t TIMA_PKM_measure_kernel(TIMA_handle_t, void*, uint32_t, void*, uint32_t, uint32_t)
D/        (  741): TIMA: QCOM_send_command--int8_t QCOM_send_command(TIMA_handle_t, void*, uint32_t, void*, uint32_t, uint32_t)
D/        (  741): rsp_len = 1008 rcvd_data_len = 1040, self_calculate_len=1040
D/        (  741): TIMA: QCOM_send_command result--0
D/        (  741): TIMA_PKM_measure_kernel returns with resp..ret=512!
D/        (  741): TAL: TIMA_PKM_measure_kernel--int8_t TIMA_PKM_measure_kernel(TIMA_handle_t, void*, uint32_t, void*, uint32_t, uint32_t)
D/        (  741): TIMA: QCOM_send_command--int8_t QCOM_send_command(TIMA_handle_t, void*, uint32_t, void*, uint32_t, uint32_t)
D/        (  741): rsp_len = 1008 rcvd_data_len = 1040, self_calculate_len=1040
D/        (  741): TIMA: QCOM_send_command result--0
D/        (  741): TIMA_PKM_measure_kernel returns with resp..ret=512!
D/        (  741): TAL: TIMA_PKM_measure_kernel--int8_t TIMA_PKM_measure_kernel(TIMA_handle_t, void*, uint32_t, void*, uint32_t, uint32_t)
D/        (  741): TIMA: QCOM_send_command--int8_t QCOM_send_command(TIMA_handle_t, void*, uint32_t, void*, uint32_t, uint32_t)
D/        (  741): rsp_len = 1008 rcvd_data_len = 1040, self_calculate_len=1040
D/        (  741): TIMA: QCOM_send_command result--0
D/        (  741): TIMA_PKM_measure_kernel returns with resp..ret=512!
D/        (  741): TAL: TIMA_PKM_measure_kernel--int8_t TIMA_PKM_measure_kernel(TIMA_handle_t, void*, uint32_t, void*, uint32_t, uint32_t)
D/        (  741): TIMA: QCOM_send_command--int8_t QCOM_send_command(TIMA_handle_t, void*, uint32_t, void*, uint32_t, uint32_t)
D/        (  741): rsp_len = 1008 rcvd_data_len = 1040, self_calculate_len=1040
D/        (  741): TIMA: QCOM_send_command result--0
D/        (  741): TIMA_PKM_measure_kernel returns with resp..ret=512!
D/        (  741): TAL: TIMA_PKM_measure_kernel--int8_t TIMA_PKM_measure_kernel(TIMA_handle_t, void*, uint32_t, void*, uint32_t, uint32_t)
D/        (  741): TIMA: QCOM_send_command--int8_t QCOM_send_command(TIMA_handle_t, void*, uint32_t, void*, uint32_t, uint32_t)
D/        (  741): rsp_len = 1008 rcvd_data_len = 1040, self_calculate_len=1040
D/        (  741): TIMA: QCOM_send_command result--0
D/        (  741): TIMA_PKM_measure_kernel returns with resp..ret=512!
D/        (  741): TAL: TIMA_PKM_measure_kernel--int8_t TIMA_PKM_measure_kernel(TIMA_handle_t, void*, uint32_t, void*, uint32_t, uint32_t)
D/        (  741): TIMA: QCOM_send_command--int8_t QCOM_send_command(TIMA_handle_t, void*, uint32_t, void*, uint32_t, uint32_t)
D/        (  741): rsp_len = 1008 rcvd_data_len = 1040, self_calculate_len=1040
D/        (  741): TIMA: QCOM_send_command result--0
D/        (  741): TIMA_PKM_measure_kernel returns with resp..ret=512!
D/        (  741): TAL: TIMA_PKM_measure_kernel--int8_t TIMA_PKM_measure_kernel(TIMA_handle_t, void*, uint32_t, void*, uint32_t, uint32_t)
D/        (  741): TIMA: QCOM_send_command--int8_t QCOM_send_command(TIMA_handle_t, void*, uint32_t, void*, uint32_t, uint32_t)
D/        (  741): rsp_len = 1008 rcvd_data_len = 1040, self_calculate_len=1040
D/        (  741): TIMA: QCOM_send_command result--0
D/        (  741): TIMA_PKM_measure_kernel returns with resp..ret=512!
D/        (  741): TAL: TIMA_PKM_measure_kernel--int8_t TIMA_PKM_measure_kernel(TIMA_handle_t, void*, uint32_t, void*, uint32_t, uint32_t)
D/        (  741): TIMA: QCOM_send_command--int8_t QCOM_send_command(TIMA_handle_t, void*, uint32_t, void*, uint32_t, uint32_t)
D/        (  741): rsp_len = 1008 rcvd_data_len = 1040, self_calculate_len=1040
D/        (  741): TIMA: QCOM_send_command result--0
D/        (  741): TIMA_PKM_measure_kernel returns with resp..ret=512!
D/        (  741): TAL: TIMA_PKM_measure_kernel--int8_t TIMA_PKM_measure_kernel(TIMA_handle_t, void*, uint32_t, void*, uint32_t, uint32_t)
D/        (  741): TIMA: QCOM_send_command--int8_t QCOM_send_command(TIMA_handle_t, void*, uint32_t, void*, uint32_t, uint32_t)
D/        (  741): rsp_len = 1008 rcvd_data_len = 1040, self_calculate_len=1040
D/        (  741): TIMA: QCOM_send_command result--0
D/        (  741): TIMA_PKM_measure_kernel returns with resp..ret=512!
D/        (  741): TAL: TIMA_PKM_measure_kernel--int8_t TIMA_PKM_measure_kernel(TIMA_handle_t, void*, uint32_t, void*, uint32_t, uint32_t)
D/        (  741): TIMA: QCOM_send_command--int8_t QCOM_send_command(TIMA_handle_t, void*, uint32_t, void*, uint32_t, uint32_t)
D/        (  741): rsp_len = 1008 rcvd_data_len = 1040, self_calculate_len=1040
D/        (  741): TIMA: QCOM_send_command result--0
D/        (  741): TIMA_PKM_measure_kernel returns with resp..ret=512!
D/        (  741): TAL: TIMA_PKM_measure_kernel--int8_t TIMA_PKM_measure_kernel(TIMA_handle_t, void*, uint32_t, void*, uint32_t, uint32_t)
D/        (  741): TIMA: QCOM_send_command--int8_t QCOM_send_command(TIMA_handle_t, void*, uint32_t, void*, uint32_t, uint32_t)
D/        (  741): rsp_len = 1008 rcvd_data_len = 1040, self_calculate_len=1040
D/        (  741): TIMA: QCOM_send_command result--0
D/        (  741): TIMA_PKM_measure_kernel returns with resp..ret=512!
D/        (  741): TAL: TIMA_PKM_measure_kernel--int8_t TIMA_PKM_measure_kernel(TIMA_handle_t, void*, uint32_t, void*, uint32_t, uint32_t)
D/        (  741): TIMA: QCOM_send_command--int8_t QCOM_send_command(TIMA_handle_t, void*, uint32_t, void*, uint32_t, uint32_t)
D/        (  741): rsp_len = 1008 rcvd_data_len = 1040, self_calculate_len=1040
D/        (  741): TIMA: QCOM_send_command result--0
D/        (  741): TIMA_PKM_measure_kernel returns with resp..ret=512!
D/        (  741): TAL: TIMA_PKM_measure_kernel--int8_t TIMA_PKM_measure_kernel(TIMA_handle_t, void*, uint32_t, void*, uint32_t, uint32_t)
D/        (  741): TIMA: QCOM_send_command--int8_t QCOM_send_command(TIMA_handle_t, void*, uint32_t, void*, uint32_t, uint32_t)
D/        (  741): rsp_len = 1008 rcvd_data_len = 1040, self_calculate_len=1040
D/        (  741): TIMA: QCOM_send_command result--0
D/        (  741): TIMA_PKM_measure_kernel returns with resp..ret=512!
D/        (  741): TAL: TIMA_PKM_measure_kernel--int8_t TIMA_PKM_measure_kernel(TIMA_handle_t, void*, uint32_t, void*, uint32_t, uint32_t)
D/        (  741): TIMA: QCOM_send_command--int8_t QCOM_send_command(TIMA_handle_t, void*, uint32_t, void*, uint32_t, uint32_t)
D/        (  741): rsp_len = 1008 rcvd_data_len = 1040, self_calculate_len=1040
D/        (  741): TIMA: QCOM_send_command result--0
D/        (  741): TIMA_PKM_measure_kernel returns with resp..ret=512!
D/        (  741): TAL: TIMA_PKM_measure_kernel--int8_t TIMA_PKM_measure_kernel(TIMA_handle_t, void*, uint32_t, void*, uint32_t, uint32_t)
D/        (  741): TIMA: QCOM_send_command--int8_t QCOM_send_command(TIMA_handle_t, void*, uint32_t, void*, uint32_t, uint32_t)
D/        (  741): rsp_len = 1008 rcvd_data_len = 1040, self_calculate_len=1040
D/        (  741): TIMA: QCOM_send_command result--0
D/        (  741): TIMA_PKM_measure_kernel returns with resp..ret=512!
D/        (  741): TAL: TIMA_PKM_measure_kernel--int8_t TIMA_PKM_measure_kernel(TIMA_handle_t, void*, uint32_t, void*, uint32_t, uint32_t)
D/        (  741): TIMA: QCOM_send_command--int8_t QCOM_send_command(TIMA_handle_t, void*, uint32_t, void*, uint32_t, uint32_t)
D/        (  741): rsp_len = 1008 rcvd_data_len = 1040, self_calculate_len=1040
D/        (  741): TIMA: QCOM_send_command result--0
D/        (  741): TIMA_PKM_measure_kernel returns with resp..ret=512!
D/        (  741): TAL: TIMA_PKM_measure_kernel--int8_t TIMA_PKM_measure_kernel(TIMA_handle_t, void*, uint32_t, void*, uint32_t, uint32_t)
D/        (  741): TIMA: QCOM_send_command--int8_t QCOM_send_command(TIMA_handle_t, void*, uint32_t, void*, uint32_t, uint32_t)
D/        (  741): rsp_len = 1008 rcvd_data_len = 1040, self_calculate_len=1040
D/        (  741): TIMA: QCOM_send_command result--0
D/        (  741): TIMA_PKM_measure_kernel returns with resp..ret=512!
D/        (  741): TAL: TIMA_PKM_measure_kernel--int8_t TIMA_PKM_measure_kernel(TIMA_handle_t, void*, uint32_t, void*, uint32_t, uint32_t)
D/        (  741): TIMA: QCOM_send_command--int8_t QCOM_send_command(TIMA_handle_t, void*, uint32_t, void*, uint32_t, uint32_t)
D/        (  741): rsp_len = 1008 rcvd_data_len = 1040, self_calculate_len=1040
D/        (  741): TIMA: QCOM_send_command result--0
D/        (  741): TIMA_PKM_measure_kernel returns with resp..ret=512!
D/        (  741): TAL: TIMA_PKM_measure_kernel--int8_t TIMA_PKM_measure_kernel(TIMA_handle_t, void*, uint32_t, void*, uint32_t, uint32_t)
D/        (  741): TIMA: QCOM_send_command--int8_t QCOM_send_command(TIMA_handle_t, void*, uint32_t, void*, uint32_t, uint32_t)
D/        (  741): rsp_len = 1008 rcvd_data_len = 1040, self_calculate_len=1040
D/        (  741): TIMA: QCOM_send_command result--0
D/        (  741): TIMA_PKM_measure_kernel returns with resp..ret=512!
D/        (  741): TAL: TIMA_PKM_measure_kernel--int8_t TIMA_PKM_measure_kernel(TIMA_handle_t, void*, uint32_t, void*, uint32_t, uint32_t)
D/        (  741): TIMA: QCOM_send_command--int8_t QCOM_send_command(TIMA_handle_t, void*, uint32_t, void*, uint32_t, uint32_t)
D/        (  741): rsp_len = 1008 rcvd_data_len = 1040, self_calculate_len=1040
D/        (  741): TIMA: QCOM_send_command result--0
D/        (  741): TIMA_PKM_measure_kernel returns with resp..ret=512!
D/        (  741): TAL: TIMA_PKM_measure_kernel--int8_t TIMA_PKM_measure_kernel(TIMA_handle_t, void*, uint32_t, void*, uint32_t, uint32_t)
D/        (  741): TIMA: QCOM_send_command--int8_t QCOM_send_command(TIMA_handle_t, void*, uint32_t, void*, uint32_t, uint32_t)
D/        (  741): rsp_len = 1008 rcvd_data_len = 1040, self_calculate_len=1040
D/        (  741): TIMA: QCOM_send_command result--0
D/        (  741): TIMA_PKM_measure_kernel returns with resp..ret=512!
D/        (  741): TAL: TIMA_PKM_measure_kernel--int8_t TIMA_PKM_measure_kernel(TIMA_handle_t, void*, uint32_t, void*, uint32_t, uint32_t)
D/        (  741): TIMA: QCOM_send_command--int8_t QCOM_send_command(TIMA_handle_t, void*, uint32_t, void*, uint32_t, uint32_t)
D/        (  741): rsp_len = 1008 rcvd_data_len = 1040, self_calculate_len=1040
D/        (  741): TIMA: QCOM_send_command result--0
D/        (  741): TIMA_PKM_measure_kernel returns with resp..ret=512!
D/        (  741): TAL: TIMA_PKM_measure_kernel--int8_t TIMA_PKM_measure_kernel(TIMA_handle_t, void*, uint32_t, void*, uint32_t, uint32_t)
D/        (  741): TIMA: QCOM_send_command--int8_t QCOM_send_command(TIMA_handle_t, void*, uint32_t, void*, uint32_t, uint32_t)
D/        (  741): rsp_len = 1008 rcvd_data_len = 1040, self_calculate_len=1040
D/        (  741): TIMA: QCOM_send_command result--0
D/        (  741): TIMA_PKM_measure_kernel returns with resp..ret=512!
D/        (  741): TAL: TIMA_PKM_measure_kernel--int8_t TIMA_PKM_measure_kernel(TIMA_handle_t, void*, uint32_t, void*, uint32_t, uint32_t)
D/        (  741): TIMA: QCOM_send_command--int8_t QCOM_send_command(TIMA_handle_t, void*, uint32_t, void*, uint32_t, uint32_t)
D/        (  741): rsp_len = 1008 rcvd_data_len = 1040, self_calculate_len=1040
D/        (  741): TIMA: QCOM_send_command result--0
D/        (  741): TIMA_PKM_measure_kernel returns with resp..ret=512!
D/        (  741): TAL: TIMA_PKM_measure_kernel--int8_t TIMA_PKM_measure_kernel(TIMA_handle_t, void*, uint32_t, void*, uint32_t, uint32_t)
D/        (  741): TIMA: QCOM_send_command--int8_t QCOM_send_command(TIMA_handle_t, void*, uint32_t, void*, uint32_t, uint32_t)
D/        (  741): rsp_len = 1008 rcvd_data_len = 1040, self_calculate_len=1040
D/        (  741): TIMA: QCOM_send_command result--0
D/        (  741): TIMA_PKM_measure_kernel returns with resp..ret=512!
D/        (  741): TAL: TIMA_PKM_measure_kernel--int8_t TIMA_PKM_measure_kernel(TIMA_handle_t, void*, uint32_t, void*, uint32_t, uint32_t)
D/        (  741): TIMA: QCOM_send_command--int8_t QCOM_send_command(TIMA_handle_t, void*, uint32_t, void*, uint32_t, uint32_t)
D/        (  741): rsp_len = 1008 rcvd_data_len = 1040, self_calculate_len=1040
D/        (  741): TIMA: QCOM_send_command result--0
D/        (  741): TIMA_PKM_measure_kernel returns with resp..ret=512!
D/        (  741): TAL: TIMA_PKM_measure_kernel--int8_t TIMA_PKM_measure_kernel(TIMA_handle_t, void*, uint32_t, void*, uint32_t, uint32_t)
D/        (  741): TIMA: QCOM_send_command--int8_t QCOM_send_command(TIMA_handle_t, void*, uint32_t, void*, uint32_t, uint32_t)
D/        (  741): rsp_len = 1008 rcvd_data_len = 1040, self_calculate_len=1040
D/        (  741): TIMA: QCOM_send_command result--0
D/        (  741): TIMA_PKM_measure_kernel returns with resp..ret=512!
D/        (  741): TAL: TIMA_PKM_measure_kernel--int8_t TIMA_PKM_measure_kernel(TIMA_handle_t, void*, uint32_t, void*, uint32_t, uint32_t)
D/        (  741): TIMA: QCOM_send_command--int8_t QCOM_send_command(TIMA_handle_t, void*, uint32_t, void*, uint32_t, uint32_t)
D/        (  741): rsp_len = 1008 rcvd_data_len = 1040, self_calculate_len=1040
D/        (  741): TIMA: QCOM_send_command result--0
D/        (  741): TIMA_PKM_measure_kernel returns with resp..ret=512!
D/        (  741): TAL: TIMA_PKM_measure_kernel--int8_t TIMA_PKM_measure_kernel(TIMA_handle_t, void*, uint32_t, void*, uint32_t, uint32_t)
D/        (  741): TIMA: QCOM_send_command--int8_t QCOM_send_command(TIMA_handle_t, void*, uint32_t, void*, uint32_t, uint32_t)
D/        (  741): rsp_len = 1008 rcvd_data_len = 1040, self_calculate_len=1040
D/        (  741): TIMA: QCOM_send_command result--0
D/        (  741): TIMA_PKM_measure_kernel returns with resp..ret=512!
D/        (  741): TAL: TIMA_PKM_measure_kernel--int8_t TIMA_PKM_measure_kernel(TIMA_handle_t, void*, uint32_t, void*, uint32_t, uint32_t)
