W/2GIS    ( 1415): <W> 2016.05.17 10:40:09 {1467} UniLog: src/qmlsdk/Projects/QtAppCoreUtil/src/Localization.cpp:251(unknown)$ Failed to load translation: ru
W/2GIS    ( 1415): <W> 2016.05.17 10:40:09 {1467} UniLog: src/qmlsdk/Projects/QtAppCoreUtil/src/Localization.cpp:266(unknown)$ Failed to load default translation: en
D/2GIS    ( 1415): <D> 2016.05.17 10:40:09 {1467} src/qmlsdk/Projects/QtAppCoreUtil/src/PerformanceLog.cpp:13({anonymous}::doLog)$ "[Performance] RegionTranslationLoading: 2 ms"
D/2GIS    ( 1415): <I> 2016.05.17 10:40:09 {1467} UniLog: src/qmlsdk/Projects/QmlMap/src/MapItem.cpp:273(unknown)$ addRegion 0x7e5f6f20
D/2GIS    ( 1415): <D> 2016.05.17 10:40:09 {1467} unknown:0(unknown)$ addRegion: 3ms
D/2GIS    ( 1415): <I> 2016.05.17 10:40:09 {1467} UniLog: src/qmlsdk/Projects/QtAppCoreUtil/src/Localization.cpp:60(unknown)$ Default language: ru
D/2GIS    ( 1415): <I> 2016.05.17 10:40:09 {1467} UniLog: src/qmlsdk/Projects/QmlCore/src/QmlApp.cpp:249(unknown)$ QmlApp::exec: running QCoreApplication.exec()...
D/2GIS    ( 1415): <D> 2016.05.17 10:40:09 {1467} src/qmlsdk/Projects/QtAppCoreUtil/src/PerformanceLog.cpp:13({anonymous}::doLog)$ "[Performance] QmlAppExec::BeforeQCoreApplicationExec: 1537 ms"
D/LocationManagerService(  741): getLastLocation: Request[ACCURACY_FINE gps requested=0 fastest=0 num=1]
D/LocationManagerService(  741): getLastLocation: Request[POWER_LOW network requested=0 fastest=0 num=1]
D/2GIS    ( 1415): <I> 2016.05.17 10:40:09 {1467} UniLog: src/qmlsdk/Projects/QmlLocation/src/PositionInfoSource/CompositGeoPositionInfoSource.cpp:81(unknown)$ previous source with priority 4
D/2GIS    ( 1415): <I> 2016.05.17 10:40:09 {1467} UniLog: src/qmlsdk/Projects/QmlLocation/src/PositionInfoSource/CompositGeoPositionInfoSource.cpp:86(unknown)$ switchActiveSource to source with priority 2
D/LocationManagerService(  741): getLastLocation: Request[ACCURACY_FINE gps requested=0 fastest=0 num=1]
D/LocationManagerService(  741): getLastLocation: Request[POWER_LOW network requested=0 fastest=0 num=1]
E/SMD     (  239): DCD ON
D/2GIS    ( 1415): <D> 2016.05.17 10:40:09 {1467} src/qmlsdk/Projects/QtAppCoreUtil/src/PerformanceLog.cpp:13({anonymous}::doLog)$ "[Performance] QmlAppExec::BeforeWindowCreated: 1577 ms"
D/2GIS    ( 1415): <I> 2016.05.17 10:40:09 {1467} UniLog: src/qmlsdk/Projects/QmlMap/src/MapItemPrivate.cpp:890(unknown)$ Set map size to (w=720,h=1230)
D/2GIS    ( 1415): <D> 2016.05.17 10:40:09 {1467} qml: http://qfile-assets.api/Resources/UI/Hecataeus/Hecataeus.qml:80(onActiveFocusItemChanged)$ [rootAppWindow][onActiveFocusItemChanged] !!! NO NAME !!!
I/SurfaceFlinger(  245): id=3823 createSurf (720x1230),1 flag=4, TurfaceView
D/2GIS    ( 1415): <D> 2016.05.17 10:40:09 {1512} UniLog: src/v4sdk/engine3d/Projects/tmGL/src/DeviceHacks.cpp:72(unknown)$ Engine3D.external_api.OpenGL: GL_VENDOR: Qualcomm
D/2GIS    ( 1415): <I> 2016.05.17 10:40:09 {1512} UniLog: src/v4sdk/engine3d/Projects/tmGL/src/DeviceHacks.cpp:73(unknown)$ Engine3D.external_api.OpenGL: GL_RENDERER: Adreno (TM) 305
D/2GIS    ( 1415): <D> 2016.05.17 10:40:09 {1512} UniLog: src/v4sdk/engine3d/Projects/tmGL/src/DeviceHacks.cpp:74(unknown)$ Engine3D.external_api.OpenGL: GL_VERSION: OpenGL ES 3.0 V@66.0 AU@  (CL@)
D/2GIS    ( 1415): <D> 2016.05.17 10:40:09 {1512} UniLog: src/v4sdk/engine3d/Projects/tmGL/src/DeviceHacks.cpp:75(unknown)$ Engine3D.external_api.OpenGL: GL_SHADING_LANGUAGE_VERSION: OpenGL ES GLSL ES 3.00
D/2GIS    ( 1415): <D> 2016.05.17 10:40:09 {1512} UniLog: src/v4sdk/engine3d/Projects/tmGL/src/DeviceHacks.cpp:76(unknown)$ Engine3D.external_api.OpenGL: GL_EXTENSIONS: GL_AMD_compressed_ATC_texture GL_AMD_performance_monitor GL_AMD_program_binary_Z400 GL_EXT_debug_label GL_EXT_debug_marker GL_EXT_discard_framebuffer GL_EXT_robustness GL_EXT_texture_format_BGRA8888 GL_EXT_texture_type_2_10_10_10_REV GL_NV_fence GL_OES_compressed_ETC1_RGB8_texture GL_OES_depth_texture GL_OES_depth24 GL_OES_EGL_image GL_OES_EGL_image_external GL_OES_element_index_uint GL_OES_fbo_render_mipmap GL_OES_fragment_precision_high GL_OES_get_program_binary GL_OES_packed_depth_stencil GL_OES_depth_texture_cube_map GL_OES_rgb8_rgba8 GL_OES_standard_derivatives GL_OES_texture_3D GL_OES_texture_float GL_OES_texture_half_float GL_OES_texture_half_float_linear GL_OES_texture_npot GL_OES_vertex_half_float GL_OES_vertex_type_10_10_10_2 GL_OES_vertex_array_object GL_QCOM_alpha_test GL_QCOM_binning_control GL_QCOM_driver_control GL_QCOM_perfmon_global_mode GL_QCO
D/2GIS    ( 1415): <I> 2016.05.17 10:40:09 {1512} UniLog: src/v4sdk/engine3d/Projects/tmGL/src/DeviceHacks.cpp:191(unknown)$ Engine3D.internal.RenderOpenGL: Used render device hacks: use_lowp_interpolation_hack_ use_fullscreen_quad_depth_stencil_clear_hack_ 
D/2GIS    ( 1415): <D> 2016.05.17 10:40:09 {1489} src/qmlsdk/Projects/QtAppCoreUtil/src/PerformanceLog.cpp:13({anonymous}::doLog)$ "[Performance] MakeVisible_LoadViewSettings: 371 ms"
W/2GIS    ( 1415): <W> 2016.05.17 10:40:09 {1489} UniLog: src/v4sdk/v4core/Projects/MapModule/src/StylesCache.cpp:145(unknown)$ content_hash doesn't exist, can't use caching
D/dalvikvm( 1415): GC_FOR_ALLOC freed 2800K, 41% free 10455K/17668K, paused 32ms, total 32ms
V/AlarmManager(  741): waitForAlarm result :8
D/2GIS    ( 1415): <D> 2016.05.17 10:40:09 {1467} src/qmlsdk/Projects/QtAppCoreUtil/src/PerformanceLog.cpp:13({anonymous}::doLog)$ "[Performance] QmlAppExec::BeforeWindowShown: 1951 ms"
D/2GIS    ( 1415): <D> 2016.05.17 10:40:09 {1467} src/qt-dgisplatformextensions/qtandroidextensions/QtAndroidLocation/QLocationManagerProvidersListener.cpp:120(QLocationManagerProvidersListener::isActiveProvidersEnabled)$ isActiveProvidersEnabled : ret =  true
D/2GIS    ( 1415): <D> 2016.05.17 10:40:09 {1467} src/qt-dgisplatformextensions/qtandroidextensions/QtAndroidLocation/QAndroidGmsLocationProvider.cpp:302(QAndroidGmsLocationProvider::stopUpdates)$ stopUpdates ( 2 )
D/Grym/GmsLocProvider( 1415): stopLocationUpdates(2)
W/Settings( 1415): Setting airplane_mode_on has moved from android.provider.Settings.System to android.provider.Settings.Global, returning read-only value.
E/LocSvc_ApiV02(  741): I/<--- void globalEventCb(locClientHandleType, uint32_t, locClientEventIndUnionType, void*) line 98 QMI_LOC_EVENT_NMEA_IND_V02
E/LocSvc_ApiV02(  741): I/<--- void globalEventCb(locClientHandleType, uint32_t, locClientEventIndUnionType, void*) line 98 QMI_LOC_EVENT_NMEA_IND_V02
E/LocSvc_ApiV02(  741): I/<--- void globalEventCb(locClientHandleType, uint32_t, locClientEventIndUnionType, void*) line 98 QMI_LOC_EVENT_NMEA_IND_V02
E/LocSvc_ApiV02(  741): I/<--- void globalEventCb(locClientHandleType, uint32_t, locClientEventIndUnionType, void*) line 98 QMI_LOC_EVENT_NMEA_IND_V02
E/LocSvc_ApiV02(  741): I/<--- void globalEventCb(locClientHandleType, uint32_t, locClientEventIndUnionType, void*) line 98 QMI_LOC_EVENT_NMEA_IND_V02
E/LocSvc_ApiV02(  741): I/<--- void globalEventCb(locClientHandleType, uint32_t, locClientEventIndUnionType, void*) line 98 QMI_LOC_EVENT_NMEA_IND_V02
D/2GIS    ( 1415): <D> 2016.05.17 10:40:10 {1467} qml: http://qfile-assets.api/Resources/UI/Hecataeus/Hecataeus.qml:80(onActiveFocusItemChanged)$ [rootAppWindow][onActiveFocusItemChanged] keyGrabber__mainWindow
D/SensorService(  741): [SO] -0.198 0.272 9.854
E/LocSvc_ApiV02(  741): I/<--- void globalEventCb(locClientHandleType, uint32_t, locClientEventIndUnionType, void*) line 98 QMI_LOC_EVENT_INJECT_POSITION_REQ_IND_V02
E/LocSvc_ApiV02(  741): D/virtual void LocApiV02::eventCb(locClientHandleType, uint32_t, locClientEventIndUnionType):2757]: Position request
E/LocSvc_ApiV02(  741): I/<--- void globalEventCb(locClientHandleType, uint32_t, locClientEventIndUnionType, void*) line 98 QMI_LOC_EVENT_POSITION_REPORT_IND_V02
E/LocSvc_ApiV02(  741): D/Reporting postion from V2 Adapter
E/2GIS    ( 1415): <E> 2016.05.17 10:40:10 {1467} UniLog: src/qmlsdk/Projects/QtGears/src/FileUtil.cpp:24(unknown)$ Failed to open UniFS file: /quick_templates/ui_header.json
D/2GIS    ( 1415): <I> 2016.05.17 10:40:10 {1467} UniLog: src/qmlsdk/Projects/QmlRegions/src/RegionItem.cpp:68(unknown)$ No UI header in UniFS: /quick_templates/ui_header.json
D/2GIS    ( 1415): <I> 2016.05.17 10:40:10 {1467} UniLog: src/qmlsdk/Projects/QmlRegions/src/RegionItem.cpp:264(unknown)$ Using bundled templates because UniFS does not contain templates.
D/2GIS    ( 1415): <I> 2016.05.17 10:40:10 {1467} UniLog: src/qmlsdk/Projects/QmlRegions/src/RegionItem.cpp:148(unknown)$ Template suffix for novosibirsk is empty.
D/SSRMv2:SIOP(  741): SIOP:: AP = 330 (0), Delta = 30
D/2GIS    ( 1415): <D> 2016.05.17 10:40:10 {1489} src/qmlsdk/Projects/QtAppCoreUtil/src/PerformanceLog.cpp:13({anonymous}::doLog)$ "[Performance] MakeVisible_PrepareStyles: 1250 ms"
E/LocSvc_ApiV02(  741): I/<--- void globalEventCb(locClientHandleType, uint32_t, locClientEventIndUnionType, void*) line 98 QMI_LOC_EVENT_NMEA_IND_V02
E/LocSvc_ApiV02(  741): I/<--- void globalEventCb(locClientHandleType, uint32_t, locClientEventIndUnionType, void*) line 98 QMI_LOC_EVENT_NMEA_IND_V02
E/LocSvc_ApiV02(  741): I/<--- void globalEventCb(locClientHandleType, uint32_t, locClientEventIndUnionType, void*) line 98 QMI_LOC_EVENT_NMEA_IND_V02
E/LocSvc_ApiV02(  741): I/<--- void globalEventCb(locClientHandleType, uint32_t, locClientEventIndUnionType, void*) line 98 QMI_LOC_EVENT_NMEA_IND_V02
E/LocSvc_ApiV02(  741): I/<--- void globalEventCb(locClientHandleType, uint32_t, locClientEventIndUnionType, void*) line 98 QMI_LOC_EVENT_NMEA_IND_V02
E/LocSvc_ApiV02(  741): I/<--- void globalEventCb(locClientHandleType, uint32_t, locClientEventIndUnionType, void*) line 98 QMI_LOC_EVENT_NMEA_IND_V02
D/2GIS    ( 1415): <D> 2016.05.17 10:40:10 {1467} qml: http://qfile-assets.api/Resources/UI/RegionUI/Phone.1.0/MainWindow.qml:57(onMainWindowReadyChanged)$ [rootAppWindow][restore] false
D/2GIS    ( 1415): <D> 2016.05.17 10:40:10 {1467} unknown:0(unknown)$ [Performance] ApplicationStart: 2347ms
D/2GIS    ( 1415): <I> 2016.05.17 10:40:10 {1467} UniLog: src/qmlsdk/Projects/QmlCore/src/SplashHolder.cpp:51(unknown)$ Hiding splash.
D/2GIS    ( 1415): <D> 2016.05.17 10:40:10 {1467} src/qmlsdk/Projects/QtAppCoreUtil/src/PerformanceLog.cpp:13({anonymous}::doLog)$ "[Performance] SplashLifetime: 3541 ms"
D/2GIS    ( 1415): <I> 2016.05.17 10:40:10 {1467} UniLog: src/qmlsdk/Projects/QtAppGuiUtil/src/SplashScreen.cpp:94(unknown)$ Destroying splash screen...
D/2GIS    ( 1415): [Performance] ApplicationTime::SplashHide 4340 ms
D/2GIS    ( 1415): <I> 2016.05.17 10:40:10 {1467} UniLog: src/qmlsdk/Projects/QmlUpdate/src/UpdateManagerItem.cpp:621(unknown)$ updateAdWeight Novosibirsk_ru_RU
D/2GIS    ( 1415): <D> 2016.05.17 10:40:10 {1467} UniLog: src/qmlsdk/Projects/QmlNetwork/src/ActiveNetworkManager.cpp:119(unknown)$ connectionType: WLAN, returning unlimited network.
D/LocationManagerService(  741): getLastLocation: Request[ACCURACY_FINE gps requested=0 fastest=0 num=1]
D/LocationManagerService(  741): getLastLocation: Request[POWER_LOW network requested=0 fastest=0 num=1]
D/2GIS    ( 1415): <I> 2016.05.17 10:40:11 {1467} UniLog: src/qmlsdk/Projects/QmlLocation/src/PositionInfoSource/CompositGeoPositionInfoSource.cpp:81(unknown)$ previous source with priority 2
D/2GIS    ( 1415): <I> 2016.05.17 10:40:11 {1467} UniLog: src/qmlsdk/Projects/QmlLocation/src/PositionInfoSource/CompositGeoPositionInfoSource.cpp:86(unknown)$ switchActiveSource to source with priority 1
D/LocationManagerService(  741): getLastLocation: Request[ACCURACY_FINE gps requested=0 fastest=0 num=1]
D/LocationManagerService(  741): getLastLocation: Request[POWER_LOW network requested=0 fastest=0 num=1]
D/LocationManagerService(  741): getLastLocation: Request[ACCURACY_FINE gps requested=0 fastest=0 num=1]
D/LocationManagerService(  741): getLastLocation: Request[POWER_LOW network requested=0 fastest=0 num=1]
D/2GIS    ( 1415): <I> 2016.05.17 10:40:11 {1467} UniLog: src/v4sdk/v4core/Projects/MapModule/src/ScalesGetter.cpp:71(unknown)$ Load map scales config.
D/2GIS    ( 1415): <D> 2016.05.17 10:40:11 {1467} src/qmlsdk/Projects/QtAppCoreUtil/src/PerformanceLog.cpp:13({anonymous}::doLog)$ "[Performance] MakeVisible_AddRegion: 45 ms"
D/AndroidRuntime( 1554): 
D/AndroidRuntime( 1554): >>>>>> AndroidRuntime START com.android.internal.os.RuntimeInit <<<<<<
D/AndroidRuntime( 1554): CheckJNI is OFF
D/AndroidRuntime( 1554): setted country_code = Russia
D/AndroidRuntime( 1554): setted countryiso_code = RU
D/AndroidRuntime( 1554): setted sales_code = SER
D/AndroidRuntime( 1554): readGMSProperty: start
D/AndroidRuntime( 1554): readGMSProperty: already setted!!
D/AndroidRuntime( 1554): readGMSProperty: end
D/AndroidRuntime( 1554): addProductProperty: start
D/dalvikvm( 1554): Trying to load lib libjavacore.so 0x0
D/dalvikvm( 1554): Added shared lib libjavacore.so 0x0
D/dalvikvm( 1554): Trying to load lib libnativehelper.so 0x0
D/dalvikvm( 1554): Added shared lib libnativehelper.so 0x0
D/dalvikvm( 1554): No JNI_OnLoad found in libnativehelper.so 0x0, skipping init
E/LocSvc_ApiV02(  741): I/<--- void globalEventCb(locClientHandleType, uint32_t, locClientEventIndUnionType, void*) line 98 QMI_LOC_EVENT_POSITION_REPORT_IND_V02
E/LocSvc_ApiV02(  741): D/Reporting postion from V2 Adapter
E/memtrack( 1554): Couldn't load memtrack module (No such file or directory)
E/android.os.Debug( 1554): failed to load memtrack module: -2
D/dalvikvm( 1554): Note: class Landroid/app/ActivityManagerNative; has 193 unimplemented (abstract) methods
D/AndroidRuntime( 1554): Calling main entry com.android.commands.am.Am
D/2GIS    ( 1415): <I> 2016.05.17 10:40:11 {1467} UniLog: src/qmlsdk/Projects/QmlRegions/src/RegionManagerItem.cpp:745(unknown)$ Searching for nearest regions...
W/2GIS    ( 1415): <W> 2016.05.17 10:40:11 {1415} unknown:0(unknown)$ Can't find surface 1
I/SurfaceFlinger(  245): id=3822 Removed TurfaceView (9/19)
I/SurfaceFlinger(  245): id=3822 Removed TurfaceView (-2/19)
V/ApplicationPolicy(  741): isApplicationStateBlocked userId 0 pkgname ru.dublgis.dgismobile
I/ActivityManager(  741): Killing 1415:ru.dublgis.dgismobile/u0a289 (adj 0): stop ru.dublgis.dgismobile
I/SurfaceFlinger(  245): id=3818 Removed EimLayer (5/18)
I/SurfaceFlinger(  245): id=3818 Removed EimLayer (-2/18)
I/SurfaceFlinger(  245): id=3817 Removed EimLayer (4/17)
I/SurfaceFlinger(  245): id=3817 Removed EimLayer (-2/17)
D/PointerIcon(  741): setMouseIconStyle1 pointerType: 1001iconType:101 flag:0
D/PointerIcon(  741): setMouseCustomIcon IconType is same.101
W/ActivityManager(  741): Force removing ActivityRecord{431e1758 u0 ru.dublgis.dgismobile/.GrymMobileActivity t467}: app died, no saved state
D/CustomFrequencyManagerService(  741): acquireDVFSLockLocked : type : DVFS_MIN_LIMIT  frequency : 1190400  uid : 1000  pid : 741  pkgName : ACTIVITY_RESUME_BOOSTER@6
W/ActivityManager(  741): mDVFSHelper.acquire()
D/LocationManagerService(  741): Location listener died
I/LocationManagerService(  741): remove 43290370 by ru.dublgis.dgismobile
I/SurfaceFlinger(  245): id=3823 Removed TurfaceView (6/16)
I/SurfaceFlinger(  245): id=3823 Removed TurfaceView (-2/16)
I/WindowState(  741): WIN DEATH: Window{44921508 u0 ru.dublgis.dgismobile/ru.dublgis.dgismobile.GrymMobileActivity}
W/WindowManager(  741): Force-removing child win Window{42ddc3d8 u0 SurfaceView} from container Window{44921508 u0 ru.dublgis.dgismobile/ru.dublgis.dgismobile.GrymMobileActivity}
D/SurfaceWidgetView( 6005): destroyHardwareResources():1109302976
I/SurfaceFlinger(  245): id=3821 Removed HrymMobileA (7/15)
I/SurfaceFlinger(  245): id=3821 Removed HrymMobileA (-2/15)
W/WindowManager(  741): Failed looking up window
W/WindowManager(  741): java.lang.IllegalArgumentException: Requested window android.os.BinderProxy@42d6e560 does not exist
W/WindowManager(  741): 	at com.android.server.wm.WindowManagerService.windowForClientLocked(WindowManagerService.java:10547)
W/WindowManager(  741): 	at com.android.server.wm.WindowManagerService.windowForClientLocked(WindowManagerService.java:10538)
W/WindowManager(  741): 	at com.android.server.wm.WindowState$DeathRecipient.binderDied(WindowState.java:1605)
W/WindowManager(  741): 	at android.os.BinderProxy.sendDeathNotice(Binder.java:493)
W/WindowManager(  741): 	at dalvik.system.NativeStart.run(Native Method)
I/WindowState(  741): WIN DEATH: null
D/PowerManagerService(  741): setKeyboardVisibility: false
D/AndroidRuntime( 1554): Shutting down VM
D/LocationManagerService(  741): provider request: gps ProviderRequest[OFF]
D/GpsLocationProvider(  741): setRequest ProviderRequest[OFF]
D/dalvikvm( 1554): GC_CONCURRENT freed 95K, 13% free 672K/772K, paused 0ms+1ms, total 3ms
D/GpsLocationProvider(  741): stopNavigating
E/LocSvc_eng(  741): I/===> int loc_eng_stop(loc_eng_data_s_type&) line 2059 
E/LocSvc_ApiV02(  741): D/ virtual loc_api_adapter_err LocApiV02::stopFix():562]: stop called 
E/LocSvc_api_v02(  741): I/---> locClientSendReq line 2332 QMI_LOC_STOP_REQ_V02
E/LocSvc_eng(  741): D/gps_set_battery_flag, connect=0
E/LocSvc_eng(  741): W/gps_set_battery_flag() : file open error
V/GpsLocationProvider(  741): reportStatus status: 2
E/LocSvc_ApiV02(  741): I/<--- void globalEventCb(locClientHandleType, uint32_t, locClientEventIndUnionType, void*) line 98 QMI_LOC_EVENT_POSITION_REPORT_IND_V02
E/LocSvc_ApiV02(  741): D/Reporting postion from V2 Adapter
E/LocSvc_ApiV02(  741): D/void LocApiV02::reportPosition(const qmiLocEventPositionReportIndMsgT_v02*):2186]: Ignoring position report with sess status = 2, fix id = 3
D/Launcher( 6005): onRestart, Launcher: 1109715656
D/Launcher( 6005): onStart, Launcher: 1109715656
D/Launcher.HomeView( 6005): onStart
D/Launcher( 6005): onResume, Launcher: 1109715656
D/PhoneStatusBar( 1033): setSemiTransparentMode=false, mTransparentMode=false, mSemiTransparentMode=false, mMultiWindowMode=false
D/PhoneStatusBar( 1033): checkBarMode(0)
D/Launcher.HomeView( 6005): onResume
D/SurfaceWidgetConnection( 6005): .SurfaceWidgetWeather#1 is being resumed by launcher
D/SurfaceWidgetClient$ISurfaceWidgetStub( 6145): [237392/5] Surface widget resume on instance = 1
D/accuweather( 6145): [Accuweather J]>>> SWW:175 [0:0] [SWW] onResume : rI = 1
D/StatusBarManagerService(  741): semi p:6005,o:f
D/accuweather( 6145): [Accuweather J]>>> SWW:180 [0:0] [SWW] onResume : Orientation = 1/1
D/accuweather( 6145): [Accuweather J]>>> WR:456 [0:0] =============== updateTime = 1
D/accuweather( 6145): [Accuweather J]>>> SWW:194 [0:0] [SWW] onResume : size = 1
D/PhoneStatusBar( 1033): setTransGradationMode=false, mTransparentMode=false, mSemiTransparentMode=false, mMultiWindowMode=false
D/PhoneStatusBar( 1033): checkBarMode(0)
D/accuweather( 6145): [Accuweather J]>>> DBH:1945 [0:0] gADWI : count = 0
D/GpsLocationProvider(  741): send an intent to notify GPS has been enabled or disabled mNavigating = false
D/accuweather( 6145): [Accuweather J]>>> WCD:420 [0:0]  onFirstUpdate :: fU = false
D/StatusBarManagerService(  741): tr p:6005,o:f
D/STATUSBAR-StatusBarManagerService(  741): sendNotification(3) - 252119
D/NotificationService(  741): cancelNotificationLocked
D/NotificationService(  741):  hasClearableItems
D/NotificationService(  741): Num of hasClearableItems : 4
D/MenuAppsGridFragment( 6005): onResume
D/accuweather( 6145): [Accuweather J]>>> SWW:309 [0:0] hideMsg : mResumeInstnceList[0] = 1
D/accuweather( 6145): [Accuweather J]>>> WR:800 [0:0] hideMsg : -1, isShow = false
D/accuweather( 6145): [Accuweather J]>>> WR:806 [0:0] hideMsg : 0
D/accuweather( 6145): [Accuweather J]>>> WCD:510 [0:0]  onResume : fU = false, cnt =0
D/SurfaceWidgetClient$ISurfaceWidgetStub( 6145): [237392/5] Surface widget visibility changed visibility = true on instance = 1
D/SurfaceWidget.Renderer( 6145): [237392/5] SurfaceWidget drawing first frame
D/accuweather( 6145): [Accuweather J]>>> WCD:520 [0:0]  onResume :: mFAR = false, cC = false, isa = false
D/accuweather( 6145): [Accuweather J]>>> WR:623 [0:0] onGLDraw : BG texture = 5
D/accuweather( 6145): [Accuweather J]>>> SWW:601 [0:0]  registerTTReceiver ! 
D/accuweather( 6145): [Accuweather J]>>> WR:497 [0:0] onResume : 1, widgetMode : 1, orientation : 1
D/comsamsunglog( 6145): [Accuweather J]>>> ==============================================================================================
D/comsamsunglog( 6145): [Accuweather J]>>> widgetappapheroaccuweather [Version : 14052301] [ 1 ] 
D/comsamsunglog( 6145): [Accuweather J]>>> Header set to : ===> "accuweather" <===
D/comsamsunglog( 6145): [Accuweather J]>>> ==============================================================================================
D/accuweather( 6145): [Accuweather J]>>> SM:1116 [0:0] updateCurrentCityTime : [1]0/1
D/accuweather( 6145): [Accuweather J]>>> SM:1133 [0:0] updateCurrentCityTime , ConditionLayerWidth = 702, mConditionLayerHeight = 432
D/accuweather( 6145): [Accuweather J]>>> SM:2030 [0:0] drw 1nd Tm dt = вт, 17 мая
D/LightsService(  741): [api] [SvcLED] turnOff:: id = 4 (uid: 1000 pid: 741) 
D/LightsService(  741): [SvcLED] setSvcLedStateLocked:: SvcLEDState : 0x0 -> 0x0 | SvcLED(id=4) set Off
D/LightsService(  741): [SvcLED] Lux failed to be updated in 700ms. -> handleForcedSvcLEDTasK
D/LightsService(  741): [SvcLED]  setSvcLedLightLocked :: Current SvcLED(id=4) maintains its priority right
I/SurfaceFlinger(  245): id=3824 createSurf (720x1280),1 flag=4, Mauncher
I/SpenGestureManager(  741): setFocusWindow21005
E/LocSvc_ApiV02(  741): I/<--- void globalEventCb(locClientHandleType, uint32_t, locClientEventIndUnionType, void*) line 98 QMI_LOC_EVENT_ENGINE_STATE_IND_V02
V/GpsLocationProvider(  741): reportStatus status: 2
V/GpsLocationProvider(  741): reportStatus status: 4
D/PointerIcon(  741): setMouseIconStyle1 pointerType: 1001iconType:101 flag:0
D/PointerIcon(  741): setMouseCustomIcon IconType is same.101
D/accuweather( 6145): [Accuweather J]>>> SM:3388 [0:0] onR : isAni = false
D/accuweather( 6145): [Accuweather J]>>> SWW:540 [0:0] =================== , resume :1
D/SensorManager(31022): unregisterListener ::   
D/STATUSBAR-StatusBarManagerService(  741): manageDisableList what=0x0 pkg=WindowManager.LayoutParams
D/STATUSBAR-IconMerger( 1033): checkOverflow(240), More:true, Req:true Child:10
D/PhoneStatusBar( 1033): setTransGradationMode=false, mTransparentMode=false, mSemiTransparentMode=false, mMultiWindowMode=false
D/PhoneStatusBar( 1033): checkBarMode(0)
E/Sensors (  741): Magneitc enable: mEnabled 1, handle 2, en 0
D/StatusBarManagerService(  741): tr p:6005,o:f
W/ContextImpl(  741): Calling a method in the system process without a qualified user: android.app.ContextImpl.sendBroadcast:1510 com.android.server.InputMethodManagerService$4.run:2772 java.lang.Thread.run:841 <bottom of call stack> <bottom of call stack> 
W/InputMethodManagerService(  741): Got RemoteException sending setActive(false) notification to pid 1415 uid 10289
D/Mms/UIEventReceiver(31552): ui event
D/SensorManager(31022): unregisterListener ::   
D/PhoneStatusBar( 1033): checkBarMode(2)
D/STATUSBAR-StatusBarManagerService(  741): manageDisableList what=0x0 pkg=WindowManager.LayoutParams
D/CustomFrequencyManagerService(  741): releaseDVFSLockLocked : Getting Lock type frm List : DVFS_MIN_LIMIT  frequency : 1190400  uid : 1000  pid : 741  tag : ACTIVITY_RESUME_BOOSTER@6
W/ActivityManager(  741): mDVFSHelper.release()
D/CustomFrequencyManagerService(  741): acquireDVFSLockLocked : type : DVFS_MIN_LIMIT  frequency : 1190400  uid : 1000  pid : 741  pkgName : ACTIVITY_RESUME_BOOSTER@10
E/SMD     (  239): DCD ON
D/AndroidRuntime( 1583): 
D/AndroidRuntime( 1583): >>>>>> AndroidRuntime START com.android.internal.os.RuntimeInit <<<<<<
D/AndroidRuntime( 1583): CheckJNI is OFF
D/AndroidRuntime( 1583): setted country_code = Russia
D/AndroidRuntime( 1583): setted countryiso_code = RU
D/AndroidRuntime( 1583): setted sales_code = SER
D/AndroidRuntime( 1583): readGMSProperty: start
D/AndroidRuntime( 1583): readGMSProperty: already setted!!
D/AndroidRuntime( 1583): readGMSProperty: end
D/AndroidRuntime( 1583): addProductProperty: start
D/dalvikvm( 1583): Trying to load lib libjavacore.so 0x0
D/dalvikvm( 1583): Added shared lib libjavacore.so 0x0
D/dalvikvm( 1583): Trying to load lib libnativehelper.so 0x0
D/dalvikvm( 1583): Added shared lib libnativehelper.so 0x0
D/dalvikvm( 1583): No JNI_OnLoad found in libnativehelper.so 0x0, skipping init
E/memtrack( 1583): Couldn't load memtrack module (No such file or directory)
E/android.os.Debug( 1583): failed to load memtrack module: -2
D/dalvikvm( 1583): Note: class Landroid/app/ActivityManagerNative; has 193 unimplemented (abstract) methods
D/AndroidRuntime( 1583): Calling main entry com.android.commands.am.Am
V/ApplicationPolicy(  741): isApplicationStateBlocked userId 0 pkgname ru.dublgis.dgismobile
I/SurfaceFlinger(  245): id=3825 createSurf (16x16),-1 flag=20004, EimLayer
I/SurfaceFlinger(  245): id=3826 createSurf (16x16),-1 flag=20004, EimLayer
D/CustomFrequencyManagerService(  741): acquireDVFSLockLocked : type : DVFS_MIN_LIMIT  frequency : 1190400  uid : 1000  pid : 741  pkgName : ACTIVITY_RESUME_BOOSTER@6
W/ActivityManager(  741): mDVFSHelper.acquire()
D/Launcher.HomeView( 6005): onPause
D/PhoneStatusBar( 1033): setTransGradationMode=false, mTransparentMode=false, mSemiTransparentMode=false, mMultiWindowMode=false
D/PhoneStatusBar( 1033): checkBarMode(2)
D/AndroidRuntime( 1583): Shutting down VM
D/Launcher.Workspace( 6005): exitWidgetResizeMode State: NORMAL, newDragStarted: false
D/PhoneStatusBar( 1033): setTransGradationMode=false, mTransparentMode=false, mSemiTransparentMode=false, mMultiWindowMode=false
D/PhoneStatusBar( 1033): checkBarMode(2)
D/StatusBarManagerService(  741): tr p:741,o:f
D/StatusBarManagerService(  741): tr p:6005,o:f
I/SurfaceFlinger(  245): id=3827 createSurf (1x1),1 flag=404, egismobile
D/dalvikvm( 1583): GC_CONCURRENT freed 97K, 13% free 718K/820K, paused 1ms+1ms, total 3ms
I/SELinux ( 1606): Function: selinux_android_load_priority , priority [3] , priority version is VE=GOOGLE_POLICY
D/dalvikvm( 1606): Late-enabling CheckJNI
D/PointerIcon(  741): setMouseIconStyle1 pointerType: 1001iconType:101 flag:0
D/PointerIcon(  741): setMouseCustomIcon IconType is same.101
V/WindowOrientationListener(  741): ScreenOrientationEventListenerImpl.getProposedRotationLocked, Rotation: -1
V/WindowOrientationListener(  741): ScreenOrientationEventListenerImpl.getProposedRotationLocked, Rotation: -1
V/WindowManager(  741): rotationForOrientationLw(orient=-1, last=0); user=0  sensorRotation=-1 mLidState=-1 mDockMode=0 mHdmiPlugged=false mAccelerometerDefault=false gripRotationLock=false
D/Launcher.HomeView( 6005): onStop
D/SurfaceWidgetConnection( 6005): .SurfaceWidgetWeather#1 is being paused by launcher
D/SurfaceWidgetClient$ISurfaceWidgetStub( 6145): [237392/5] Surface widget pause on instance = 1
D/accuweather( 6145): [Accuweather J]>>> SWW:208 [0:0] [SWW] onPause : rI = 1
D/SurfaceWidgetClient$ISurfaceWidgetStub( 6145): [237392/5] Surface widget visibility changed visibility = false on instance = 1
D/accuweather( 6145): [Accuweather J]>>> SWW:218 [0:0] [SWW] onPause : size = 0
D/accuweather( 6145): [Accuweather J]>>> SWW:626 [0:0]  unRegisterTTReceiver !! 
D/PowerManagerService(  741): setKeyboardVisibility: false
D/PhoneStatusBar( 1033): checkBarMode(0)
D/STATUSBAR-StatusBarManagerService(  741): manageDisableList what=0x0 pkg=WindowManager.LayoutParams
D/SurfaceWidgetView( 6005): destroyHardwareResources():1109302976
D/accuweather( 6145): [Accuweather J]>>> WCD:1428 [0:0] cARH()
D/accuweather( 6145): [Accuweather J]>>> WCD:546 [0:0]  onPause 
D/accuweather( 6145): [Accuweather J]>>> WR:475 [0:0] onPause : 1
D/accuweather( 6145): [Accuweather J]>>> SWW:536 [0:0] =================== , pause :1
D/Launcher( 6005): onTrimMemory. Level: 20
D/SurfaceWidgetView( 6005): destroyHardwareResources():1109302976
I/dalvikvm( 1606): Could not find method android.content.pm.PackageManager.getPackageInstaller, referenced from method com.google.android.gms.common.zze.zzi
W/dalvikvm( 1606): VFY: unable to resolve virtual method 660: Landroid/content/pm/PackageManager;.getPackageInstaller ()Landroid/content/pm/PackageInstaller;
D/dalvikvm( 1606): VFY: replacing opcode 0x6e at 0x000b
I/GMPM    ( 1606): App measurement is starting up, version: 8487
I/GMPM    ( 1606): To enable debug logging run: adb shell setprop log.tag.GMPM VERBOSE
E/GMPM    ( 1606): GoogleService failed to initialize, status: 10, Missing an expected resource: 'R.string.google_app_id' for initializing Google services.  Possible causes are missing google-services.json or com.google.gms.google-services gradle plugin.
E/GMPM    ( 1606): Scheduler not set. Not logging error/warn.
E/GMPM    ( 1606): Uploading is not possible. App measurement disabled
D/Grym/LogFile( 1606): Setting up error handler...
I/Grym/LogFile( 1606): LogFile constructed for: ru.dublgis.dgismobile.txt
E/cutils  (  225): Failed to mkdirat(/storage/extSdCard/Android): Read-only file system
W/ContextImpl( 1606): Failed to ensure directory: /storage/extSdCard/Android/data/ru.dublgis.dgismobile/files
I/Grym/LogFile( 1606): doLogRotate
W/Vold    (  225): Returning OperationFailed - no handler for errno 30
I/dalvikvm( 1606): Could not find method android.webkit.CookieManager.removeAllCookies, referenced from method com.vk.sdk.VKSdk.logout
W/dalvikvm( 1606): VFY: unable to resolve virtual method 15706: Landroid/webkit/CookieManager;.removeAllCookies (Landroid/webkit/ValueCallback;)V
D/dalvikvm( 1606): VFY: replacing opcode 0x6e at 0x0024
W/ResourceType( 1606): No package identifier when getting value for resource number 0x00000000
D/Grym/ParseComFields( 1606): ParseAnalytics initialized without exceptions.
D/2GIS    ( 1606): [Performance] ParseApplicationStart 153 ms
D/dalvikvm( 1606): DexOpt: couldn't find static field Landroid/os/Build;.SUPPORTED_ABIS
W/dalvikvm( 1606): VFY: unable to resolve static field 149 (SUPPORTED_ABIS) in Landroid/os/Build;
D/dalvikvm( 1606): VFY: replacing opcode 0x62 at 0x000a
I/dalvikvm( 1606): Could not find method android.view.Window.setStatusBarColor, referenced from method ru.dublgis.dgismobile.GrymMobileActivity.onAttachedToWindow
W/dalvikvm( 1606): VFY: unable to resolve virtual method 15420: Landroid/view/Window;.setStatusBarColor (I)V
D/dalvikvm( 1606): VFY: replacing opcode 0x6e at 0x001c
D/dalvikvm( 1606): DexOpt: couldn't find static field Landroid/os/Build;.SUPPORTED_ABIS
I/dalvikvm( 1606): DexOpt: unable to optimize static field ref 0x0095 at 0x10 in Lru/dublgis/dgismobile/GrymMobileActivity;.checkCPUABI
D/dalvikvm( 1606): DexOpt: couldn't find static field Landroid/os/Build;.SUPPORTED_ABIS
I/dalvikvm( 1606): DexOpt: unable to optimize static field ref 0x0095 at 0x27 in Lru/dublgis/dgismobile/GrymMobileActivity;.checkCPUABI
D/dalvikvm( 1606): DexOpt: couldn't find static field Landroid/os/Build;.SUPPORTED_ABIS
I/dalvikvm( 1606): DexOpt: unable to optimize static field ref 0x0095 at 0x48 in Lru/dublgis/dgismobile/GrymMobileActivity;.checkCPUABI
D/2GIS    ( 1606): [Performance] ApplicationTime::ToCreateActivityInstance 270 ms
I/Grym/GrymMobileApplication( 1606): ru.dublgis.dgismobile.GrymMobileApplication.onActivityCreated:41; activity = ru.dublgis.dgismobile.GrymMobileActivity@42317060
D/StatusBarManagerService(  741): tr p:1606,o:f
D/PhoneStatusBar( 1033): setTransGradationMode=false, mTransparentMode=false, mSemiTransparentMode=false, mMultiWindowMode=false
D/PhoneStatusBar( 1033): checkBarMode(0)
D/dalvikvm( 1606): Trying to load lib /data/data/ru.dublgis.dgismobile/lib/libgnustl_shared.so 0x421dcbe8
D/dalvikvm( 1606): Added shared lib /data/data/ru.dublgis.dgismobile/lib/libgnustl_shared.so 0x421dcbe8
D/dalvikvm( 1606): No JNI_OnLoad found in /data/data/ru.dublgis.dgismobile/lib/libgnustl_shared.so 0x421dcbe8, skipping init
D/dalvikvm( 1606): Trying to load lib /data/data/ru.dublgis.dgismobile/lib/libQt5Core.so 0x421dcbe8
I/SurfaceFlinger(  245): id=3824 Removed Mauncher (7/18)
I/SurfaceFlinger(  245): id=3824 Removed Mauncher (-2/18)
D/dalvikvm( 1606): Added shared lib /data/data/ru.dublgis.dgismobile/lib/libQt5Core.so 0x421dcbe8
D/dalvikvm( 1606): Trying to load lib /data/data/ru.dublgis.dgismobile/lib/libQt5Xml.so 0x421dcbe8
D/dalvikvm( 1606): Added shared lib /data/data/ru.dublgis.dgismobile/lib/libQt5Xml.so 0x421dcbe8
D/dalvikvm( 1606): No JNI_OnLoad found in /data/data/ru.dublgis.dgismobile/lib/libQt5Xml.so 0x421dcbe8, skipping init
D/dalvikvm( 1606): Trying to load lib /data/data/ru.dublgis.dgismobile/lib/libQt5Sensors.so 0x421dcbe8
D/dalvikvm( 1606): Added shared lib /data/data/ru.dublgis.dgismobile/lib/libQt5Sensors.so 0x421dcbe8
D/dalvikvm( 1606): No JNI_OnLoad found in /data/data/ru.dublgis.dgismobile/lib/libQt5Sensors.so 0x421dcbe8, skipping init
D/dalvikvm( 1606): Trying to load lib /data/data/ru.dublgis.dgismobile/lib/libQt5Positioning.so 0x421dcbe8
D/dalvikvm( 1606): Added shared lib /data/data/ru.dublgis.dgismobile/lib/libQt5Positioning.so 0x421dcbe8
D/dalvikvm( 1606): No JNI_OnLoad found in /data/data/ru.dublgis.dgismobile/lib/libQt5Positioning.so 0x421dcbe8, skipping init
D/dalvikvm( 1606): Trying to load lib /data/data/ru.dublgis.dgismobile/lib/libQt5Test.so 0x421dcbe8
D/dalvikvm( 1606): Added shared lib /data/data/ru.dublgis.dgismobile/lib/libQt5Test.so 0x421dcbe8
D/dalvikvm( 1606): No JNI_OnLoad found in /data/data/ru.dublgis.dgismobile/lib/libQt5Test.so 0x421dcbe8, skipping init
D/dalvikvm( 1606): Trying to load lib /data/data/ru.dublgis.dgismobile/lib/libQt5Gui.so 0x421dcbe8
D/dalvikvm( 1606): Added shared lib /data/data/ru.dublgis.dgismobile/lib/libQt5Gui.so 0x421dcbe8
D/dalvikvm( 1606): No JNI_OnLoad found in /data/data/ru.dublgis.dgismobile/lib/libQt5Gui.so 0x421dcbe8, skipping init
D/dalvikvm( 1606): Trying to load lib /data/data/ru.dublgis.dgismobile/lib/libQt5Widgets.so 0x421dcbe8
D/dalvikvm( 1606): Added shared lib /data/data/ru.dublgis.dgismobile/lib/libQt5Widgets.so 0x421dcbe8
D/dalvikvm( 1606): No JNI_OnLoad found in /data/data/ru.dublgis.dgismobile/lib/libQt5Widgets.so 0x421dcbe8, skipping init
D/dalvikvm( 1606): Trying to load lib /data/data/ru.dublgis.dgismobile/lib/libQt5Network.so 0x421dcbe8
D/dalvikvm( 1606): Added shared lib /data/data/ru.dublgis.dgismobile/lib/libQt5Network.so 0x421dcbe8
D/dalvikvm( 1606): No JNI_OnLoad found in /data/data/ru.dublgis.dgismobile/lib/libQt5Network.so 0x421dcbe8, skipping init
D/dalvikvm( 1606): Trying to load lib /data/data/ru.dublgis.dgismobile/lib/libQt5Qml.so 0x421dcbe8
D/dalvikvm( 1606): Added shared lib /data/data/ru.dublgis.dgismobile/lib/libQt5Qml.so 0x421dcbe8
D/dalvikvm( 1606): No JNI_OnLoad found in /data/data/ru.dublgis.dgismobile/lib/libQt5Qml.so 0x421dcbe8, skipping init
D/dalvikvm( 1606): Trying to load lib /data/data/ru.dublgis.dgismobile/lib/libQt5Quick.so 0x421dcbe8
D/dalvikvm( 1606): Added shared lib /data/data/ru.dublgis.dgismobile/lib/libQt5Quick.so 0x421dcbe8
D/dalvikvm( 1606): No JNI_OnLoad found in /data/data/ru.dublgis.dgismobile/lib/libQt5Quick.so 0x421dcbe8, skipping init
D/dalvikvm( 1606): Trying to load lib /data/data/ru.dublgis.dgismobile/lib/libQt5QuickParticles.so 0x421dcbe8
D/dalvikvm( 1606): Added shared lib /data/data/ru.dublgis.dgismobile/lib/libQt5QuickParticles.so 0x421dcbe8
D/dalvikvm( 1606): No JNI_OnLoad found in /data/data/ru.dublgis.dgismobile/lib/libQt5QuickParticles.so 0x421dcbe8, skipping init
D/dalvikvm( 1606): Trying to load lib /data/data/ru.dublgis.dgismobile/lib/libQt5QuickTest.so 0x421dcbe8
D/dalvikvm( 1606): Added shared lib /data/data/ru.dublgis.dgismobile/lib/libQt5QuickTest.so 0x421dcbe8
D/dalvikvm( 1606): No JNI_OnLoad found in /data/data/ru.dublgis.dgismobile/lib/libQt5QuickTest.so 0x421dcbe8, skipping init
D/dalvikvm( 1606): Trying to load lib /data/data/ru.dublgis.dgismobile/lib/libQt5OpenGL.so 0x421dcbe8
D/dalvikvm( 1606): Added shared lib /data/data/ru.dublgis.dgismobile/lib/libQt5OpenGL.so 0x421dcbe8
D/dalvikvm( 1606): No JNI_OnLoad found in /data/data/ru.dublgis.dgismobile/lib/libQt5OpenGL.so 0x421dcbe8, skipping init
D/dalvikvm( 1606): Trying to load lib /data/data/ru.dublgis.dgismobile/lib/libQt5Svg.so 0x421dcbe8
D/dalvikvm( 1606): Added shared lib /data/data/ru.dublgis.dgismobile/lib/libQt5Svg.so 0x421dcbe8
D/dalvikvm( 1606): No JNI_OnLoad found in /data/data/ru.dublgis.dgismobile/lib/libQt5Svg.so 0x421dcbe8, skipping init
D/dalvikvm( 1606): Trying to load lib /data/data/ru.dublgis.dgismobile/lib/libQt5AndroidExtras.so 0x421dcbe8
D/dalvikvm( 1606): Added shared lib /data/data/ru.dublgis.dgismobile/lib/libQt5AndroidExtras.so 0x421dcbe8
D/dalvikvm( 1606): No JNI_OnLoad found in /data/data/ru.dublgis.dgismobile/lib/libQt5AndroidExtras.so 0x421dcbe8, skipping init
D/dalvikvm( 1606): Trying to load lib /data/data/ru.dublgis.dgismobile/lib/libQt5WebSockets.so 0x421dcbe8
D/dalvikvm( 1606): Added shared lib /data/data/ru.dublgis.dgismobile/lib/libQt5WebSockets.so 0x421dcbe8
D/dalvikvm( 1606): No JNI_OnLoad found in /data/data/ru.dublgis.dgismobile/lib/libQt5WebSockets.so 0x421dcbe8, skipping init
D/dalvikvm( 1606): Trying to load lib /data/data/ru.dublgis.dgismobile/qt-reserved-files/plugins/platforms/android/libqtforandroid.so 0x421dcbe8
D/SignalClusterView_dual( 1033): wifi: VISIBLE sig=2130838158 act=2130838112
D/SignalClusterView_dual( 1033): mMobileDataState=0 mMobileDataState2=0
D/SignalClusterView_dual( 1033): apply() mSeparateMobileGroup=8
D/STATUSBAR-NetworkController_dual( 1033): refreshSignalCluster - setNWBoosterIndicators(false)
D/SignalClusterView_dual( 1033): wifi: VISIBLE sig=2130838158 act=2130838115
D/SignalClusterView_dual( 1033): mMobileDataState=0 mMobileDataState2=0
D/SignalClusterView_dual( 1033): apply() mSeparateMobileGroup=8
D/dalvikvm( 1606): Added shared lib /data/data/ru.dublgis.dgismobile/qt-reserved-files/plugins/platforms/android/libqtforandroid.so 0x421dcbe8
I/Qt      ( 1606): qt start
D/dalvikvm( 1606): Trying to load lib /data/data/ru.dublgis.dgismobile/lib/libQt5QuickParticles.so 0x421dcbe8
D/dalvikvm( 1606): Shared lib '/data/data/ru.dublgis.dgismobile/lib/libQt5QuickParticles.so' already loaded in same CL 0x421dcbe8
D/dalvikvm( 1606): Trying to load lib /data/data/ru.dublgis.dgismobile/qt-reserved-files/plugins/sensors/libqtsensors_android.so 0x421dcbe8
D/dalvikvm( 1606): Added shared lib /data/data/ru.dublgis.dgismobile/qt-reserved-files/plugins/sensors/libqtsensors_android.so 0x421dcbe8
I/Qt      ( 1606): Sensors start
D/dalvikvm( 1606): Trying to load lib /data/data/ru.dublgis.dgismobile/qt-reserved-files/plugins/position/libqtposition_android.so 0x421dcbe8
D/dalvikvm( 1606): Added shared lib /data/data/ru.dublgis.dgismobile/qt-reserved-files/plugins/position/libqtposition_android.so 0x421dcbe8
I/QtPositioning( 1606): Positioning start
D/dalvikvm( 1606): Trying to load lib /data/data/ru.dublgis.dgismobile/lib/libQt5Xml.so 0x421dcbe8
D/dalvikvm( 1606): Shared lib '/data/data/ru.dublgis.dgismobile/lib/libQt5Xml.so' already loaded in same CL 0x421dcbe8
D/SignalClusterView_dual( 1033): wifi: VISIBLE sig=2130838158 act=2130838115
D/SignalClusterView_dual( 1033): mMobileDataState=0 mMobileDataState2=0
D/SignalClusterView_dual( 1033): apply() mSeparateMobileGroup=8
D/SignalClusterView_dual( 1033): wifi: VISIBLE sig=2130838158 act=2130838115
D/SignalClusterView_dual( 1033): mMobileDataState=0 mMobileDataState2=0
D/SignalClusterView_dual( 1033): apply() mSeparateMobileGroup=8
D/SignalClusterView_dual( 1033): wifi: VISIBLE sig=2130838158 act=2130838115
D/SignalClusterView_dual( 1033): mMobileDataState=0 mMobileDataState2=0
D/SignalClusterView_dual( 1033): apply() mSeparateMobileGroup=8
D/StatusBar.NetworkController_dual( 1033): mMobileLabelViews start
D/StatusBar.NetworkController_dual( 1033): mMobileLabelViews set mobileLabel[SIM_0] =Только экстренные вызовы.
D/StatusBar.NetworkController_dual( 1033): mMobileLabelViews GONE
D/StatusBar.NetworkController_dual( 1033): mMobileLabelViews2 set mobileLabel[SIM_1] =Нет сети
D/StatusBar.NetworkController_dual( 1033): mMobileLabelViews2 GONE
D/StatusBar.NetworkController_dual( 1033): mSingleMobileLabelViews set : simMode = 0
D/StatusBar.NetworkController_dual( 1033): mSingleMobileLabelViews set as slot1`s
D/STATUSBAR-IconMerger( 1033): checkOverflow(240), More:true, Req:true Child:10
D/dalvikvm( 1606): Trying to load lib /data/app-lib/ru.dublgis.dgismobile-1/libv4android.so 0x421dcbe8
D/CustomFrequencyManagerService(  741): releaseDVFSLockLocked : Getting Lock type frm List : DVFS_MIN_LIMIT  frequency : 1190400  uid : 1000  pid : 741  tag : ACTIVITY_RESUME_BOOSTER@10
D/CustomFrequencyManagerService(  741): FrequencyrequestList.getNextMaxCPUCoreRequest, index: 0
D/dalvikvm( 1606): Added shared lib /data/app-lib/ru.dublgis.dgismobile-1/libv4android.so 0x421dcbe8
D/dalvikvm( 1606): No JNI_OnLoad found in /data/app-lib/ru.dublgis.dgismobile-1/libv4android.so 0x421dcbe8, skipping init
D/Grym/GrymMobile( 1606): Build.CPU_ABI = armeabi-v7a, Build.CPU_ABI2 = armeabi, Primary ABI = armeabi-v7a, API 21+ ABI's list = "", built for = armeabi-v7a
I/Grym/GrymMobile( 1606): [InstanceState] There's no saved instance state.
I/dalvikvm( 1606): Could not find method android.app.Notification$Builder.setColor, referenced from method ru.dublgis.dgismobile.KeepaliveService.createForegroundNotification
W/dalvikvm( 1606): VFY: unable to resolve virtual method 320: Landroid/app/Notification$Builder;.setColor (I)Landroid/app/Notification$Builder;
D/dalvikvm( 1606): VFY: replacing opcode 0x6e at 0x0065
D/Grym/GlDetectorActivity( 1606): EGL GrymGlDetectorActivity.LoadRenderer: "Adreno (TM) 305"
D/2GIS    ( 1606): [Performance] ActivityTimeSinceOnCreate::ToEndOnCreate 245 ms
I/dalvikvm( 1606): Could not find method android.app.Notification$Builder.setColor, referenced from method ru.dublgis.dgismobile.UpdateService.createForegroundNotification
W/dalvikvm( 1606): VFY: unable to resolve virtual method 320: Landroid/app/Notification$Builder;.setColor (I)Landroid/app/Notification$Builder;
D/dalvikvm( 1606): VFY: replacing opcode 0x6e at 0x0062
I/Grym/UpdateService( 1606): Resetting last user update abort time...
I/Grym/GrymMobile( 1606): onStart
I/Grym/GrymMobile( 1606): SocialNetwork create.
I/Grym/GrymMobileApplication( 1606): ru.dublgis.dgismobile.GrymMobileApplication.onActivityStarted:91; activity = ru.dublgis.dgismobile.GrymMobileActivity@42317060
I/dalvikvm( 1606): Could not find method android.app.Notification$Builder.setLocalOnly, referenced from method com.google.android.gms.common.GooglePlayServicesUtil.zza
W/dalvikvm( 1606): VFY: unable to resolve virtual method 334: Landroid/app/Notification$Builder;.setLocalOnly (Z)Landroid/app/Notification$Builder;
D/dalvikvm( 1606): VFY: replacing opcode 0x6e at 0x00c8
D/Grym/GrymGCM( 1606): checkPlayServices: success.
D/Grym/GrymGCM( 1606): registerForGcm: already registered.
I/Grym/GrymMobile( 1606): onResume
I/Grym/GrymMobileApplication( 1606): ru.dublgis.dgismobile.GrymMobileApplication.onActivityResumed:71; activity = ru.dublgis.dgismobile.GrymMobileActivity@42317060
D/PhoneStatusBar( 1033): setSemiTransparentMode=false, mTransparentMode=false, mSemiTransparentMode=false, mMultiWindowMode=false
D/PhoneStatusBar( 1033): checkBarMode(0)
D/Grym/GrymMobile( 1606): [processIntent]
D/Grym/GrymMobile( 1606): [processIntent] processIntent: Intent { flg=0x10000000 cmp=ru.dublgis.dgismobile/.GrymMobileActivity }
D/Grym/GrymMobile( 1606): [processIntent] A new intent, continuing...
D/StatusBarManagerService(  741): semi p:1606,o:f
I/Grym/SocialNetworkTwitter( 1606): Crashlytics disabled
I/System.out( 1606): Thread-9507(HTTPLog):isShipBuild true
I/System.out( 1606): Thread-9507(HTTPLog):SmartBonding Enabling is false, SHIP_BUILD is true, log to file is false, DBG is false
I/SurfaceFlinger(  245): id=3828 createSurf (1x1),1 flag=404, HrymMobileA
I/SpenGestureManager(  741): setFocusWindow21010
D/PointerIcon(  741): setMouseIconStyle1 pointerType: 1001iconType:101 flag:0
D/PointerIcon(  741): setMouseCustomIcon IconType is same.101
I/Adreno-EGL( 1606): <qeglDrvAPI_eglInitialize:410>: EGL 1.4 QUALCOMM build:  ()
I/Adreno-EGL( 1606): OpenGL ES Shader Compiler Version: E031.24.00.08
I/Adreno-EGL( 1606): Build Date: 07/15/14 Tue
I/Adreno-EGL( 1606): Local Branch: AU200-20140715-all-patches-au200-839308
I/Adreno-EGL( 1606): Remote Branch: 
I/Adreno-EGL( 1606): Local Patches: 
I/Adreno-EGL( 1606): Reconstruct Branch: 
D/OpenGLRenderer( 1606): Enabling debug mode 0
D/2GIS    ( 1606): [Performance] ActivityTimeSinceOnCreate::MainStarted 367 ms
D/        ( 1606): ../../../../../src/v4android/Src/main.cpp:246 (int main(int, char**)): 2GIS main() start
D/        ( 1606): ../../../../../src/qmlsdk/Projects/QtAppCoreUtil/src/PerformanceLog.cpp:13 (void {anonymous}::doLog(const QString&)): "[Performance] StaticLibLifetime::BeforeMain: 191 ms"
W/ContextImpl(  741): Calling a method in the system process without a qualified user: android.app.ContextImpl.sendBroadcast:1510 com.android.server.InputMethodManagerService$4.run:2772 java.lang.Thread.run:841 <bottom of call stack> <bottom of call stack> 
E/cutils  (  225): Failed to mkdirat(/storage/extSdCard/Android): Read-only file system
W/ContextImpl( 1606): Failed to ensure directory: /storage/extSdCard/Android/data/ru.dublgis.dgismobile/files
D/2GIS    ( 1606): ../../../../../src/qmlsdk/Projects/QtAppCoreUtil/src/SystemFileUtils.cpp:201 (const QString& SystemFileUtils::androidExternalFilesDirectory()): Base storage directory: "/storage/emulated/0/Android/data/ru.dublgis.dgismobile/files"
I/2GIS    ( 1606): ../../../../../src/qmlsdk/Projects/QtAppCoreUtil/src/SystemFileUtils.cpp:81 (bool SystemFileUtils::isDirectoryWritable(const QString&)): Checking directory writablility: "/storage/emulated/0/Android/data/ru.dublgis.dgismobile/files/logs"
I/2GIS    ( 1606): ../../../../../src/qmlsdk/Projects/QtAppCoreUtil/src/SystemFileUtils.cpp:137 (bool SystemFileUtils::isDirectoryWritable(const QString&)): ....The directory is writable.
D/2GIS    ( 1606): <D> 2016.05.17 10:40:13 {1658} src/v4android/Src/CrashlyticsLogSink.cpp:68(CrashlyticsLogSink::install)$ Crashlytics disabled in this build, not installing the log sink.
D/2GIS    ( 1606): <I> 2016.05.17 10:40:13 {1658} UniLog: src/v4android/Src/main.cpp:320(unknown)$ Starting shell 4.0.22 beta unsigned-release 20160516-1819 ff4ce5d saytgalin@t900 on device: Android 4.4.4; samsung GT-I9300I; abi:armeabi-v7a,armeabi; target:ARMv7; apk:161000128 Qt: 5.6.0 libs: 5.6.0
D/2GIS    ( 1606): <I> 2016.05.17 10:40:13 {1658} UniLog: src/v4androidcommon/Src/UpdateServiceUtil.cpp:58(unknown)$ Want to stop update service.
W/Vold    (  225): Returning OperationFailed - no handler for errno 30
D/2GIS    ( 1606): [Performance] StartSocialNetwork 149 ms
D/CustomFrequencyManagerService(  741): releaseDVFSLockLocked : Getting Lock type frm List : DVFS_MIN_LIMIT  frequency : 1190400  uid : 1000  pid : 741  tag : ACTIVITY_RESUME_BOOSTER@6
W/ActivityManager(  741): mDVFSHelper.release()
D/CustomFrequencyManagerService(  741): acquireDVFSLockLocked : type : DVFS_MIN_LIMIT  frequency : 1190400  uid : 1000  pid : 741  pkgName : ACTIVITY_RESUME_BOOSTER@10
D/dalvikvm(31037): GC_CONCURRENT freed 2014K, 29% free 12714K/17668K, paused 5ms+7ms, total 67ms
D/2GIS    ( 1606): <D> 2016.05.17 10:40:13 {1658} src/qt-dgisplatformextensions/qtandroidextensions/QtAndroidHelpers/QAndroidDisplayMetrics.cpp:176(QAndroidDisplayMetrics::QAndroidDisplayMetrics)$ QAndroidDisplayMetrics: density = 2 / densityDpi = 320 / scaledDensity = 2 / xdpi = 304.799 / ydpi = 306.716 / realisticDpi = 305.758 / widthPixels = 720 / heightPixels = 1280 / Theme = 6 "xhdpi" / densityFromDpi = 2 / scaledDensityFromDpi = 2
D/2GIS    ( 1606): <D> 2016.05.17 10:40:13 {1658} src/qt-dgisplatformextensions/qtandroidextensions/QtAndroidHelpers/QAndroidScreenOrientation.cpp:109(QAndroidScreenOrientation::getCurrentFixedOrientation)$ QAndroidScreenOrientation: default=portrait, rotation=0 => portrait
V/WindowOrientationListener(  741): ScreenOrientationEventListenerImpl.getProposedRotationLocked, Rotation: -1
V/WindowOrientationListener(  741): ScreenOrientationEventListenerImpl.getProposedRotationLocked, Rotation: -1
V/WindowManager(  741): rotationForOrientationLw(orient=1, last=0); user=0  sensorRotation=-1 mLidState=-1 mDockMode=0 mHdmiPlugged=false mAccelerometerDefault=false gripRotationLock=false
D/2GIS    ( 1606): <D> 2016.05.17 10:40:13 {1658} src/qt-dgisplatformextensions/qtandroidextensions/QtAndroidHelpers/QAndroidDisplayMetrics.cpp:176(QAndroidDisplayMetrics::QAndroidDisplayMetrics)$ QAndroidDisplayMetrics: density = 2 / densityDpi = 320 / scaledDensity = 2 / xdpi = 304.799 / ydpi = 306.716 / realisticDpi = 305.758 / widthPixels = 720 / heightPixels = 1280 / Theme = 6 "xhdpi" / densityFromDpi = 2 / scaledDensityFromDpi = 2
D/2GIS    ( 1606): <I> 2016.05.17 10:40:13 {1658} UniLog: src/qmlsdk/Projects/QtAppGuiUtil/src/DisplayParameters.cpp:24(unknown)$ androidDisplayParameters: 720x1280, realistic DPI = 305.758, density (system value) = 2, density from DPI = 2, scaled density from DPI = 2
D/PowerManagerService(  741): setKeyboardVisibility: false
D/2GIS    ( 1606): <I> 2016.05.17 10:40:13 {1658} UniLog: src/qmlsdk/Projects/QtAppGuiUtil/src/SplashScreen.cpp:251(unknown)$ Splash logo: assets:/Resources/UI/Templates/resources/cities/logo_novosibirsk.svg
I/SurfaceFlinger(  245): id=3827 Removed egismobile (10/18)
I/SurfaceFlinger(  245): id=3827 Removed egismobile (-2/18)
I/SurfaceFlinger(  245): id=3828 Removed HrymMobileA (8/17)
I/SurfaceFlinger(  245): id=3828 Removed HrymMobileA (-2/17)
I/SurfaceFlinger(  245): id=3829 createSurf (720x1280),1 flag=4, HrymMobileA
I/SurfaceFlinger(  245): id=3830 createSurf (720x1230),1 flag=4, TurfaceView
D/2GIS    ( 1606): <D> 2016.05.17 10:40:13 {1658} src/qmlsdk/Projects/QtAppCoreUtil/src/PerformanceLog.cpp:13({anonymous}::doLog)$ "[Performance] Main::BeforeSplashShown: 295 ms"
D/2GIS    ( 1606): [Performance] ActivityTimeSinceOnCreate::BeforeSplashShown 661 ms
