D/LocationManagerService(  741): getLastLocation: Request[ACCURACY_FINE gps requested=0 fastest=0 num=1]
D/LocationManagerService(  741): getLastLocation: Request[POWER_LOW network requested=0 fastest=0 num=1]
D/2GIS    ( 1157): <D> 2016.05.17 10:40:04 {1233} qml: http://qfile-assets.api/Resources/UI/Hecataeus/Hecataeus.qml:80(onActiveFocusItemChanged)$ [rootAppWindow][onActiveFocusItemChanged] keyGrabber__mainWindow
D/SignalClusterView_dual( 1033): wifi: VISIBLE sig=2130838158 act=2130838115
D/SignalClusterView_dual( 1033): mMobileDataState=0 mMobileDataState2=0
D/SignalClusterView_dual( 1033): apply() mSeparateMobileGroup=8
D/STATUSBAR-NetworkController_dual( 1033): refreshSignalCluster - setNWBoosterIndicators(false)
D/SignalClusterView_dual( 1033): wifi: VISIBLE sig=2130838158 act=2130838112
D/SignalClusterView_dual( 1033): mMobileDataState=0 mMobileDataState2=0
D/SignalClusterView_dual( 1033): apply() mSeparateMobileGroup=8
D/SignalClusterView_dual( 1033): wifi: VISIBLE sig=2130838158 act=2130838112
D/SignalClusterView_dual( 1033): mMobileDataState=0 mMobileDataState2=0
D/SignalClusterView_dual( 1033): apply() mSeparateMobileGroup=8
D/SignalClusterView_dual( 1033): wifi: VISIBLE sig=2130838158 act=2130838112
D/SignalClusterView_dual( 1033): mMobileDataState=0 mMobileDataState2=0
D/SignalClusterView_dual( 1033): apply() mSeparateMobileGroup=8
D/SignalClusterView_dual( 1033): wifi: VISIBLE sig=2130838158 act=2130838112
D/SignalClusterView_dual( 1033): mMobileDataState=0 mMobileDataState2=0
D/SignalClusterView_dual( 1033): apply() mSeparateMobileGroup=8
D/StatusBar.NetworkController_dual( 1033): mMobileLabelViews start
D/StatusBar.NetworkController_dual( 1033): mMobileLabelViews set mobileLabel[SIM_0] =Только экстренные вызовы.
D/StatusBar.NetworkController_dual( 1033): mMobileLabelViews GONE
D/StatusBar.NetworkController_dual( 1033): mMobileLabelViews2 set mobileLabel[SIM_1] =Нет сети
D/StatusBar.NetworkController_dual( 1033): mMobileLabelViews2 GONE
D/StatusBar.NetworkController_dual( 1033): mSingleMobileLabelViews set : simMode = 0
D/StatusBar.NetworkController_dual( 1033): mSingleMobileLabelViews set as slot1`s
D/Grym/GrymMobile( 1157): mobileAppTrackerResume: MobileAppTracker resumed.
D/STATUSBAR-IconMerger( 1033): checkOverflow(240), More:true, Req:true Child:11
D/LocationManagerService(  741): getLastLocation: Request[ACCURACY_FINE gps requested=0 fastest=0 num=1]
D/LocationManagerService(  741): request 4435d600 gps Request[ACCURACY_FINE gps requested=+5s0ms fastest=+5s0ms] from ru.dublgis.dgismobile(10289)
D/LocationManagerService(  741): provider request: gps ProviderRequest[ON interval=+1s0ms]
D/GpsLocationProvider(  741): setRequest ProviderRequest[ON interval=+1s0ms]
E/LocSvc_eng(  741): I/===> int loc_eng_set_position_mode(loc_eng_data_s_type&, LocPosMode&) line 2151 
E/        (  741): D/qca1530: detected=false
E/        (  741): D/cat /sys/devices/soc0/hw_platform: MTP
E/        (  741): D/cat /sys/devices/soc0/soc_id: 221
E/        (  741): W/open failed: /dev/mdm: No such file or directory
E/        (  741): D/HAL: loc_get_target returned -1
E/LocSvc_utils_cfg(  741): W/loc_read_sec_gps_conf: no secgps conf file, using defaults
E/LocSvc_ApiV02(  741): D/virtual loc_api_adapter_err LocApiV02::setPositionMode(const LocPosMode&):603]: fix is in progress restarting the fix with new criteria
E/LocSvc_ApiV02(  741): D/virtual loc_api_adapter_err LocApiV02::startFix(const LocPosMode&):347]: SIM card absent. force set position_mode to standalone
E/LocSvc_api_v02(  741): I/---> locClientSendReq line 2332 QMI_LOC_SET_OPERATION_MODE_REQ_V02
E/LocSvc_ApiV02(  741): I/<--- void globalRespCb(locClientHandleType, uint32_t, locClientRespIndUnionType, void*) line 123 QMI_LOC_SET_OPERATION_MODE_REQ_V02
E/LocSvc_ApiV02(  741): W/virtual loc_api_adapter_err LocApiV02::startFix(const LocPosMode&):434]:start_mode = Standalone, acc will set as eQMI_LOC_ACCURACY_HIGH_V02
E/LocSvc_api_v02(  741): I/---> locClientSendReq line 2332 QMI_LOC_START_REQ_V02
D/Grym/GrymMobile( 1157): startMobileAppTracker: done.
E/LocSvc_ApiV02(  741): I/<--- void globalEventCb(locClientHandleType, uint32_t, locClientEventIndUnionType, void*) line 98 QMI_LOC_EVENT_INJECT_POSITION_REQ_IND_V02
E/LocSvc_ApiV02(  741): D/virtual void LocApiV02::eventCb(locClientHandleType, uint32_t, locClientEventIndUnionType):2757]: Position request
E/LocSvc_ApiV02(  741): I/<--- void globalEventCb(locClientHandleType, uint32_t, locClientEventIndUnionType, void*) line 98 QMI_LOC_EVENT_POSITION_REPORT_IND_V02
E/LocSvc_ApiV02(  741): D/Reporting postion from V2 Adapter
E/2GIS    ( 1157): <E> 2016.05.17 10:40:04 {1233} UniLog: src/qmlsdk/Projects/QtGears/src/FileUtil.cpp:24(unknown)$ Failed to open UniFS file: /quick_templates/ui_header.json
D/2GIS    ( 1157): <I> 2016.05.17 10:40:04 {1233} UniLog: src/qmlsdk/Projects/QmlRegions/src/RegionItem.cpp:68(unknown)$ No UI header in UniFS: /quick_templates/ui_header.json
D/2GIS    ( 1157): <I> 2016.05.17 10:40:04 {1233} UniLog: src/qmlsdk/Projects/QmlRegions/src/RegionItem.cpp:264(unknown)$ Using bundled templates because UniFS does not contain templates.
D/2GIS    ( 1157): <I> 2016.05.17 10:40:04 {1233} UniLog: src/qmlsdk/Projects/QmlRegions/src/RegionItem.cpp:148(unknown)$ Template suffix for novosibirsk is empty.
D/2GIS    ( 1157): <D> 2016.05.17 10:40:04 {1252} src/qmlsdk/Projects/QtAppCoreUtil/src/PerformanceLog.cpp:13({anonymous}::doLog)$ "[Performance] MakeVisible_PrepareStyles: 1318 ms"
D/2GIS    ( 1157): <D> 2016.05.17 10:40:04 {1233} qml: http://qfile-assets.api/Resources/UI/RegionUI/Phone.1.0/MainWindow.qml:57(onMainWindowReadyChanged)$ [rootAppWindow][restore] false
D/2GIS    ( 1157): <D> 2016.05.17 10:40:04 {1233} unknown:0(unknown)$ [Performance] ApplicationStart: 2483ms
D/2GIS    ( 1157): <I> 2016.05.17 10:40:04 {1233} UniLog: src/qmlsdk/Projects/QmlCore/src/SplashHolder.cpp:51(unknown)$ Hiding splash.
D/2GIS    ( 1157): <D> 2016.05.17 10:40:04 {1233} src/qmlsdk/Projects/QtAppCoreUtil/src/PerformanceLog.cpp:13({anonymous}::doLog)$ "[Performance] SplashLifetime: 3915 ms"
D/2GIS    ( 1157): <I> 2016.05.17 10:40:04 {1233} UniLog: src/qmlsdk/Projects/QtAppGuiUtil/src/SplashScreen.cpp:94(unknown)$ Destroying splash screen...
D/2GIS    ( 1157): [Performance] ApplicationTime::SplashHide 4694 ms
D/2GIS    ( 1157): <I> 2016.05.17 10:40:04 {1233} UniLog: src/qmlsdk/Projects/QmlUpdate/src/UpdateManagerItem.cpp:621(unknown)$ updateAdWeight Novosibirsk_ru_RU
D/2GIS    ( 1157): <D> 2016.05.17 10:40:04 {1233} UniLog: src/qmlsdk/Projects/QmlNetwork/src/ActiveNetworkManager.cpp:119(unknown)$ connectionType: WLAN, returning unlimited network.
E/LocSvc_ApiV02(  741): I/<--- void globalEventCb(locClientHandleType, uint32_t, locClientEventIndUnionType, void*) line 98 QMI_LOC_EVENT_NMEA_IND_V02
E/LocSvc_ApiV02(  741): I/<--- void globalEventCb(locClientHandleType, uint32_t, locClientEventIndUnionType, void*) line 98 QMI_LOC_EVENT_NMEA_IND_V02
E/LocSvc_ApiV02(  741): I/<--- void globalEventCb(locClientHandleType, uint32_t, locClientEventIndUnionType, void*) line 98 QMI_LOC_EVENT_NMEA_IND_V02
E/LocSvc_ApiV02(  741): I/<--- void globalEventCb(locClientHandleType, uint32_t, locClientEventIndUnionType, void*) line 98 QMI_LOC_EVENT_NMEA_IND_V02
E/LocSvc_ApiV02(  741): I/<--- void globalEventCb(locClientHandleType, uint32_t, locClientEventIndUnionType, void*) line 98 QMI_LOC_EVENT_NMEA_IND_V02
E/LocSvc_ApiV02(  741): I/<--- void globalEventCb(locClientHandleType, uint32_t, locClientEventIndUnionType, void*) line 98 QMI_LOC_EVENT_NMEA_IND_V02
D/SignalClusterView_dual( 1033): wifi: VISIBLE sig=2130838158 act=2130838112
D/SignalClusterView_dual( 1033): mMobileDataState=0 mMobileDataState2=0
D/SignalClusterView_dual( 1033): apply() mSeparateMobileGroup=8
D/STATUSBAR-NetworkController_dual( 1033): refreshSignalCluster - setNWBoosterIndicators(false)
D/SignalClusterView_dual( 1033): wifi: VISIBLE sig=2130838158 act=2130838115
D/SignalClusterView_dual( 1033): mMobileDataState=0 mMobileDataState2=0
D/SignalClusterView_dual( 1033): apply() mSeparateMobileGroup=8
D/SignalClusterView_dual( 1033): wifi: VISIBLE sig=2130838158 act=2130838115
D/SignalClusterView_dual( 1033): mMobileDataState=0 mMobileDataState2=0
D/SignalClusterView_dual( 1033): apply() mSeparateMobileGroup=8
D/SignalClusterView_dual( 1033): wifi: VISIBLE sig=2130838158 act=2130838115
D/SignalClusterView_dual( 1033): mMobileDataState=0 mMobileDataState2=0
D/SignalClusterView_dual( 1033): apply() mSeparateMobileGroup=8
D/SignalClusterView_dual( 1033): wifi: VISIBLE sig=2130838158 act=2130838115
D/SignalClusterView_dual( 1033): mMobileDataState=0 mMobileDataState2=0
D/SignalClusterView_dual( 1033): apply() mSeparateMobileGroup=8
D/StatusBar.NetworkController_dual( 1033): mMobileLabelViews start
D/StatusBar.NetworkController_dual( 1033): mMobileLabelViews set mobileLabel[SIM_0] =Только экстренные вызовы.
D/StatusBar.NetworkController_dual( 1033): mMobileLabelViews GONE
D/StatusBar.NetworkController_dual( 1033): mMobileLabelViews2 set mobileLabel[SIM_1] =Нет сети
D/StatusBar.NetworkController_dual( 1033): mMobileLabelViews2 GONE
D/StatusBar.NetworkController_dual( 1033): mSingleMobileLabelViews set : simMode = 0
D/StatusBar.NetworkController_dual( 1033): mSingleMobileLabelViews set as slot1`s
D/STATUSBAR-IconMerger( 1033): checkOverflow(240), More:true, Req:true Child:11
D/2GIS    ( 1157): <I> 2016.05.17 10:40:05 {1233} UniLog: src/v4sdk/v4core/Projects/MapModule/src/ScalesGetter.cpp:71(unknown)$ Load map scales config.
D/2GIS    ( 1157): <D> 2016.05.17 10:40:05 {1233} src/qmlsdk/Projects/QtAppCoreUtil/src/PerformanceLog.cpp:13({anonymous}::doLog)$ "[Performance] MakeVisible_AddRegion: 64 ms"
E/LocSvc_ApiV02(  741): I/<--- void globalEventCb(locClientHandleType, uint32_t, locClientEventIndUnionType, void*) line 98 QMI_LOC_EVENT_POSITION_REPORT_IND_V02
E/LocSvc_ApiV02(  741): D/Reporting postion from V2 Adapter
D/AndroidRuntime( 1360): 
D/AndroidRuntime( 1360): >>>>>> AndroidRuntime START com.android.internal.os.RuntimeInit <<<<<<
D/AndroidRuntime( 1360): CheckJNI is OFF
D/AndroidRuntime( 1360): setted country_code = Russia
D/AndroidRuntime( 1360): setted countryiso_code = RU
D/AndroidRuntime( 1360): setted sales_code = SER
D/AndroidRuntime( 1360): readGMSProperty: start
D/AndroidRuntime( 1360): readGMSProperty: already setted!!
D/AndroidRuntime( 1360): readGMSProperty: end
D/AndroidRuntime( 1360): addProductProperty: start
W/2GIS    ( 1157): <W> 2016.05.17 10:40:05 {1157} unknown:0(unknown)$ Can't find surface 1
I/SurfaceFlinger(  245): id=3814 Removed TurfaceView (9/19)
I/SurfaceFlinger(  245): id=3814 Removed TurfaceView (-2/19)
D/dalvikvm( 1360): Trying to load lib libjavacore.so 0x0
D/dalvikvm( 1360): Added shared lib libjavacore.so 0x0
D/dalvikvm( 1360): Trying to load lib libnativehelper.so 0x0
D/dalvikvm( 1360): Added shared lib libnativehelper.so 0x0
D/dalvikvm( 1360): No JNI_OnLoad found in libnativehelper.so 0x0, skipping init
E/memtrack( 1360): Couldn't load memtrack module (No such file or directory)
E/android.os.Debug( 1360): failed to load memtrack module: -2
D/dalvikvm( 1360): Note: class Landroid/app/ActivityManagerNative; has 193 unimplemented (abstract) methods
D/AndroidRuntime( 1360): Calling main entry com.android.commands.am.Am
V/ApplicationPolicy(  741): isApplicationStateBlocked userId 0 pkgname ru.dublgis.dgismobile
I/SurfaceFlinger(  245): id=3810 Removed EimLayer (5/18)
I/SurfaceFlinger(  245): id=3810 Removed EimLayer (-2/18)
I/SurfaceFlinger(  245): id=3809 Removed EimLayer (4/17)
I/SurfaceFlinger(  245): id=3809 Removed EimLayer (-2/17)
I/ActivityManager(  741): Killing 1157:ru.dublgis.dgismobile/u0a289 (adj 0): stop ru.dublgis.dgismobile
W/ActivityManager(  741): Force removing ActivityRecord{422ad160 u0 ru.dublgis.dgismobile/.GrymMobileActivity t466}: app died, no saved state
D/PointerIcon(  741): setMouseIconStyle1 pointerType: 1001iconType:101 flag:0
D/PointerIcon(  741): setMouseCustomIcon IconType is same.101
D/CustomFrequencyManagerService(  741): acquireDVFSLockLocked : type : DVFS_MIN_LIMIT  frequency : 1190400  uid : 1000  pid : 741  pkgName : ACTIVITY_RESUME_BOOSTER@6
W/ActivityManager(  741): mDVFSHelper.acquire()
D/AndroidRuntime( 1360): Shutting down VM
D/SurfaceWidgetView( 6005): destroyHardwareResources():1109302976
D/PowerManagerService(  741): setKeyboardVisibility: false
D/dalvikvm( 1360): GC_CONCURRENT freed 95K, 13% free 672K/772K, paused 3ms+0ms, total 5ms
D/Launcher( 6005): onRestart, Launcher: 1109715656
D/Launcher( 6005): onStart, Launcher: 1109715656
D/Launcher.HomeView( 6005): onStart
D/Launcher( 6005): onResume, Launcher: 1109715656
D/PhoneStatusBar( 1033): setSemiTransparentMode=false, mTransparentMode=false, mSemiTransparentMode=false, mMultiWindowMode=false
D/PhoneStatusBar( 1033): checkBarMode(0)
D/Launcher.HomeView( 6005): onResume
D/SurfaceWidgetConnection( 6005): .SurfaceWidgetWeather#1 is being resumed by launcher
D/SurfaceWidgetClient$ISurfaceWidgetStub( 6145): [237392/5] Surface widget resume on instance = 1
D/accuweather( 6145): [Accuweather J]>>> SWW:175 [0:0] [SWW] onResume : rI = 1
D/accuweather( 6145): [Accuweather J]>>> SWW:180 [0:0] [SWW] onResume : Orientation = 1/1
D/accuweather( 6145): [Accuweather J]>>> WR:456 [0:0] =============== updateTime = 1
D/accuweather( 6145): [Accuweather J]>>> SWW:194 [0:0] [SWW] onResume : size = 1
D/PhoneStatusBar( 1033): setTransGradationMode=false, mTransparentMode=false, mSemiTransparentMode=false, mMultiWindowMode=false
D/PhoneStatusBar( 1033): checkBarMode(0)
D/StatusBarManagerService(  741): semi p:6005,o:f
D/StatusBarManagerService(  741): tr p:6005,o:f
D/SensorManager(31022): unregisterListener ::   
D/accuweather( 6145): [Accuweather J]>>> DBH:1945 [0:0] gADWI : count = 0
D/MenuAppsGridFragment( 6005): onResume
E/Sensors (  741): Magneitc enable: mEnabled 1, handle 2, en 0
D/SurfaceWidgetClient$ISurfaceWidgetStub( 6145): [237392/5] Surface widget visibility changed visibility = true on instance = 1
D/SurfaceWidget.Renderer( 6145): [237392/5] SurfaceWidget drawing first frame
D/accuweather( 6145): [Accuweather J]>>> WR:623 [0:0] onGLDraw : BG texture = 5
D/accuweather( 6145): [Accuweather J]>>> WCD:420 [0:0]  onFirstUpdate :: fU = false
D/accuweather( 6145): [Accuweather J]>>> SWW:309 [0:0] hideMsg : mResumeInstnceList[0] = 1
D/accuweather( 6145): [Accuweather J]>>> WR:800 [0:0] hideMsg : -1, isShow = false
D/accuweather( 6145): [Accuweather J]>>> WR:806 [0:0] hideMsg : 0
D/accuweather( 6145): [Accuweather J]>>> WCD:510 [0:0]  onResume : fU = false, cnt =0
D/accuweather( 6145): [Accuweather J]>>> WCD:520 [0:0]  onResume :: mFAR = false, cC = false, isa = false
D/Mms/UIEventReceiver(31552): ui event
D/accuweather( 6145): [Accuweather J]>>> SWW:601 [0:0]  registerTTReceiver ! 
D/SensorManager(31022): unregisterListener ::   
D/accuweather( 6145): [Accuweather J]>>> WR:497 [0:0] onResume : 1, widgetMode : 1, orientation : 1
D/comsamsunglog( 6145): [Accuweather J]>>> ==============================================================================================
D/comsamsunglog( 6145): [Accuweather J]>>> widgetappapheroaccuweather [Version : 14052301] [ 1 ] 
D/comsamsunglog( 6145): [Accuweather J]>>> Header set to : ===> "accuweather" <===
D/comsamsunglog( 6145): [Accuweather J]>>> ==============================================================================================
D/accuweather( 6145): [Accuweather J]>>> SM:1116 [0:0] updateCurrentCityTime : [1]0/1
D/accuweather( 6145): [Accuweather J]>>> SM:1133 [0:0] updateCurrentCityTime , ConditionLayerWidth = 702, mConditionLayerHeight = 432
D/LocationManagerService(  741): Location listener died
I/LocationManagerService(  741): remove 4435d600 by ru.dublgis.dgismobile
D/LocationManagerService(  741): Location listener died
I/SurfaceFlinger(  245): id=3815 Removed TurfaceView (6/16)
D/LocationManagerService(  741): provider request: gps ProviderRequest[ON interval=+1s0ms]
I/LocationManagerService(  741): remove 44d407c8 by ru.dublgis.dgismobile
I/SurfaceFlinger(  245): id=3815 Removed TurfaceView (-2/16)
D/accuweather( 6145): [Accuweather J]>>> SM:2030 [0:0] drw 1nd Tm dt = вт, 17 мая
D/LocationManagerService(  741): provider request: gps ProviderRequest[OFF]
D/accuweather( 6145): [Accuweather J]>>> SM:3388 [0:0] onR : isAni = false
D/accuweather( 6145): [Accuweather J]>>> SWW:540 [0:0] =================== , resume :1
I/WindowState(  741): WIN DEATH: Window{43595590 u0 ru.dublgis.dgismobile/ru.dublgis.dgismobile.GrymMobileActivity}
W/WindowManager(  741): Force-removing child win Window{445b0ce0 u0 SurfaceView} from container Window{43595590 u0 ru.dublgis.dgismobile/ru.dublgis.dgismobile.GrymMobileActivity}
D/accuweather( 6145): [Accuweather J]>>> SM:2064 [0:0] makeTimeText[1] time :вт, 17 мая 10:39 , new :вт, 17 мая 10:40 
D/accuweather( 6145): [Accuweather J]>>> SM:2175 [0:0] uCCV : msg = -1, oT = true
I/SurfaceFlinger(  245): id=3813 Removed HrymMobileA (7/15)
I/SurfaceFlinger(  245): id=3813 Removed HrymMobileA (-2/15)
W/WindowManager(  741): Failed looking up window
W/WindowManager(  741): java.lang.IllegalArgumentException: Requested window android.os.BinderProxy@43e6a108 does not exist
W/WindowManager(  741): 	at com.android.server.wm.WindowManagerService.windowForClientLocked(WindowManagerService.java:10547)
W/WindowManager(  741): 	at com.android.server.wm.WindowManagerService.windowForClientLocked(WindowManagerService.java:10538)
W/WindowManager(  741): 	at com.android.server.wm.WindowState$DeathRecipient.binderDied(WindowState.java:1605)
W/WindowManager(  741): 	at android.os.BinderProxy.sendDeathNotice(Binder.java:493)
W/WindowManager(  741): 	at dalvik.system.NativeStart.run(Native Method)
I/WindowState(  741): WIN DEATH: null
D/accuweather( 6145): [Accuweather J]>>> SM:2138 [0:0] uCCV : time = `0:40
I/SurfaceFlinger(  245): id=3816 createSurf (720x1280),1 flag=4, Mauncher
I/SpenGestureManager(  741): setFocusWindow21005
D/STATUSBAR-StatusBarManagerService(  741): manageDisableList what=0x0 pkg=WindowManager.LayoutParams
D/PointerIcon(  741): setMouseIconStyle1 pointerType: 1001iconType:101 flag:0
D/PointerIcon(  741): setMouseCustomIcon IconType is same.101
D/GpsLocationProvider(  741): setRequest ProviderRequest[ON interval=+1s0ms]
E/LocSvc_eng(  741): I/===> int loc_eng_set_position_mode(loc_eng_data_s_type&, LocPosMode&) line 2151 
E/        (  741): D/qca1530: detected=false
E/        (  741): D/cat /sys/devices/soc0/hw_platform: MTP
E/        (  741): D/cat /sys/devices/soc0/soc_id: 221
E/        (  741): W/open failed: /dev/mdm: No such file or directory
E/        (  741): D/HAL: loc_get_target returned -1
E/LocSvc_utils_cfg(  741): W/loc_read_sec_gps_conf: no secgps conf file, using defaults
E/LocSvc_ApiV02(  741): D/virtual loc_api_adapter_err LocApiV02::setPositionMode(const LocPosMode&):603]: fix is in progress restarting the fix with new criteria
E/LocSvc_ApiV02(  741): D/virtual loc_api_adapter_err LocApiV02::startFix(const LocPosMode&):347]: SIM card absent. force set position_mode to standalone
E/LocSvc_api_v02(  741): I/---> locClientSendReq line 2332 QMI_LOC_SET_OPERATION_MODE_REQ_V02
D/GpsLocationProvider(  741): setRequest ProviderRequest[OFF]
E/LocSvc_ApiV02(  741): I/<--- void globalRespCb(locClientHandleType, uint32_t, locClientRespIndUnionType, void*) line 123 QMI_LOC_SET_OPERATION_MODE_REQ_V02
E/LocSvc_ApiV02(  741): W/virtual loc_api_adapter_err LocApiV02::startFix(const LocPosMode&):434]:start_mode = Standalone, acc will set as eQMI_LOC_ACCURACY_HIGH_V02
E/LocSvc_api_v02(  741): I/---> locClientSendReq line 2332 QMI_LOC_START_REQ_V02
D/GpsLocationProvider(  741): stopNavigating
E/LocSvc_eng(  741): I/===> int loc_eng_stop(loc_eng_data_s_type&) line 2059 
E/LocSvc_ApiV02(  741): D/ virtual loc_api_adapter_err LocApiV02::stopFix():562]: stop called 
E/LocSvc_api_v02(  741): I/---> locClientSendReq line 2332 QMI_LOC_STOP_REQ_V02
V/GpsLocationProvider(  741): reportStatus status: 2
D/PhoneStatusBar( 1033): setTransGradationMode=false, mTransparentMode=false, mSemiTransparentMode=false, mMultiWindowMode=false
D/PhoneStatusBar( 1033): checkBarMode(0)
E/LocSvc_eng(  741): D/gps_set_battery_flag, connect=0
E/LocSvc_eng(  741): W/gps_set_battery_flag() : file open error
E/LocSvc_ApiV02(  741): I/<--- void globalEventCb(locClientHandleType, uint32_t, locClientEventIndUnionType, void*) line 98 QMI_LOC_EVENT_POSITION_REPORT_IND_V02
E/LocSvc_ApiV02(  741): D/Reporting postion from V2 Adapter
E/LocSvc_ApiV02(  741): D/void LocApiV02::reportPosition(const qmiLocEventPositionReportIndMsgT_v02*):2186]: Ignoring position report with sess status = 2, fix id = 1
D/GpsLocationProvider(  741): send an intent to notify GPS has been enabled or disabled mNavigating = false
D/StatusBarManagerService(  741): tr p:6005,o:f
W/InputMethodManagerService(  741): Got RemoteException sending setActive(false) notification to pid 1157 uid 10289
D/NotificationService(  741): cancelNotificationLocked
D/NotificationService(  741):  hasClearableItems
D/NotificationService(  741): Num of hasClearableItems : 4
D/dalvikvm( 6145): GC_FOR_ALLOC freed 1607K, 54% free 8182K/17668K, paused 22ms, total 22ms
W/ContextImpl(  741): Calling a method in the system process without a qualified user: android.app.ContextImpl.sendBroadcast:1510 com.android.server.InputMethodManagerService$4.run:2772 java.lang.Thread.run:841 <bottom of call stack> <bottom of call stack> 
D/STATUSBAR-StatusBarManagerService(  741): sendNotification(3) - 252119
D/LightsService(  741): [api] [SvcLED] turnOff:: id = 4 (uid: 1000 pid: 741) 
D/LightsService(  741): [SvcLED] setSvcLedStateLocked:: SvcLEDState : 0x0 -> 0x0 | SvcLED(id=4) set Off
D/LightsService(  741): [SvcLED] Lux failed to be updated in 700ms. -> handleForcedSvcLEDTasK
D/LightsService(  741): [SvcLED]  setSvcLedLightLocked :: Current SvcLED(id=4) maintains its priority right
D/STATUSBAR-IconMerger( 1033): checkOverflow(240), More:true, Req:true Child:10
E/LocSvc_ApiV02(  741): I/<--- void globalEventCb(locClientHandleType, uint32_t, locClientEventIndUnionType, void*) line 98 QMI_LOC_EVENT_ENGINE_STATE_IND_V02
V/GpsLocationProvider(  741): reportStatus status: 2
V/GpsLocationProvider(  741): reportStatus status: 4
D/PhoneStatusBar( 1033): checkBarMode(2)
D/STATUSBAR-StatusBarManagerService(  741): manageDisableList what=0x0 pkg=WindowManager.LayoutParams
D/SignalClusterView_dual( 1033): wifi: VISIBLE sig=2130838158 act=2130838115
D/SignalClusterView_dual( 1033): mMobileDataState=0 mMobileDataState2=0
D/SignalClusterView_dual( 1033): apply() mSeparateMobileGroup=8
D/STATUSBAR-NetworkController_dual( 1033): refreshSignalCluster - setNWBoosterIndicators(false)
D/SignalClusterView_dual( 1033): wifi: VISIBLE sig=2130838158 act=2130838112
D/SignalClusterView_dual( 1033): mMobileDataState=0 mMobileDataState2=0
D/SignalClusterView_dual( 1033): apply() mSeparateMobileGroup=8
D/SignalClusterView_dual( 1033): wifi: VISIBLE sig=2130838158 act=2130838112
D/SignalClusterView_dual( 1033): mMobileDataState=0 mMobileDataState2=0
D/SignalClusterView_dual( 1033): apply() mSeparateMobileGroup=8
D/SignalClusterView_dual( 1033): wifi: VISIBLE sig=2130838158 act=2130838112
D/SignalClusterView_dual( 1033): mMobileDataState=0 mMobileDataState2=0
D/SignalClusterView_dual( 1033): apply() mSeparateMobileGroup=8
D/SignalClusterView_dual( 1033): wifi: VISIBLE sig=2130838158 act=2130838112
D/SignalClusterView_dual( 1033): mMobileDataState=0 mMobileDataState2=0
D/SignalClusterView_dual( 1033): apply() mSeparateMobileGroup=8
D/StatusBar.NetworkController_dual( 1033): mMobileLabelViews start
D/StatusBar.NetworkController_dual( 1033): mMobileLabelViews set mobileLabel[SIM_0] =Только экстренные вызовы.
D/StatusBar.NetworkController_dual( 1033): mMobileLabelViews GONE
D/StatusBar.NetworkController_dual( 1033): mMobileLabelViews2 set mobileLabel[SIM_1] =Нет сети
D/StatusBar.NetworkController_dual( 1033): mMobileLabelViews2 GONE
D/StatusBar.NetworkController_dual( 1033): mSingleMobileLabelViews set : simMode = 0
D/StatusBar.NetworkController_dual( 1033): mSingleMobileLabelViews set as slot1`s
D/STATUSBAR-IconMerger( 1033): checkOverflow(240), More:true, Req:true Child:10
D/CustomFrequencyManagerService(  741): releaseDVFSLockLocked : Getting Lock type frm List : DVFS_MIN_LIMIT  frequency : 1190400  uid : 1000  pid : 741  tag : ACTIVITY_RESUME_BOOSTER@6
W/ActivityManager(  741): mDVFSHelper.release()
D/CustomFrequencyManagerService(  741): acquireDVFSLockLocked : type : DVFS_MIN_LIMIT  frequency : 1190400  uid : 1000  pid : 741  pkgName : ACTIVITY_RESUME_BOOSTER@10
D/AndroidRuntime( 1401): 
D/AndroidRuntime( 1401): >>>>>> AndroidRuntime START com.android.internal.os.RuntimeInit <<<<<<
D/AndroidRuntime( 1401): CheckJNI is OFF
D/AndroidRuntime( 1401): setted country_code = Russia
D/AndroidRuntime( 1401): setted countryiso_code = RU
D/AndroidRuntime( 1401): setted sales_code = SER
D/AndroidRuntime( 1401): readGMSProperty: start
D/AndroidRuntime( 1401): readGMSProperty: already setted!!
D/AndroidRuntime( 1401): readGMSProperty: end
D/AndroidRuntime( 1401): addProductProperty: start
E/Watchdog(  741): !@Sync 24139
D/dalvikvm( 1401): Trying to load lib libjavacore.so 0x0
E/SMD     (  239): DCD ON
D/dalvikvm( 1401): Added shared lib libjavacore.so 0x0
D/dalvikvm( 1401): Trying to load lib libnativehelper.so 0x0
D/dalvikvm( 1401): Added shared lib libnativehelper.so 0x0
D/dalvikvm( 1401): No JNI_OnLoad found in libnativehelper.so 0x0, skipping init
E/memtrack( 1401): Couldn't load memtrack module (No such file or directory)
E/android.os.Debug( 1401): failed to load memtrack module: -2
D/dalvikvm( 1401): Note: class Landroid/app/ActivityManagerNative; has 193 unimplemented (abstract) methods
D/AndroidRuntime( 1401): Calling main entry com.android.commands.am.Am
V/ApplicationPolicy(  741): isApplicationStateBlocked userId 0 pkgname ru.dublgis.dgismobile
I/SurfaceFlinger(  245): id=3817 createSurf (16x16),-1 flag=20004, EimLayer
I/SurfaceFlinger(  245): id=3818 createSurf (16x16),-1 flag=20004, EimLayer
D/Launcher.HomeView( 6005): onPause
D/CustomFrequencyManagerService(  741): acquireDVFSLockLocked : type : DVFS_MIN_LIMIT  frequency : 1190400  uid : 1000  pid : 741  pkgName : ACTIVITY_RESUME_BOOSTER@6
W/ActivityManager(  741): mDVFSHelper.acquire()
D/PhoneStatusBar( 1033): setTransGradationMode=false, mTransparentMode=false, mSemiTransparentMode=false, mMultiWindowMode=false
D/PhoneStatusBar( 1033): checkBarMode(2)
D/AndroidRuntime( 1401): Shutting down VM
D/Launcher.Workspace( 6005): exitWidgetResizeMode State: NORMAL, newDragStarted: false
D/PhoneStatusBar( 1033): setTransGradationMode=false, mTransparentMode=false, mSemiTransparentMode=false, mMultiWindowMode=false
D/PhoneStatusBar( 1033): checkBarMode(2)
D/dalvikvm( 1401): GC_CONCURRENT freed 97K, 13% free 719K/820K, paused 0ms+0ms, total 2ms
D/StatusBarManagerService(  741): tr p:741,o:f
D/StatusBarManagerService(  741): tr p:6005,o:f
I/SELinux ( 1415): Function: selinux_android_load_priority , priority [3] , priority version is VE=GOOGLE_POLICY
I/SurfaceFlinger(  245): id=3819 createSurf (1x1),1 flag=404, egismobile
D/dalvikvm( 1415): Late-enabling CheckJNI
D/PointerIcon(  741): setMouseIconStyle1 pointerType: 1001iconType:101 flag:0
D/PointerIcon(  741): setMouseCustomIcon IconType is same.101
V/WindowOrientationListener(  741): ScreenOrientationEventListenerImpl.getProposedRotationLocked, Rotation: -1
V/WindowOrientationListener(  741): ScreenOrientationEventListenerImpl.getProposedRotationLocked, Rotation: -1
D/Launcher.HomeView( 6005): onStop
D/SurfaceWidgetConnection( 6005): .SurfaceWidgetWeather#1 is being paused by launcher
D/SurfaceWidgetClient$ISurfaceWidgetStub( 6145): [237392/5] Surface widget pause on instance = 1
D/accuweather( 6145): [Accuweather J]>>> SWW:208 [0:0] [SWW] onPause : rI = 1
D/accuweather( 6145): [Accuweather J]>>> SWW:218 [0:0] [SWW] onPause : size = 0
D/accuweather( 6145): [Accuweather J]>>> SWW:626 [0:0]  unRegisterTTReceiver !! 
D/SurfaceWidgetClient$ISurfaceWidgetStub( 6145): [237392/5] Surface widget visibility changed visibility = false on instance = 1
V/WindowManager(  741): rotationForOrientationLw(orient=-1, last=0); user=0  sensorRotation=-1 mLidState=-1 mDockMode=0 mHdmiPlugged=false mAccelerometerDefault=false gripRotationLock=false
D/PowerManagerService(  741): setKeyboardVisibility: false
D/PhoneStatusBar( 1033): checkBarMode(0)
D/SurfaceWidgetView( 6005): destroyHardwareResources():1109302976
D/STATUSBAR-StatusBarManagerService(  741): manageDisableList what=0x0 pkg=WindowManager.LayoutParams
D/accuweather( 6145): [Accuweather J]>>> WCD:1428 [0:0] cARH()
D/accuweather( 6145): [Accuweather J]>>> WCD:546 [0:0]  onPause 
D/accuweather( 6145): [Accuweather J]>>> WR:475 [0:0] onPause : 1
D/accuweather( 6145): [Accuweather J]>>> SWW:536 [0:0] =================== , pause :1
D/Launcher( 6005): onTrimMemory. Level: 20
D/SurfaceWidgetView( 6005): destroyHardwareResources():1109302976
I/dalvikvm( 1415): Could not find method android.content.pm.PackageManager.getPackageInstaller, referenced from method com.google.android.gms.common.zze.zzi
W/dalvikvm( 1415): VFY: unable to resolve virtual method 660: Landroid/content/pm/PackageManager;.getPackageInstaller ()Landroid/content/pm/PackageInstaller;
D/dalvikvm( 1415): VFY: replacing opcode 0x6e at 0x000b
I/GMPM    ( 1415): App measurement is starting up, version: 8487
I/GMPM    ( 1415): To enable debug logging run: adb shell setprop log.tag.GMPM VERBOSE
E/GMPM    ( 1415): GoogleService failed to initialize, status: 10, Missing an expected resource: 'R.string.google_app_id' for initializing Google services.  Possible causes are missing google-services.json or com.google.gms.google-services gradle plugin.
E/GMPM    ( 1415): Scheduler not set. Not logging error/warn.
E/GMPM    ( 1415): Uploading is not possible. App measurement disabled
D/Grym/LogFile( 1415): Setting up error handler...
I/Grym/LogFile( 1415): LogFile constructed for: ru.dublgis.dgismobile.txt
E/cutils  (  225): Failed to mkdirat(/storage/extSdCard/Android): Read-only file system
W/ContextImpl( 1415): Failed to ensure directory: /storage/extSdCard/Android/data/ru.dublgis.dgismobile/files
I/Grym/LogFile( 1415): doLogRotate
W/Vold    (  225): Returning OperationFailed - no handler for errno 30
I/dalvikvm( 1415): Could not find method android.webkit.CookieManager.removeAllCookies, referenced from method com.vk.sdk.VKSdk.logout
W/dalvikvm( 1415): VFY: unable to resolve virtual method 15706: Landroid/webkit/CookieManager;.removeAllCookies (Landroid/webkit/ValueCallback;)V
D/dalvikvm( 1415): VFY: replacing opcode 0x6e at 0x0024
W/ResourceType( 1415): No package identifier when getting value for resource number 0x00000000
D/Grym/ParseComFields( 1415): ParseAnalytics initialized without exceptions.
D/2GIS    ( 1415): [Performance] ParseApplicationStart 179 ms
D/dalvikvm( 1415): DexOpt: couldn't find static field Landroid/os/Build;.SUPPORTED_ABIS
W/dalvikvm( 1415): VFY: unable to resolve static field 149 (SUPPORTED_ABIS) in Landroid/os/Build;
D/dalvikvm( 1415): VFY: replacing opcode 0x62 at 0x000a
I/dalvikvm( 1415): Could not find method android.view.Window.setStatusBarColor, referenced from method ru.dublgis.dgismobile.GrymMobileActivity.onAttachedToWindow
W/dalvikvm( 1415): VFY: unable to resolve virtual method 15420: Landroid/view/Window;.setStatusBarColor (I)V
D/dalvikvm( 1415): VFY: replacing opcode 0x6e at 0x001c
D/dalvikvm( 1415): DexOpt: couldn't find static field Landroid/os/Build;.SUPPORTED_ABIS
I/dalvikvm( 1415): DexOpt: unable to optimize static field ref 0x0095 at 0x10 in Lru/dublgis/dgismobile/GrymMobileActivity;.checkCPUABI
D/dalvikvm( 1415): DexOpt: couldn't find static field Landroid/os/Build;.SUPPORTED_ABIS
I/dalvikvm( 1415): DexOpt: unable to optimize static field ref 0x0095 at 0x27 in Lru/dublgis/dgismobile/GrymMobileActivity;.checkCPUABI
D/dalvikvm( 1415): DexOpt: couldn't find static field Landroid/os/Build;.SUPPORTED_ABIS
I/dalvikvm( 1415): DexOpt: unable to optimize static field ref 0x0095 at 0x48 in Lru/dublgis/dgismobile/GrymMobileActivity;.checkCPUABI
I/SurfaceFlinger(  245): id=3816 Removed Mauncher (7/18)
I/SurfaceFlinger(  245): id=3816 Removed Mauncher (-2/18)
D/2GIS    ( 1415): [Performance] ApplicationTime::ToCreateActivityInstance 308 ms
I/Grym/GrymMobileApplication( 1415): ru.dublgis.dgismobile.GrymMobileApplication.onActivityCreated:41; activity = ru.dublgis.dgismobile.GrymMobileActivity@42313a48
D/PhoneStatusBar( 1033): setTransGradationMode=false, mTransparentMode=false, mSemiTransparentMode=false, mMultiWindowMode=false
D/PhoneStatusBar( 1033): checkBarMode(0)
D/StatusBarManagerService(  741): tr p:1415,o:f
D/dalvikvm( 1415): Trying to load lib /data/data/ru.dublgis.dgismobile/lib/libgnustl_shared.so 0x421dbc40
D/dalvikvm( 1415): Added shared lib /data/data/ru.dublgis.dgismobile/lib/libgnustl_shared.so 0x421dbc40
D/dalvikvm( 1415): No JNI_OnLoad found in /data/data/ru.dublgis.dgismobile/lib/libgnustl_shared.so 0x421dbc40, skipping init
D/dalvikvm( 1415): Trying to load lib /data/data/ru.dublgis.dgismobile/lib/libQt5Core.so 0x421dbc40
D/dalvikvm( 1415): Added shared lib /data/data/ru.dublgis.dgismobile/lib/libQt5Core.so 0x421dbc40
D/dalvikvm( 1415): Trying to load lib /data/data/ru.dublgis.dgismobile/lib/libQt5Xml.so 0x421dbc40
D/dalvikvm( 1415): Added shared lib /data/data/ru.dublgis.dgismobile/lib/libQt5Xml.so 0x421dbc40
D/dalvikvm( 1415): No JNI_OnLoad found in /data/data/ru.dublgis.dgismobile/lib/libQt5Xml.so 0x421dbc40, skipping init
D/dalvikvm( 1415): Trying to load lib /data/data/ru.dublgis.dgismobile/lib/libQt5Sensors.so 0x421dbc40
D/dalvikvm( 1415): Added shared lib /data/data/ru.dublgis.dgismobile/lib/libQt5Sensors.so 0x421dbc40
D/dalvikvm( 1415): No JNI_OnLoad found in /data/data/ru.dublgis.dgismobile/lib/libQt5Sensors.so 0x421dbc40, skipping init
D/dalvikvm( 1415): Trying to load lib /data/data/ru.dublgis.dgismobile/lib/libQt5Positioning.so 0x421dbc40
D/dalvikvm( 1415): Added shared lib /data/data/ru.dublgis.dgismobile/lib/libQt5Positioning.so 0x421dbc40
D/dalvikvm( 1415): No JNI_OnLoad found in /data/data/ru.dublgis.dgismobile/lib/libQt5Positioning.so 0x421dbc40, skipping init
D/dalvikvm( 1415): Trying to load lib /data/data/ru.dublgis.dgismobile/lib/libQt5Test.so 0x421dbc40
D/dalvikvm( 1415): Added shared lib /data/data/ru.dublgis.dgismobile/lib/libQt5Test.so 0x421dbc40
D/dalvikvm( 1415): No JNI_OnLoad found in /data/data/ru.dublgis.dgismobile/lib/libQt5Test.so 0x421dbc40, skipping init
D/dalvikvm( 1415): Trying to load lib /data/data/ru.dublgis.dgismobile/lib/libQt5Gui.so 0x421dbc40
D/dalvikvm( 1415): Added shared lib /data/data/ru.dublgis.dgismobile/lib/libQt5Gui.so 0x421dbc40
D/dalvikvm( 1415): No JNI_OnLoad found in /data/data/ru.dublgis.dgismobile/lib/libQt5Gui.so 0x421dbc40, skipping init
D/dalvikvm( 1415): Trying to load lib /data/data/ru.dublgis.dgismobile/lib/libQt5Widgets.so 0x421dbc40
D/dalvikvm( 1415): Added shared lib /data/data/ru.dublgis.dgismobile/lib/libQt5Widgets.so 0x421dbc40
D/dalvikvm( 1415): No JNI_OnLoad found in /data/data/ru.dublgis.dgismobile/lib/libQt5Widgets.so 0x421dbc40, skipping init
D/dalvikvm( 1415): Trying to load lib /data/data/ru.dublgis.dgismobile/lib/libQt5Network.so 0x421dbc40
D/dalvikvm( 1415): Added shared lib /data/data/ru.dublgis.dgismobile/lib/libQt5Network.so 0x421dbc40
D/dalvikvm( 1415): No JNI_OnLoad found in /data/data/ru.dublgis.dgismobile/lib/libQt5Network.so 0x421dbc40, skipping init
D/dalvikvm( 1415): Trying to load lib /data/data/ru.dublgis.dgismobile/lib/libQt5Qml.so 0x421dbc40
D/dalvikvm( 1415): Added shared lib /data/data/ru.dublgis.dgismobile/lib/libQt5Qml.so 0x421dbc40
D/dalvikvm( 1415): No JNI_OnLoad found in /data/data/ru.dublgis.dgismobile/lib/libQt5Qml.so 0x421dbc40, skipping init
D/dalvikvm( 1415): Trying to load lib /data/data/ru.dublgis.dgismobile/lib/libQt5Quick.so 0x421dbc40
D/dalvikvm( 1415): Added shared lib /data/data/ru.dublgis.dgismobile/lib/libQt5Quick.so 0x421dbc40
D/dalvikvm( 1415): No JNI_OnLoad found in /data/data/ru.dublgis.dgismobile/lib/libQt5Quick.so 0x421dbc40, skipping init
D/dalvikvm( 1415): Trying to load lib /data/data/ru.dublgis.dgismobile/lib/libQt5QuickParticles.so 0x421dbc40
D/dalvikvm( 1415): Added shared lib /data/data/ru.dublgis.dgismobile/lib/libQt5QuickParticles.so 0x421dbc40
D/dalvikvm( 1415): No JNI_OnLoad found in /data/data/ru.dublgis.dgismobile/lib/libQt5QuickParticles.so 0x421dbc40, skipping init
D/dalvikvm( 1415): Trying to load lib /data/data/ru.dublgis.dgismobile/lib/libQt5QuickTest.so 0x421dbc40
D/dalvikvm( 1415): Added shared lib /data/data/ru.dublgis.dgismobile/lib/libQt5QuickTest.so 0x421dbc40
D/dalvikvm( 1415): No JNI_OnLoad found in /data/data/ru.dublgis.dgismobile/lib/libQt5QuickTest.so 0x421dbc40, skipping init
D/dalvikvm( 1415): Trying to load lib /data/data/ru.dublgis.dgismobile/lib/libQt5OpenGL.so 0x421dbc40
D/dalvikvm( 1415): Added shared lib /data/data/ru.dublgis.dgismobile/lib/libQt5OpenGL.so 0x421dbc40
D/dalvikvm( 1415): No JNI_OnLoad found in /data/data/ru.dublgis.dgismobile/lib/libQt5OpenGL.so 0x421dbc40, skipping init
D/dalvikvm( 1415): Trying to load lib /data/data/ru.dublgis.dgismobile/lib/libQt5Svg.so 0x421dbc40
D/dalvikvm( 1415): Added shared lib /data/data/ru.dublgis.dgismobile/lib/libQt5Svg.so 0x421dbc40
D/dalvikvm( 1415): No JNI_OnLoad found in /data/data/ru.dublgis.dgismobile/lib/libQt5Svg.so 0x421dbc40, skipping init
D/dalvikvm( 1415): Trying to load lib /data/data/ru.dublgis.dgismobile/lib/libQt5AndroidExtras.so 0x421dbc40
D/dalvikvm( 1415): Added shared lib /data/data/ru.dublgis.dgismobile/lib/libQt5AndroidExtras.so 0x421dbc40
D/dalvikvm( 1415): No JNI_OnLoad found in /data/data/ru.dublgis.dgismobile/lib/libQt5AndroidExtras.so 0x421dbc40, skipping init
D/dalvikvm( 1415): Trying to load lib /data/data/ru.dublgis.dgismobile/lib/libQt5WebSockets.so 0x421dbc40
D/dalvikvm( 1415): Added shared lib /data/data/ru.dublgis.dgismobile/lib/libQt5WebSockets.so 0x421dbc40
D/dalvikvm( 1415): No JNI_OnLoad found in /data/data/ru.dublgis.dgismobile/lib/libQt5WebSockets.so 0x421dbc40, skipping init
D/dalvikvm( 1415): Trying to load lib /data/data/ru.dublgis.dgismobile/qt-reserved-files/plugins/platforms/android/libqtforandroid.so 0x421dbc40
D/dalvikvm( 1415): Added shared lib /data/data/ru.dublgis.dgismobile/qt-reserved-files/plugins/platforms/android/libqtforandroid.so 0x421dbc40
I/Qt      ( 1415): qt start
D/dalvikvm( 1415): Trying to load lib /data/data/ru.dublgis.dgismobile/lib/libQt5QuickParticles.so 0x421dbc40
D/dalvikvm( 1415): Shared lib '/data/data/ru.dublgis.dgismobile/lib/libQt5QuickParticles.so' already loaded in same CL 0x421dbc40
D/dalvikvm( 1415): Trying to load lib /data/data/ru.dublgis.dgismobile/qt-reserved-files/plugins/sensors/libqtsensors_android.so 0x421dbc40
D/dalvikvm( 1415): Added shared lib /data/data/ru.dublgis.dgismobile/qt-reserved-files/plugins/sensors/libqtsensors_android.so 0x421dbc40
I/Qt      ( 1415): Sensors start
D/dalvikvm( 1415): Trying to load lib /data/data/ru.dublgis.dgismobile/qt-reserved-files/plugins/position/libqtposition_android.so 0x421dbc40
D/dalvikvm( 1415): Added shared lib /data/data/ru.dublgis.dgismobile/qt-reserved-files/plugins/position/libqtposition_android.so 0x421dbc40
I/QtPositioning( 1415): Positioning start
D/dalvikvm( 1415): Trying to load lib /data/data/ru.dublgis.dgismobile/lib/libQt5Xml.so 0x421dbc40
D/dalvikvm( 1415): Shared lib '/data/data/ru.dublgis.dgismobile/lib/libQt5Xml.so' already loaded in same CL 0x421dbc40
D/dalvikvm( 1415): Trying to load lib /data/app-lib/ru.dublgis.dgismobile-1/libv4android.so 0x421dbc40
D/SignalClusterView_dual( 1033): wifi: VISIBLE sig=2130838158 act=2130838112
D/SignalClusterView_dual( 1033): mMobileDataState=0 mMobileDataState2=0
D/SignalClusterView_dual( 1033): apply() mSeparateMobileGroup=8
D/STATUSBAR-NetworkController_dual( 1033): refreshSignalCluster - setNWBoosterIndicators(false)
D/SignalClusterView_dual( 1033): wifi: VISIBLE sig=2130838158 act=2130838115
D/SignalClusterView_dual( 1033): mMobileDataState=0 mMobileDataState2=0
D/SignalClusterView_dual( 1033): apply() mSeparateMobileGroup=8
D/SignalClusterView_dual( 1033): wifi: VISIBLE sig=2130838158 act=2130838115
D/SignalClusterView_dual( 1033): mMobileDataState=0 mMobileDataState2=0
D/SignalClusterView_dual( 1033): apply() mSeparateMobileGroup=8
D/SignalClusterView_dual( 1033): wifi: VISIBLE sig=2130838158 act=2130838115
D/SignalClusterView_dual( 1033): mMobileDataState=0 mMobileDataState2=0
D/SignalClusterView_dual( 1033): apply() mSeparateMobileGroup=8
D/SignalClusterView_dual( 1033): wifi: VISIBLE sig=2130838158 act=2130838115
D/SignalClusterView_dual( 1033): mMobileDataState=0 mMobileDataState2=0
D/SignalClusterView_dual( 1033): apply() mSeparateMobileGroup=8
D/StatusBar.NetworkController_dual( 1033): mMobileLabelViews start
D/StatusBar.NetworkController_dual( 1033): mMobileLabelViews set mobileLabel[SIM_0] =Только экстренные вызовы.
D/StatusBar.NetworkController_dual( 1033): mMobileLabelViews GONE
D/StatusBar.NetworkController_dual( 1033): mMobileLabelViews2 set mobileLabel[SIM_1] =Нет сети
D/StatusBar.NetworkController_dual( 1033): mMobileLabelViews2 GONE
D/StatusBar.NetworkController_dual( 1033): mSingleMobileLabelViews set : simMode = 0
D/StatusBar.NetworkController_dual( 1033): mSingleMobileLabelViews set as slot1`s
D/STATUSBAR-IconMerger( 1033): checkOverflow(240), More:true, Req:true Child:10
D/CustomFrequencyManagerService(  741): releaseDVFSLockLocked : Getting Lock type frm List : DVFS_MIN_LIMIT  frequency : 1190400  uid : 1000  pid : 741  tag : ACTIVITY_RESUME_BOOSTER@10
D/CustomFrequencyManagerService(  741): FrequencyrequestList.getNextMaxCPUCoreRequest, index: 0
D/dalvikvm( 1415): Added shared lib /data/app-lib/ru.dublgis.dgismobile-1/libv4android.so 0x421dbc40
D/dalvikvm( 1415): No JNI_OnLoad found in /data/app-lib/ru.dublgis.dgismobile-1/libv4android.so 0x421dbc40, skipping init
D/Grym/GrymMobile( 1415): Build.CPU_ABI = armeabi-v7a, Build.CPU_ABI2 = armeabi, Primary ABI = armeabi-v7a, API 21+ ABI's list = "", built for = armeabi-v7a
I/Grym/GrymMobile( 1415): [InstanceState] There's no saved instance state.
I/dalvikvm( 1415): Could not find method android.app.Notification$Builder.setColor, referenced from method ru.dublgis.dgismobile.KeepaliveService.createForegroundNotification
W/dalvikvm( 1415): VFY: unable to resolve virtual method 320: Landroid/app/Notification$Builder;.setColor (I)Landroid/app/Notification$Builder;
D/dalvikvm( 1415): VFY: replacing opcode 0x6e at 0x0065
D/Grym/GlDetectorActivity( 1415): EGL GrymGlDetectorActivity.LoadRenderer: "Adreno (TM) 305"
D/2GIS    ( 1415): [Performance] ActivityTimeSinceOnCreate::ToEndOnCreate 242 ms
I/dalvikvm( 1415): Could not find method android.app.Notification$Builder.setColor, referenced from method ru.dublgis.dgismobile.UpdateService.createForegroundNotification
W/dalvikvm( 1415): VFY: unable to resolve virtual method 320: Landroid/app/Notification$Builder;.setColor (I)Landroid/app/Notification$Builder;
D/dalvikvm( 1415): VFY: replacing opcode 0x6e at 0x0062
I/Grym/UpdateService( 1415): Resetting last user update abort time...
I/Grym/GrymMobile( 1415): onStart
I/Grym/GrymMobile( 1415): SocialNetwork create.
I/Grym/GrymMobileApplication( 1415): ru.dublgis.dgismobile.GrymMobileApplication.onActivityStarted:91; activity = ru.dublgis.dgismobile.GrymMobileActivity@42313a48
I/dalvikvm( 1415): Could not find method android.app.Notification$Builder.setLocalOnly, referenced from method com.google.android.gms.common.GooglePlayServicesUtil.zza
W/dalvikvm( 1415): VFY: unable to resolve virtual method 334: Landroid/app/Notification$Builder;.setLocalOnly (Z)Landroid/app/Notification$Builder;
D/dalvikvm( 1415): VFY: replacing opcode 0x6e at 0x00c8
D/Grym/GrymGCM( 1415): checkPlayServices: success.
D/Grym/GrymGCM( 1415): registerForGcm: already registered.
I/Grym/GrymMobile( 1415): onResume
I/Grym/GrymMobileApplication( 1415): ru.dublgis.dgismobile.GrymMobileApplication.onActivityResumed:71; activity = ru.dublgis.dgismobile.GrymMobileActivity@42313a48
D/PhoneStatusBar( 1033): setSemiTransparentMode=false, mTransparentMode=false, mSemiTransparentMode=false, mMultiWindowMode=false
D/PhoneStatusBar( 1033): checkBarMode(0)
D/Grym/GrymMobile( 1415): [processIntent]
D/Grym/GrymMobile( 1415): [processIntent] processIntent: Intent { flg=0x10000000 cmp=ru.dublgis.dgismobile/.GrymMobileActivity }
D/Grym/GrymMobile( 1415): [processIntent] A new intent, continuing...
I/Grym/SocialNetworkTwitter( 1415): Crashlytics disabled
D/StatusBarManagerService(  741): semi p:1415,o:f
I/System.out( 1415): Thread-9504(HTTPLog):isShipBuild true
I/System.out( 1415): Thread-9504(HTTPLog):SmartBonding Enabling is false, SHIP_BUILD is true, log to file is false, DBG is false
I/SurfaceFlinger(  245): id=3820 createSurf (1x1),1 flag=404, HrymMobileA
I/SpenGestureManager(  741): setFocusWindow21010
D/PointerIcon(  741): setMouseIconStyle1 pointerType: 1001iconType:101 flag:0
D/PointerIcon(  741): setMouseCustomIcon IconType is same.101
I/Adreno-EGL( 1415): <qeglDrvAPI_eglInitialize:410>: EGL 1.4 QUALCOMM build:  ()
I/Adreno-EGL( 1415): OpenGL ES Shader Compiler Version: E031.24.00.08
I/Adreno-EGL( 1415): Build Date: 07/15/14 Tue
I/Adreno-EGL( 1415): Local Branch: AU200-20140715-all-patches-au200-839308
I/Adreno-EGL( 1415): Remote Branch: 
I/Adreno-EGL( 1415): Local Patches: 
I/Adreno-EGL( 1415): Reconstruct Branch: 
D/OpenGLRenderer( 1415): Enabling debug mode 0
D/2GIS    ( 1415): [Performance] StartSocialNetwork 102 ms
D/2GIS    ( 1415): [Performance] ActivityTimeSinceOnCreate::MainStarted 352 ms
D/        ( 1415): ../../../../../src/v4android/Src/main.cpp:246 (int main(int, char**)): 2GIS main() start
D/        ( 1415): ../../../../../src/qmlsdk/Projects/QtAppCoreUtil/src/PerformanceLog.cpp:13 (void {anonymous}::doLog(const QString&)): "[Performance] StaticLibLifetime::BeforeMain: 176 ms"
E/cutils  (  225): Failed to mkdirat(/storage/extSdCard/Android): Read-only file system
W/ContextImpl( 1415): Failed to ensure directory: /storage/extSdCard/Android/data/ru.dublgis.dgismobile/files
D/2GIS    ( 1415): ../../../../../src/qmlsdk/Projects/QtAppCoreUtil/src/SystemFileUtils.cpp:201 (const QString& SystemFileUtils::androidExternalFilesDirectory()): Base storage directory: "/storage/emulated/0/Android/data/ru.dublgis.dgismobile/files"
I/2GIS    ( 1415): ../../../../../src/qmlsdk/Projects/QtAppCoreUtil/src/SystemFileUtils.cpp:81 (bool SystemFileUtils::isDirectoryWritable(const QString&)): Checking directory writablility: "/storage/emulated/0/Android/data/ru.dublgis.dgismobile/files/logs"
W/ContextImpl(  741): Calling a method in the system process without a qualified user: android.app.ContextImpl.sendBroadcast:1510 com.android.server.InputMethodManagerService$4.run:2772 java.lang.Thread.run:841 <bottom of call stack> <bottom of call stack> 
W/Vold    (  225): Returning OperationFailed - no handler for errno 30
I/2GIS    ( 1415): ../../../../../src/qmlsdk/Projects/QtAppCoreUtil/src/SystemFileUtils.cpp:137 (bool SystemFileUtils::isDirectoryWritable(const QString&)): ....The directory is writable.
D/2GIS    ( 1415): <D> 2016.05.17 10:40:07 {1467} src/v4android/Src/CrashlyticsLogSink.cpp:68(CrashlyticsLogSink::install)$ Crashlytics disabled in this build, not installing the log sink.
D/2GIS    ( 1415): <I> 2016.05.17 10:40:07 {1467} UniLog: src/v4android/Src/main.cpp:320(unknown)$ Starting shell 4.0.22 beta unsigned-release 20160516-1819 ff4ce5d saytgalin@t900 on device: Android 4.4.4; samsung GT-I9300I; abi:armeabi-v7a,armeabi; target:ARMv7; apk:161000128 Qt: 5.6.0 libs: 5.6.0
D/2GIS    ( 1415): <I> 2016.05.17 10:40:07 {1467} UniLog: src/v4androidcommon/Src/UpdateServiceUtil.cpp:58(unknown)$ Want to stop update service.
D/CustomFrequencyManagerService(  741): releaseDVFSLockLocked : Getting Lock type frm List : DVFS_MIN_LIMIT  frequency : 1190400  uid : 1000  pid : 741  tag : ACTIVITY_RESUME_BOOSTER@6
W/ActivityManager(  741): mDVFSHelper.release()
D/CustomFrequencyManagerService(  741): acquireDVFSLockLocked : type : DVFS_MIN_LIMIT  frequency : 1190400  uid : 1000  pid : 741  pkgName : ACTIVITY_RESUME_BOOSTER@10
D/2GIS    ( 1415): <D> 2016.05.17 10:40:07 {1467} src/qt-dgisplatformextensions/qtandroidextensions/QtAndroidHelpers/QAndroidDisplayMetrics.cpp:176(QAndroidDisplayMetrics::QAndroidDisplayMetrics)$ QAndroidDisplayMetrics: density = 2 / densityDpi = 320 / scaledDensity = 2 / xdpi = 304.799 / ydpi = 306.716 / realisticDpi = 305.758 / widthPixels = 720 / heightPixels = 1280 / Theme = 6 "xhdpi" / densityFromDpi = 2 / scaledDensityFromDpi = 2
D/2GIS    ( 1415): <D> 2016.05.17 10:40:07 {1467} src/qt-dgisplatformextensions/qtandroidextensions/QtAndroidHelpers/QAndroidScreenOrientation.cpp:109(QAndroidScreenOrientation::getCurrentFixedOrientation)$ QAndroidScreenOrientation: default=portrait, rotation=0 => portrait
V/WindowOrientationListener(  741): ScreenOrientationEventListenerImpl.getProposedRotationLocked, Rotation: -1
V/WindowOrientationListener(  741): ScreenOrientationEventListenerImpl.getProposedRotationLocked, Rotation: -1
V/WindowManager(  741): rotationForOrientationLw(orient=1, last=0); user=0  sensorRotation=-1 mLidState=-1 mDockMode=0 mHdmiPlugged=false mAccelerometerDefault=false gripRotationLock=false
D/2GIS    ( 1415): <D> 2016.05.17 10:40:07 {1467} src/qt-dgisplatformextensions/qtandroidextensions/QtAndroidHelpers/QAndroidDisplayMetrics.cpp:176(QAndroidDisplayMetrics::QAndroidDisplayMetrics)$ QAndroidDisplayMetrics: density = 2 / densityDpi = 320 / scaledDensity = 2 / xdpi = 304.799 / ydpi = 306.716 / realisticDpi = 305.758 / widthPixels = 720 / heightPixels = 1280 / Theme = 6 "xhdpi" / densityFromDpi = 2 / scaledDensityFromDpi = 2
